PHPUnit 10.5.63 by Sebastian Bergmann and contributors.

Runtime:       PHP 8.3.3
Configuration: D:\phpEnv\www\88.huwutong.com\phpunit.xml

....................................FFFF.....................   61 / 2157 (  2%)
.....E..............F........................................  122 / 2157 (  5%)
.............................................................  183 / 2157 (  8%)
.............................................................  244 / 2157 ( 11%)
.............................................................  305 / 2157 ( 14%)
.............................................................  366 / 2157 ( 16%)
.............................................................  427 / 2157 ( 19%)
.............................................................  488 / 2157 ( 22%)
.............................................................  549 / 2157 ( 25%)
.............................................................  610 / 2157 ( 28%)
.............................................................  671 / 2157 ( 31%)
.............................................................  732 / 2157 ( 33%)
..........................................................EEE  793 / 2157 ( 36%)
EEEEEE....EE.EEEEEEE.E.......................................  854 / 2157 ( 39%)
.............................................................  915 / 2157 ( 42%)
...............E..........E..................................  976 / 2157 ( 45%)
...................F......................................... 1037 / 2157 ( 48%)
...............................................F...........EE 1098 / 2157 ( 50%)
.E.F......................................................... 1159 / 2157 ( 53%)
............................................................. 1220 / 2157 ( 56%)
..................................EFF........................ 1281 / 2157 ( 59%)
............................................................. 1342 / 2157 ( 62%)
............................................................. 1403 / 2157 ( 65%)
............................................................. 1464 / 2157 ( 67%)
...................................EEEEEE.E.EE............... 1525 / 2157 ( 70%)
.......................................................E.E... 1586 / 2157 ( 73%)
........................F.........................FFFFFFFFFFF 1647 / 2157 ( 76%)
FFFFFFFFF.FFFFF.FF.FFFFFFFFFFFF.FFFFFFFF........FFF.FFFFFF.FF 1708 / 2157 ( 79%)
FFF.FFFFFFFFFF.FFF.FFFFFF.......FFFFFFFFFFFFFFFFFFF.FFFF.F... 1769 / 2157 ( 82%)
........FFFFFFEFFFFF.........FFFFFFF.FFFFFFF.FF..FFFFFFFFFF.F 1830 / 2157 ( 84%)
FFFFFFF.FFF.FFFFFFFFF.FFFFFFFFFFF
Fatal error: Allowed memory size of 536870912 bytes exhausted (tried to allocate 524288 bytes) in D:\phpEnv\www\88.huwutong.com\routes\api.php on line 2935
php.exe : PHP Fatal error:  Allowed memory size of 536870912 bytes exhausted (t
ried to allocate 524288 bytes) in D:\phpEnv\www\88.huwutong.com\routes\api.php 
on line 2935
所在位置 行:1 字符: 42
+ ... \phpEnv\www\88.huwutong.com ; php.exe vendor/bin/phpunit 2>&1 | Out-F ...
+                                   ~~~~~~~~~~~~~~~~~~~~~~~~~~~~~~~
    + CategoryInfo          : NotSpecified: (PHP Fatal error...hp on line 2935 
   :String) [], RemoteException
    + FullyQualifiedErrorId : NativeCommandError
 

In api.php line 2935:
                                                                               
  Allowed memory size of 536870912 bytes exhausted (tried to allocate 524288   
  bytes)                                                                       
                                                                               


In api.php line 2935:
                                                                               
  Allowed memory size of 536870912 bytes exhausted (tried to allocate 524288   
  bytes)                                                                       
                                                                               


In api.php line 2935:
                                                                               
  Allowed memory size of 536870912 bytes exhausted (tried to allocate 524288   
  bytes)                                                                       
                                                                               


In api.php line 2935:
                                                                               
  Allowed memory size of 536870912 bytes exhausted (tried to allocate 524288   
  bytes)                                                                       
                                                                               


In api.php line 2935:
                                                                               
  Allowed memory size of 536870912 bytes exhausted (tried to allocate 524288   
  bytes)                                                                       
                                                                               


In api.php line 2935:
                                                                               
  Allowed memory size of 536870912 bytes exhausted (tried to allocate 524288   
  bytes)                                                                       
                                                                               


In api.php line 2935:
                                                                               
  Allowed memory size of 536870912 bytes exhausted (tried to allocate 524288   
  bytes)                                                                       
                                                                               


In api.php line 2935:
                                                                               
  Allowed memory size of 536870912 bytes exhausted (tried to allocate 524288   
  bytes)                                                                       
                                                                               


In api.php line 2935:
                                                                               
  Allowed memory size of 536870912 bytes exhausted (tried to allocate 524288   
  bytes)                                                                       
                                                                               


In api.php line 2935:
                                                                               
  Allowed memory size of 536870912 bytes exhausted (tried to allocate 524288   
  bytes)                                                                       
                                                                               


In api.php line 2935:
                                                                               
  Allowed memory size of 536870912 bytes exhausted (tried to allocate 524288   
  bytes)                                                                       
                                                                               


In api.php line 2935:
                                                                               
  Allowed memory size of 536870912 bytes exhausted (tried to allocate 524288   
  bytes)                                                                       
                                                                               


In api.php line 2935:
                                                                               
  Allowed memory size of 536870912 bytes exhausted (tried to allocate 524288   
  bytes)                                                                       
                                                                               


In api.php line 2935:
                                                                               
  Allowed memory size of 536870912 bytes exhausted (tried to allocate 524288   
  bytes)                                                                       
                                                                               


In api.php line 2935:
                                                                               
  Allowed memory size of 536870912 bytes exhausted (tried to allocate 524288   
  bytes)                                                                       
                                                                               


In api.php line 2935:
                                                                               
  Allowed memory size of 536870912 bytes exhausted (tried to allocate 524288   
  bytes)                                                                       
                                                                               


In api.php line 2935:
                                                                               
  Allowed memory size of 536870912 bytes exhausted (tried to allocate 524288   
  bytes)                                                                       
                                                                               


In api.php line 2935:
                                                                               
  Allowed memory size of 536870912 bytes exhausted (tried to allocate 524288   
  bytes)                                                                       
                                                                               


In api.php line 2935:
                                                                               
  Allowed memory size of 536870912 bytes exhausted (tried to allocate 524288   
  bytes)                                                                       
                                                                               


In api.php line 2935:
                                                                               
  Allowed memory size of 536870912 bytes exhausted (tried to allocate 524288   
  bytes)                                                                       
                                                                               


In api.php line 2935:
                                                                               
  Allowed memory size of 536870912 bytes exhausted (tried to allocate 524288   
  bytes)                                                                       
                                                                               


In api.php line 2935:
                                                                               
  Allowed memory size of 536870912 bytes exhausted (tried to allocate 524288   
  bytes)                                                                       
                                                                               


In api.php line 2935:
                                                                               
  Allowed memory size of 536870912 bytes exhausted (tried to allocate 524288   
  bytes)                                                                       
                                                                               


In api.php line 2935:
                                                                               
  Allowed memory size of 536870912 bytes exhausted (tried to allocate 524288   
  bytes)                                                                       
                                                                               


In api.php line 2935:
                                                                               
  Allowed memory size of 536870912 bytes exhausted (tried to allocate 524288   
  bytes)                                                                       
                                                                               


In api.php line 2935:
                                                                               
  Allowed memory size of 536870912 bytes exhausted (tried to allocate 524288   
  bytes)                                                                       
                                                                               


In api.php line 2935:
                                                                               
  Allowed memory size of 536870912 bytes exhausted (tried to allocate 524288   
  bytes)                                                                       
                                                                               


In api.php line 2935:
                                                                               
  Allowed memory size of 536870912 bytes exhausted (tried to allocate 524288   
  bytes)                                                                       
                                                                               


In api.php line 2935:
                                                                               
  Allowed memory size of 536870912 bytes exhausted (tried to allocate 524288   
  bytes)                                                                       
                                                                               


In api.php line 2935:
                                                                               
  Allowed memory size of 536870912 bytes exhausted (tried to allocate 524288   
  bytes)                                                                       
                                                                               


In api.php line 2935:
                                                                               
  Allowed memory size of 536870912 bytes exhausted (tried to allocate 524288   
  bytes)                                                                       
                                                                               


In api.php line 2935:
                                                                               
  Allowed memory size of 536870912 bytes exhausted (tried to allocate 524288   
  bytes)                                                                       
                                                                               


In api.php line 2935:
                                                                               
  Allowed memory size of 536870912 bytes exhausted (tried to allocate 524288   
  bytes)                                                                       
                                                                               


In api.php line 2935:
                                                                               
  Allowed memory size of 536870912 bytes exhausted (tried to allocate 524288   
  bytes)                                                                       
                                                                               


In api.php line 2935:
                                                                               
  Allowed memory size of 536870912 bytes exhausted (tried to allocate 524288   
  bytes)                                                                       
                                                                               


In api.php line 2935:
                                                                               
  Allowed memory size of 536870912 bytes exhausted (tried to allocate 524288   
  bytes)                                                                       
                                                                               


In api.php line 2935:
                                                                               
  Allowed memory size of 536870912 bytes exhausted (tried to allocate 524288   
  bytes)                                                                       
                                                                               


In api.php line 2935:
                                                                               
  Allowed memory size of 536870912 bytes exhausted (tried to allocate 524288   
  bytes)                                                                       
                                                                               


In api.php line 2935:
                                                                               
  Allowed memory size of 536870912 bytes exhausted (tried to allocate 524288   
  bytes)                                                                       
                                                                               


In api.php line 2935:
                                                                               
  Allowed memory size of 536870912 bytes exhausted (tried to allocate 524288   
  bytes)                                                                       
                                                                               


In api.php line 2935:
                                                                               
  Allowed memory size of 536870912 bytes exhausted (tried to allocate 524288   
  bytes)                                                                       
                                                                               


In api.php line 2935:
                                                                               
  Allowed memory size of 536870912 bytes exhausted (tried to allocate 524288   
  bytes)                                                                       
                                                                               


In api.php line 2935:
                                                                               
  Allowed memory size of 536870912 bytes exhausted (tried to allocate 524288   
  bytes)                                                                       
                                                                               


In api.php line 2935:
                                                                               
  Allowed memory size of 536870912 bytes exhausted (tried to allocate 524288   
  bytes)                                                                       
                                                                               


In api.php line 2935:
                                                                               
  Allowed memory size of 536870912 bytes exhausted (tried to allocate 524288   
  bytes)                                                                       
                                                                               


In api.php line 2935:
                                                                               
  Allowed memory size of 536870912 bytes exhausted (tried to allocate 524288   
  bytes)                                                                       
                                                                               


In api.php line 2935:
                                                                               
  Allowed memory size of 536870912 bytes exhausted (tried to allocate 524288   
  bytes)                                                                       
                                                                               


In api.php line 2935:
                                                                               
  Allowed memory size of 536870912 bytes exhausted (tried to allocate 524288   
  bytes)                                                                       
                                                                               


In api.php line 2935:
                                                                               
  Allowed memory size of 536870912 bytes exhausted (tried to allocate 524288   
  bytes)                                                                       
                                                                               


In api.php line 2935:
                                                                               
  Allowed memory size of 536870912 bytes exhausted (tried to allocate 524288   
  bytes)                                                                       
                                                                               


In api.php line 2935:
                                                                               
  Allowed memory size of 536870912 bytes exhausted (tried to allocate 524288   
  bytes)                                                                       
                                                                               


In api.php line 2935:
                                                                               
  Allowed memory size of 536870912 bytes exhausted (tried to allocate 524288   
  bytes)                                                                       
                                                                               


In api.php line 2935:
                                                                               
  Allowed memory size of 536870912 bytes exhausted (tried to allocate 524288   
  bytes)                                                                       
                                                                               


In api.php line 2935:
                                                                               
  Allowed memory size of 536870912 bytes exhausted (tried to allocate 524288   
  bytes)                                                                       
                                                                               


In api.php line 2935:
                                                                               
  Allowed memory size of 536870912 bytes exhausted (tried to allocate 524288   
  bytes)                                                                       
                                                                               


In api.php line 2935:
                                                                               
  Allowed memory size of 536870912 bytes exhausted (tried to allocate 524288   
  bytes)                                                                       
                                                                               


In api.php line 2935:
                                                                               
  Allowed memory size of 536870912 bytes exhausted (tried to allocate 524288   
  bytes)                                                                       
                                                                               


In api.php line 2935:
                                                                               
  Allowed memory size of 536870912 bytes exhausted (tried to allocate 524288   
  bytes)                                                                       
                                                                               


In api.php line 2935:
                                                                               
  Allowed memory size of 536870912 bytes exhausted (tried to allocate 524288   
  bytes)                                                                       
                                                                               


In api.php line 2935:
                                                                               
  Allowed memory size of 536870912 bytes exhausted (tried to allocate 524288   
  bytes)                                                                       
                                                                               


In api.php line 2935:
                                                                               
  Allowed memory size of 536870912 bytes exhausted (tried to allocate 524288   
  bytes)                                                                       
                                                                               


In api.php line 2935:
                                                                               
  Allowed memory size of 536870912 bytes exhausted (tried to allocate 524288   
  bytes)                                                                       
                                                                               


In api.php line 2935:
                                                                               
  Allowed memory size of 536870912 bytes exhausted (tried to allocate 524288   
  bytes)                                                                       
                                                                               


In api.php line 2935:
                                                                               
  Allowed memory size of 536870912 bytes exhausted (tried to allocate 524288   
  bytes)                                                                       
                                                                               


In api.php line 2935:
                                                                               
  Allowed memory size of 536870912 bytes exhausted (tried to allocate 524288   
  bytes)                                                                       
                                                                               


In api.php line 2935:
                                                                               
  Allowed memory size of 536870912 bytes exhausted (tried to allocate 524288   
  bytes)                                                                       
                                                                               


In api.php line 2935:
                                                                               
  Allowed memory size of 536870912 bytes exhausted (tried to allocate 524288   
  bytes)                                                                       
                                                                               


In api.php line 2935:
                                                                               
  Allowed memory size of 536870912 bytes exhausted (tried to allocate 524288   
  bytes)                                                                       
                                                                               


In api.php line 2935:
                                                                               
  Allowed memory size of 536870912 bytes exhausted (tried to allocate 524288   
  bytes)                                                                       
                                                                               


In api.php line 2935:
                                                                               
  Allowed memory size of 536870912 bytes exhausted (tried to allocate 524288   
  bytes)                                                                       
                                                                               


In api.php line 2935:
                                                                               
  Allowed memory size of 536870912 bytes exhausted (tried to allocate 524288   
  bytes)                                                                       
                                                                               


In api.php line 2935:
                                                                               
  Allowed memory size of 536870912 bytes exhausted (tried to allocate 524288   
  bytes)                                                                       
                                                                               


In api.php line 2935:
                                                                               
  Allowed memory size of 536870912 bytes exhausted (tried to allocate 524288   
  bytes)                                                                       
                                                                               


In api.php line 2935:
                                                                               
  Allowed memory size of 536870912 bytes exhausted (tried to allocate 524288   
  bytes)                                                                       
                                                                               


In api.php line 2935:
                                                                               
  Allowed memory size of 536870912 bytes exhausted (tried to allocate 524288   
  bytes)                                                                       
                                                                               


In api.php line 2935:
                                                                               
  Allowed memory size of 536870912 bytes exhausted (tried to allocate 524288   
  bytes)                                                                       
                                                                               


In api.php line 2935:
                                                                               
  Allowed memory size of 536870912 bytes exhausted (tried to allocate 524288   
  bytes)                                                                       
                                                                               


In api.php line 2935:
                                                                               
  Allowed memory size of 536870912 bytes exhausted (tried to allocate 524288   
  bytes)                                                                       
                                                                               


In api.php line 2935:
                                                                               
  Allowed memory size of 536870912 bytes exhausted (tried to allocate 524288   
  bytes)                                                                       
                                                                               


In api.php line 2935:
                                                                               
  Allowed memory size of 536870912 bytes exhausted (tried to allocate 524288   
  bytes)                                                                       
                                                                               


In api.php line 2935:
                                                                               
  Allowed memory size of 536870912 bytes exhausted (tried to allocate 524288   
  bytes)                                                                       
                                                                               


In api.php line 2935:
                                                                               
  Allowed memory size of 536870912 bytes exhausted (tried to allocate 524288   
  bytes)                                                                       
                                                                               


In api.php line 2935:
                                                                               
  Allowed memory size of 536870912 bytes exhausted (tried to allocate 524288   
  bytes)                                                                       
                                                                               


In api.php line 2935:
                                                                               
  Allowed memory size of 536870912 bytes exhausted (tried to allocate 524288   
  bytes)                                                                       
                                                                               


In api.php line 2935:
                                                                               
  Allowed memory size of 536870912 bytes exhausted (tried to allocate 524288   
  bytes)                                                                       
                                                                               


In api.php line 2935:
                                                                               
  Allowed memory size of 536870912 bytes exhausted (tried to allocate 524288   
  bytes)                                                                       
                                                                               


In api.php line 2935:
                                                                               
  Allowed memory size of 536870912 bytes exhausted (tried to allocate 524288   
  bytes)                                                                       
                                                                               


In api.php line 2935:
                                                                               
  Allowed memory size of 536870912 bytes exhausted (tried to allocate 524288   
  bytes)                                                                       
                                                                               


In api.php line 2935:
                                                                               
  Allowed memory size of 536870912 bytes exhausted (tried to allocate 524288   
  bytes)                                                                       
                                                                               


In api.php line 2935:
                                                                               
  Allowed memory size of 536870912 bytes exhausted (tried to allocate 524288   
  bytes)                                                                       
                                                                               


In api.php line 2935:
                                                                               
  Allowed memory size of 536870912 bytes exhausted (tried to allocate 524288   
  bytes)                                                                       
                                                                               


In api.php line 2935:
                                                                               
  Allowed memory size of 536870912 bytes exhausted (tried to allocate 524288   
  bytes)                                                                       
                                                                               


In api.php line 2935:
                                                                               
  Allowed memory size of 536870912 bytes exhausted (tried to allocate 524288   
  bytes)                                                                       
                                                                               


In api.php line 2935:
                                                                               
  Allowed memory size of 536870912 bytes exhausted (tried to allocate 524288   
  bytes)                                                                       
                                                                               


In api.php line 2935:
                                                                               
  Allowed memory size of 536870912 bytes exhausted (tried to allocate 524288   
  bytes)                                                                       
                                                                               


In api.php line 2935:
                                                                               
  Allowed memory size of 536870912 bytes exhausted (tried to allocate 524288   
  bytes)                                                                       
                                                                               


In api.php line 2935:
                                                                               
  Allowed memory size of 536870912 bytes exhausted (tried to allocate 524288   
  bytes)                                                                       
                                                                               


In api.php line 2935:
                                                                               
  Allowed memory size of 536870912 bytes exhausted (tried to allocate 524288   
  bytes)                                                                       
                                                                               


In api.php line 2935:
                                                                               
  Allowed memory size of 536870912 bytes exhausted (tried to allocate 524288   
  bytes)                                                                       
                                                                               


In api.php line 2935:
                                                                               
  Allowed memory size of 536870912 bytes exhausted (tried to allocate 524288   
  bytes)                                                                       
                                                                               


In api.php line 2935:
                                                                               
  Allowed memory size of 536870912 bytes exhausted (tried to allocate 524288   
  bytes)                                                                       
                                                                               


In api.php line 2935:
                                                                               
  Allowed memory size of 536870912 bytes exhausted (tried to allocate 524288   
  bytes)                                                                       
                                                                               


In api.php line 2935:
                                                                               
  Allowed memory size of 536870912 bytes exhausted (tried to allocate 524288   
  bytes)                                                                       
                                                                               


In api.php line 2935:
                                                                               
  Allowed memory size of 536870912 bytes exhausted (tried to allocate 524288   
  bytes)                                                                       
                                                                               


In api.php line 2935:
                                                                               
  Allowed memory size of 536870912 bytes exhausted (tried to allocate 524288   
  bytes)                                                                       
                                                                               


In api.php line 2935:
                                                                               
  Allowed memory size of 536870912 bytes exhausted (tried to allocate 524288   
  bytes)                                                                       
                                                                               


In api.php line 2935:
                                                                               
  Allowed memory size of 536870912 bytes exhausted (tried to allocate 524288   
  bytes)                                                                       
                                                                               


In api.php line 2935:
                                                                               
  Allowed memory size of 536870912 bytes exhausted (tried to allocate 524288   
  bytes)                                                                       
                                                                               


In api.php line 2935:
                                                                               
  Allowed memory size of 536870912 bytes exhausted (tried to allocate 524288   
  bytes)                                                                       
                                                                               


In api.php line 2935:
                                                                               
  Allowed memory size of 536870912 bytes exhausted (tried to allocate 524288   
  bytes)                                                                       
                                                                               


In api.php line 2935:
                                                                               
  Allowed memory size of 536870912 bytes exhausted (tried to allocate 524288   
  bytes)                                                                       
                                                                               


In api.php line 2935:
                                                                               
  Allowed memory size of 536870912 bytes exhausted (tried to allocate 524288   
  bytes)                                                                       
                                                                               


In api.php line 2935:
                                                                               
  Allowed memory size of 536870912 bytes exhausted (tried to allocate 524288   
  bytes)                                                                       
                                                                               


In api.php line 2935:
                                                                               
  Allowed memory size of 536870912 bytes exhausted (tried to allocate 524288   
  bytes)                                                                       
                                                                               


In api.php line 2935:
                                                                               
  Allowed memory size of 536870912 bytes exhausted (tried to allocate 524288   
  bytes)                                                                       
                                                                               


In api.php line 2935:
                                                                               
  Allowed memory size of 536870912 bytes exhausted (tried to allocate 524288   
  bytes)                                                                       
                                                                               


In api.php line 2935:
                                                                               
  Allowed memory size of 536870912 bytes exhausted (tried to allocate 524288   
  bytes)                                                                       
                                                                               


In api.php line 2935:
                                                                               
  Allowed memory size of 536870912 bytes exhausted (tried to allocate 524288   
  bytes)                                                                       
                                                                               


In api.php line 2935:
                                                                               
  Allowed memory size of 536870912 bytes exhausted (tried to allocate 524288   
  bytes)                                                                       
                                                                               


In api.php line 2935:
                                                                               
  Allowed memory size of 536870912 bytes exhausted (tried to allocate 524288   
  bytes)                                                                       
                                                                               


In api.php line 2935:
                                                                               
  Allowed memory size of 536870912 bytes exhausted (tried to allocate 524288   
  bytes)                                                                       
                                                                               


In api.php line 2935:
                                                                               
  Allowed memory size of 536870912 bytes exhausted (tried to allocate 524288   
  bytes)                                                                       
                                                                               


In api.php line 2935:
                                                                               
  Allowed memory size of 536870912 bytes exhausted (tried to allocate 524288   
  bytes)                                                                       
                                                                               


In api.php line 2935:
                                                                               
  Allowed memory size of 536870912 bytes exhausted (tried to allocate 524288   
  bytes)                                                                       
                                                                               


In api.php line 2935:
                                                                               
  Allowed memory size of 536870912 bytes exhausted (tried to allocate 524288   
  bytes)                                                                       
                                                                               


In api.php line 2935:
                                                                               
  Allowed memory size of 536870912 bytes exhausted (tried to allocate 524288   
  bytes)                                                                       
                                                                               


In api.php line 2935:
                                                                               
  Allowed memory size of 536870912 bytes exhausted (tried to allocate 524288   
  bytes)                                                                       
                                                                               


In api.php line 2935:
                                                                               
  Allowed memory size of 536870912 bytes exhausted (tried to allocate 524288   
  bytes)                                                                       
                                                                               


In api.php line 2935:
                                                                               
  Allowed memory size of 536870912 bytes exhausted (tried to allocate 524288   
  bytes)                                                                       
                                                                               


In api.php line 2935:
                                                                               
  Allowed memory size of 536870912 bytes exhausted (tried to allocate 524288   
  bytes)                                                                       
                                                                               


In api.php line 2935:
                                                                               
  Allowed memory size of 536870912 bytes exhausted (tried to allocate 524288   
  bytes)                                                                       
                                                                               


In api.php line 2935:
                                                                               
  Allowed memory size of 536870912 bytes exhausted (tried to allocate 524288   
  bytes)                                                                       
                                                                               


In api.php line 2935:
                                                                               
  Allowed memory size of 536870912 bytes exhausted (tried to allocate 524288   
  bytes)                                                                       
                                                                               


In api.php line 2935:
                                                                               
  Allowed memory size of 536870912 bytes exhausted (tried to allocate 524288   
  bytes)                                                                       
                                                                               


In api.php line 2935:
                                                                               
  Allowed memory size of 536870912 bytes exhausted (tried to allocate 524288   
  bytes)                                                                       
                                                                               


In api.php line 2935:
                                                                               
  Allowed memory size of 536870912 bytes exhausted (tried to allocate 524288   
  bytes)                                                                       
                                                                               


In api.php line 2935:
                                                                               
  Allowed memory size of 536870912 bytes exhausted (tried to allocate 524288   
  bytes)                                                                       
                                                                               


In api.php line 2935:
                                                                               
  Allowed memory size of 536870912 bytes exhausted (tried to allocate 524288   
  bytes)                                                                       
                                                                               


In api.php line 2935:
                                                                               
  Allowed memory size of 536870912 bytes exhausted (tried to allocate 524288   
  bytes)                                                                       
                                                                               


In api.php line 2935:
                                                                               
  Allowed memory size of 536870912 bytes exhausted (tried to allocate 524288   
  bytes)                                                                       
                                                                               


In api.php line 2935:
                                                                               
  Allowed memory size of 536870912 bytes exhausted (tried to allocate 524288   
  bytes)                                                                       
                                                                               


In api.php line 2935:
                                                                               
  Allowed memory size of 536870912 bytes exhausted (tried to allocate 524288   
  bytes)                                                                       
                                                                               


In api.php line 2935:
                                                                               
  Allowed memory size of 536870912 bytes exhausted (tried to allocate 524288   
  bytes)                                                                       
                                                                               


In api.php line 2935:
                                                                               
  Allowed memory size of 536870912 bytes exhausted (tried to allocate 524288   
  bytes)                                                                       
                                                                               


In api.php line 2935:
                                                                               
  Allowed memory size of 536870912 bytes exhausted (tried to allocate 524288   
  bytes)                                                                       
                                                                               


In api.php line 2935:
                                                                               
  Allowed memory size of 536870912 bytes exhausted (tried to allocate 524288   
  bytes)                                                                       
                                                                               


In api.php line 2935:
                                                                               
  Allowed memory size of 536870912 bytes exhausted (tried to allocate 524288   
  bytes)                                                                       
                                                                               


In api.php line 2935:
                                                                               
  Allowed memory size of 536870912 bytes exhausted (tried to allocate 524288   
  bytes)                                                                       
                                                                               


In api.php line 2935:
                                                                               
  Allowed memory size of 536870912 bytes exhausted (tried to allocate 524288   
  bytes)                                                                       
                                                                               


In api.php line 2935:
                                                                               
  Allowed memory size of 536870912 bytes exhausted (tried to allocate 524288   
  bytes)                                                                       
                                                                               


In api.php line 2935:
                                                                               
  Allowed memory size of 536870912 bytes exhausted (tried to allocate 524288   
  bytes)                                                                       
                                                                               


In api.php line 2935:
                                                                               
  Allowed memory size of 536870912 bytes exhausted (tried to allocate 524288   
  bytes)                                                                       
                                                                               


In api.php line 2935:
                                                                               
  Allowed memory size of 536870912 bytes exhausted (tried to allocate 524288   
  bytes)                                                                       
                                                                               


In api.php line 2935:
                                                                               
  Allowed memory size of 536870912 bytes exhausted (tried to allocate 524288   
  bytes)                                                                       
                                                                               


In api.php line 2935:
                                                                               
  Allowed memory size of 536870912 bytes exhausted (tried to allocate 524288   
  bytes)                                                                       
                                                                               


In api.php line 2935:
                                                                               
  Allowed memory size of 536870912 bytes exhausted (tried to allocate 524288   
  bytes)                                                                       
                                                                               


In api.php line 2935:
                                                                               
  Allowed memory size of 536870912 bytes exhausted (tried to allocate 524288   
  bytes)                                                                       
                                                                               


In api.php line 2935:
                                                                               
  Allowed memory size of 536870912 bytes exhausted (tried to allocate 524288   
  bytes)                                                                       
                                                                               


In api.php line 2935:
                                                                               
  Allowed memory size of 536870912 bytes exhausted (tried to allocate 524288   
  bytes)                                                                       
                                                                               


In api.php line 2935:
                                                                               
  Allowed memory size of 536870912 bytes exhausted (tried to allocate 524288   
  bytes)                                                                       
                                                                               


In api.php line 2935:
                                                                               
  Allowed memory size of 536870912 bytes exhausted (tried to allocate 524288   
  bytes)                                                                       
                                                                               


In api.php line 2935:
                                                                               
  Allowed memory size of 536870912 bytes exhausted (tried to allocate 524288   
  bytes)                                                                       
                                                                               


In api.php line 2935:
                                                                               
  Allowed memory size of 536870912 bytes exhausted (tried to allocate 524288   
  bytes)                                                                       
                                                                               


In api.php line 2935:
                                                                               
  Allowed memory size of 536870912 bytes exhausted (tried to allocate 524288   
  bytes)                                                                       
                                                                               


In api.php line 2935:
                                                                               
  Allowed memory size of 536870912 bytes exhausted (tried to allocate 524288   
  bytes)                                                                       
                                                                               


In api.php line 2935:
                                                                               
  Allowed memory size of 536870912 bytes exhausted (tried to allocate 524288   
  bytes)                                                                       
                                                                               


In api.php line 2935:
                                                                               
  Allowed memory size of 536870912 bytes exhausted (tried to allocate 524288   
  bytes)                                                                       
                                                                               


In api.php line 2935:
                                                                               
  Allowed memory size of 536870912 bytes exhausted (tried to allocate 524288   
  bytes)                                                                       
                                                                               


In api.php line 2935:
                                                                               
  Allowed memory size of 536870912 bytes exhausted (tried to allocate 524288   
  bytes)                                                                       
                                                                               


In api.php line 2935:
                                                                               
  Allowed memory size of 536870912 bytes exhausted (tried to allocate 524288   
  bytes)                                                                       
                                                                               


In api.php line 2935:
                                                                               
  Allowed memory size of 536870912 bytes exhausted (tried to allocate 524288   
  bytes)                                                                       
                                                                               


In api.php line 2935:
                                                                               
  Allowed memory size of 536870912 bytes exhausted (tried to allocate 524288   
  bytes)                                                                       
                                                                               


In api.php line 2935:
                                                                               
  Allowed memory size of 536870912 bytes exhausted (tried to allocate 524288   
  bytes)                                                                       
                                                                               


In api.php line 2935:
                                                                               
  Allowed memory size of 536870912 bytes exhausted (tried to allocate 524288   
  bytes)                                                                       
                                                                               


In api.php line 2935:
                                                                               
  Allowed memory size of 536870912 bytes exhausted (tried to allocate 524288   
  bytes)                                                                       
                                                                               


In api.php line 2935:
                                                                               
  Allowed memory size of 536870912 bytes exhausted (tried to allocate 524288   
  bytes)                                                                       
                                                                               


In api.php line 2935:
                                                                               
  Allowed memory size of 536870912 bytes exhausted (tried to allocate 524288   
  bytes)                                                                       
                                                                               


In api.php line 2935:
                                                                               
  Allowed memory size of 536870912 bytes exhausted (tried to allocate 524288   
  bytes)                                                                       
                                                                               


In api.php line 2935:
                                                                               
  Allowed memory size of 536870912 bytes exhausted (tried to allocate 524288   
  bytes)                                                                       
                                                                               


In api.php line 2935:
                                                                               
  Allowed memory size of 536870912 bytes exhausted (tried to allocate 524288   
  bytes)                                                                       
                                                                               


In api.php line 2935:
                                                                               
  Allowed memory size of 536870912 bytes exhausted (tried to allocate 524288   
  bytes)                                                                       
                                                                               


In api.php line 2935:
                                                                               
  Allowed memory size of 536870912 bytes exhausted (tried to allocate 524288   
  bytes)                                                                       
                                                                               


In api.php line 2935:
                                                                               
  Allowed memory size of 536870912 bytes exhausted (tried to allocate 524288   
  bytes)                                                                       
                                                                               


In api.php line 2935:
                                                                               
  Allowed memory size of 536870912 bytes exhausted (tried to allocate 524288   
  bytes)                                                                       
                                                                               


In api.php line 2935:
                                                                               
  Allowed memory size of 536870912 bytes exhausted (tried to allocate 524288   
  bytes)                                                                       
                                                                               


In api.php line 2935:
                                                                               
  Allowed memory size of 536870912 bytes exhausted (tried to allocate 524288   
  bytes)                                                                       
                                                                               


In api.php line 2935:
                                                                               
  Allowed memory size of 536870912 bytes exhausted (tried to allocate 524288   
  bytes)                                                                       
                                                                               


In api.php line 2935:
                                                                               
  Allowed memory size of 536870912 bytes exhausted (tried to allocate 524288   
  bytes)                                                                       
                                                                               


In api.php line 2935:
                                                                               
  Allowed memory size of 536870912 bytes exhausted (tried to allocate 524288   
  bytes)                                                                       
                                                                               


In api.php line 2935:
                                                                               
  Allowed memory size of 536870912 bytes exhausted (tried to allocate 524288   
  bytes)                                                                       
                                                                               


In api.php line 2935:
                                                                               
  Allowed memory size of 536870912 bytes exhausted (tried to allocate 524288   
  bytes)                                                                       
                                                                               


In api.php line 2935:
                                                                               
  Allowed memory size of 536870912 bytes exhausted (tried to allocate 524288   
  bytes)                                                                       
                                                                               


In api.php line 2935:
                                                                               
  Allowed memory size of 536870912 bytes exhausted (tried to allocate 524288   
  bytes)                                                                       
                                                                               


In api.php line 2935:
                                                                               
  Allowed memory size of 536870912 bytes exhausted (tried to allocate 524288   
  bytes)                                                                       
                                                                               


In api.php line 2935:
                                                                               
  Allowed memory size of 536870912 bytes exhausted (tried to allocate 524288   
  bytes)                                                                       
                                                                               


In api.php line 2935:
                                                                               
  Allowed memory size of 536870912 bytes exhausted (tried to allocate 524288   
  bytes)                                                                       
                                                                               


In api.php line 2935:
                                                                               
  Allowed memory size of 536870912 bytes exhausted (tried to allocate 524288   
  bytes)                                                                       
                                                                               


In api.php line 2935:
                                                                               
  Allowed memory size of 536870912 bytes exhausted (tried to allocate 524288   
  bytes)                                                                       
                                                                               


In api.php line 2935:
                                                                               
  Allowed memory size of 536870912 bytes exhausted (tried to allocate 524288   
  bytes)                                                                       
                                                                               


In api.php line 2935:
                                                                               
  Allowed memory size of 536870912 bytes exhausted (tried to allocate 524288   
  bytes)                                                                       
                                                                               


In api.php line 2935:
                                                                               
  Allowed memory size of 536870912 bytes exhausted (tried to allocate 524288   
  bytes)                                                                       
                                                                               


In api.php line 2935:
                                                                               
  Allowed memory size of 536870912 bytes exhausted (tried to allocate 524288   
  bytes)                                                                       
                                                                               


In api.php line 2935:
                                                                               
  Allowed memory size of 536870912 bytes exhausted (tried to allocate 524288   
  bytes)                                                                       
                                                                               


In api.php line 2935:
                                                                               
  Allowed memory size of 536870912 bytes exhausted (tried to allocate 524288   
  bytes)                                                                       
                                                                               


In api.php line 2935:
                                                                               
  Allowed memory size of 536870912 bytes exhausted (tried to allocate 524288   
  bytes)                                                                       
                                                                               


In api.php line 2935:
                                                                               
  Allowed memory size of 536870912 bytes exhausted (tried to allocate 524288   
  bytes)                                                                       
                                                                               


In api.php line 2935:
                                                                               
  Allowed memory size of 536870912 bytes exhausted (tried to allocate 524288   
  bytes)                                                                       
                                                                               


In api.php line 2935:
                                                                               
  Allowed memory size of 536870912 bytes exhausted (tried to allocate 524288   
  bytes)                                                                       
                                                                               


In api.php line 2935:
                                                                               
  Allowed memory size of 536870912 bytes exhausted (tried to allocate 524288   
  bytes)                                                                       
                                                                               


In api.php line 2935:
                                                                               
  Allowed memory size of 536870912 bytes exhausted (tried to allocate 524288   
  bytes)                                                                       
                                                                               


In api.php line 2935:
                                                                               
  Allowed memory size of 536870912 bytes exhausted (tried to allocate 524288   
  bytes)                                                                       
                                                                               


In api.php line 2935:
                                                                               
  Allowed memory size of 536870912 bytes exhausted (tried to allocate 524288   
  bytes)                                                                       
                                                                               


In api.php line 2935:
                                                                               
  Allowed memory size of 536870912 bytes exhausted (tried to allocate 524288   
  bytes)                                                                       
                                                                               


In api.php line 2935:
                                                                               
  Allowed memory size of 536870912 bytes exhausted (tried to allocate 524288   
  bytes)                                                                       
                                                                               


In api.php line 2935:
                                                                               
  Allowed memory size of 536870912 bytes exhausted (tried to allocate 524288   
  bytes)                                                                       
                                                                               


In api.php line 2935:
                                                                               
  Allowed memory size of 536870912 bytes exhausted (tried to allocate 524288   
  bytes)                                                                       
                                                                               


In api.php line 2935:
                                                                               
  Allowed memory size of 536870912 bytes exhausted (tried to allocate 524288   
  bytes)                                                                       
                                                                               


In api.php line 2935:
                                                                               
  Allowed memory size of 536870912 bytes exhausted (tried to allocate 524288   
  bytes)                                                                       
                                                                               


In api.php line 2935:
                                                                               
  Allowed memory size of 536870912 bytes exhausted (tried to allocate 524288   
  bytes)                                                                       
                                                                               


In api.php line 2935:
                                                                               
  Allowed memory size of 536870912 bytes exhausted (tried to allocate 524288   
  bytes)                                                                       
                                                                               


In api.php line 2935:
                                                                               
  Allowed memory size of 536870912 bytes exhausted (tried to allocate 524288   
  bytes)                                                                       
                                                                               


In api.php line 2935:
                                                                               
  Allowed memory size of 536870912 bytes exhausted (tried to allocate 524288   
  bytes)                                                                       
                                                                               


In api.php line 2935:
                                                                               
  Allowed memory size of 536870912 bytes exhausted (tried to allocate 524288   
  bytes)                                                                       
                                                                               


In api.php line 2935:
                                                                               
  Allowed memory size of 536870912 bytes exhausted (tried to allocate 524288   
  bytes)                                                                       
                                                                               


In api.php line 2935:
                                                                               
  Allowed memory size of 536870912 bytes exhausted (tried to allocate 524288   
  bytes)                                                                       
                                                                               


In api.php line 2935:
                                                                               
  Allowed memory size of 536870912 bytes exhausted (tried to allocate 524288   
  bytes)                                                                       
                                                                               


In api.php line 2935:
                                                                               
  Allowed memory size of 536870912 bytes exhausted (tried to allocate 524288   
  bytes)                                                                       
                                                                               


In api.php line 2935:
                                                                               
  Allowed memory size of 536870912 bytes exhausted (tried to allocate 524288   
  bytes)                                                                       
                                                                               


In api.php line 2935:
                                                                               
  Allowed memory size of 536870912 bytes exhausted (tried to allocate 524288   
  bytes)                                                                       
                                                                               


In api.php line 2935:
                                                                               
  Allowed memory size of 536870912 bytes exhausted (tried to allocate 524288   
  bytes)                                                                       
                                                                               


In api.php line 2935:
                                                                               
  Allowed memory size of 536870912 bytes exhausted (tried to allocate 524288   
  bytes)                                                                       
                                                                               


In api.php line 2935:
                                                                               
  Allowed memory size of 536870912 bytes exhausted (tried to allocate 524288   
  bytes)                                                                       
                                                                               


In api.php line 2935:
                                                                               
  Allowed memory size of 536870912 bytes exhausted (tried to allocate 524288   
  bytes)                                                                       
                                                                               


In api.php line 2935:
                                                                               
  Allowed memory size of 536870912 bytes exhausted (tried to allocate 524288   
  bytes)                                                                       
                                                                               


In api.php line 2935:
                                                                               
  Allowed memory size of 536870912 bytes exhausted (tried to allocate 524288   
  bytes)                                                                       
                                                                               


In api.php line 2935:
                                                                               
  Allowed memory size of 536870912 bytes exhausted (tried to allocate 524288   
  bytes)                                                                       
                                                                               


In api.php line 2935:
                                                                               
  Allowed memory size of 536870912 bytes exhausted (tried to allocate 524288   
  bytes)                                                                       
                                                                               


In api.php line 2935:
                                                                               
  Allowed memory size of 536870912 bytes exhausted (tried to allocate 524288   
  bytes)                                                                       
                                                                               


In api.php line 2935:
                                                                               
  Allowed memory size of 536870912 bytes exhausted (tried to allocate 524288   
  bytes)                                                                       
                                                                               


In api.php line 2935:
                                                                               
  Allowed memory size of 536870912 bytes exhausted (tried to allocate 524288   
  bytes)                                                                       
                                                                               


In api.php line 2935:
                                                                               
  Allowed memory size of 536870912 bytes exhausted (tried to allocate 524288   
  bytes)                                                                       
                                                                               


In api.php line 2935:
                                                                               
  Allowed memory size of 536870912 bytes exhausted (tried to allocate 524288   
  bytes)                                                                       
                                                                               


In api.php line 2935:
                                                                               
  Allowed memory size of 536870912 bytes exhausted (tried to allocate 524288   
  bytes)                                                                       
                                                                               


In api.php line 2935:
                                                                               
  Allowed memory size of 536870912 bytes exhausted (tried to allocate 524288   
  bytes)                                                                       
                                                                               


In api.php line 2935:
                                                                               
  Allowed memory size of 536870912 bytes exhausted (tried to allocate 524288   
  bytes)                                                                       
                                                                               


In api.php line 2935:
                                                                               
  Allowed memory size of 536870912 bytes exhausted (tried to allocate 524288   
  bytes)                                                                       
                                                                               


In api.php line 2935:
                                                                               
  Allowed memory size of 536870912 bytes exhausted (tried to allocate 524288   
  bytes)                                                                       
                                                                               


In api.php line 2935:
                                                                               
  Allowed memory size of 536870912 bytes exhausted (tried to allocate 524288   
  bytes)                                                                       
                                                                               


In api.php line 2935:
                                                                               
  Allowed memory size of 536870912 bytes exhausted (tried to allocate 524288   
  bytes)                                                                       
                                                                               


In api.php line 2935:
                                                                               
  Allowed memory size of 536870912 bytes exhausted (tried to allocate 524288   
  bytes)                                                                       
                                                                               


In api.php line 2935:
                                                                               
  Allowed memory size of 536870912 bytes exhausted (tried to allocate 524288   
  bytes)                                                                       
                                                                               


In api.php line 2935:
                                                                               
  Allowed memory size of 536870912 bytes exhausted (tried to allocate 524288   
  bytes)                                                                       
                                                                               


In api.php line 2935:
                                                                               
  Allowed memory size of 536870912 bytes exhausted (tried to allocate 524288   
  bytes)                                                                       
                                                                               


In api.php line 2935:
                                                                               
  Allowed memory size of 536870912 bytes exhausted (tried to allocate 524288   
  bytes)                                                                       
                                                                               


In api.php line 2935:
                                                                               
  Allowed memory size of 536870912 bytes exhausted (tried to allocate 524288   
  bytes)                                                                       
                                                                               


In api.php line 2935:
                                                                               
  Allowed memory size of 536870912 bytes exhausted (tried to allocate 524288   
  bytes)                                                                       
                                                                               


In api.php line 2935:
                                                                               
  Allowed memory size of 536870912 bytes exhausted (tried to allocate 524288   
  bytes)                                                                       
                                                                               


In api.php line 2935:
                                                                               
  Allowed memory size of 536870912 bytes exhausted (tried to allocate 524288   
  bytes)                                                                       
                                                                               


In api.php line 2935:
                                                                               
  Allowed memory size of 536870912 bytes exhausted (tried to allocate 524288   
  bytes)                                                                       
                                                                               


In api.php line 2935:
                                                                               
  Allowed memory size of 536870912 bytes exhausted (tried to allocate 524288   
  bytes)                                                                       
                                                                               


In api.php line 2935:
                                                                               
  Allowed memory size of 536870912 bytes exhausted (tried to allocate 524288   
  bytes)                                                                       
                                                                               


In api.php line 2935:
                                                                               
  Allowed memory size of 536870912 bytes exhausted (tried to allocate 524288   
  bytes)                                                                       
                                                                               


In api.php line 2935:
                                                                               
  Allowed memory size of 536870912 bytes exhausted (tried to allocate 524288   
  bytes)                                                                       
                                                                               


In api.php line 2935:
                                                                               
  Allowed memory size of 536870912 bytes exhausted (tried to allocate 524288   
  bytes)                                                                       
                                                                               


In api.php line 2935:
                                                                               
  Allowed memory size of 536870912 bytes exhausted (tried to allocate 524288   
  bytes)                                                                       
                                                                               


In api.php line 2935:
                                                                               
  Allowed memory size of 536870912 bytes exhausted (tried to allocate 524288   
  bytes)                                                                       
                                                                               


In api.php line 2935:
                                                                               
  Allowed memory size of 536870912 bytes exhausted (tried to allocate 524288   
  bytes)                                                                       
                                                                               


In api.php line 2935:
                                                                               
  Allowed memory size of 536870912 bytes exhausted (tried to allocate 524288   
  bytes)                                                                       
                                                                               


In api.php line 2935:
                                                                               
  Allowed memory size of 536870912 bytes exhausted (tried to allocate 524288   
  bytes)                                                                       
                                                                               


In api.php line 2935:
                                                                               
  Allowed memory size of 536870912 bytes exhausted (tried to allocate 524288   
  bytes)                                                                       
                                                                               


In api.php line 2935:
                                                                               
  Allowed memory size of 536870912 bytes exhausted (tried to allocate 524288   
  bytes)                                                                       
                                                                               


In api.php line 2935:
                                                                               
  Allowed memory size of 536870912 bytes exhausted (tried to allocate 524288   
  bytes)                                                                       
                                                                               


In api.php line 2935:
                                                                               
  Allowed memory size of 536870912 bytes exhausted (tried to allocate 524288   
  bytes)                                                                       
                                                                               


In api.php line 2935:
                                                                               
  Allowed memory size of 536870912 bytes exhausted (tried to allocate 524288   
  bytes)                                                                       
                                                                               


In api.php line 2935:
                                                                               
  Allowed memory size of 536870912 bytes exhausted (tried to allocate 524288   
  bytes)                                                                       
                                                                               


In api.php line 2935:
                                                                               
  Allowed memory size of 536870912 bytes exhausted (tried to allocate 524288   
  bytes)                                                                       
                                                                               


In api.php line 2935:
                                                                               
  Allowed memory size of 536870912 bytes exhausted (tried to allocate 524288   
  bytes)                                                                       
                                                                               


In api.php line 2935:
                                                                               
  Allowed memory size of 536870912 bytes exhausted (tried to allocate 524288   
  bytes)                                                                       
                                                                               


In api.php line 2935:
                                                                               
  Allowed memory size of 536870912 bytes exhausted (tried to allocate 524288   
  bytes)                                                                       
                                                                               


In api.php line 2935:
                                                                               
  Allowed memory size of 536870912 bytes exhausted (tried to allocate 524288   
  bytes)                                                                       
                                                                               


In api.php line 2935:
                                                                               
  Allowed memory size of 536870912 bytes exhausted (tried to allocate 524288   
  bytes)                                                                       
                                                                               


In api.php line 2935:
                                                                               
  Allowed memory size of 536870912 bytes exhausted (tried to allocate 524288   
  bytes)                                                                       
                                                                               


In api.php line 2935:
                                                                               
  Allowed memory size of 536870912 bytes exhausted (tried to allocate 524288   
  bytes)                                                                       
                                                                               


In api.php line 2935:
                                                                               
  Allowed memory size of 536870912 bytes exhausted (tried to allocate 524288   
  bytes)                                                                       
                                                                               


In api.php line 2935:
                                                                               
  Allowed memory size of 536870912 bytes exhausted (tried to allocate 524288   
  bytes)                                                                       
                                                                               


In api.php line 2935:
                                                                               
  Allowed memory size of 536870912 bytes exhausted (tried to allocate 524288   
  bytes)                                                                       
                                                                               


In api.php line 2935:
                                                                               
  Allowed memory size of 536870912 bytes exhausted (tried to allocate 524288   
  bytes)                                                                       
                                                                               


In api.php line 2935:
                                                                               
  Allowed memory size of 536870912 bytes exhausted (tried to allocate 524288   
  bytes)                                                                       
                                                                               


In api.php line 2935:
                                                                               
  Allowed memory size of 536870912 bytes exhausted (tried to allocate 524288   
  bytes)                                                                       
                                                                               


In api.php line 2935:
                                                                               
  Allowed memory size of 536870912 bytes exhausted (tried to allocate 524288   
  bytes)                                                                       
                                                                               


In api.php line 2935:
                                                                               
  Allowed memory size of 536870912 bytes exhausted (tried to allocate 524288   
  bytes)                                                                       
                                                                               


In api.php line 2935:
                                                                               
  Allowed memory size of 536870912 bytes exhausted (tried to allocate 524288   
  bytes)                                                                       
                                                                               


In api.php line 2935:
                                                                               
  Allowed memory size of 536870912 bytes exhausted (tried to allocate 524288   
  bytes)                                                                       
                                                                               


In api.php line 2935:
                                                                               
  Allowed memory size of 536870912 bytes exhausted (tried to allocate 524288   
  bytes)                                                                       
                                                                               


In api.php line 2935:
                                                                               
  Allowed memory size of 536870912 bytes exhausted (tried to allocate 524288   
  bytes)                                                                       
                                                                               


In api.php line 2935:
                                                                               
  Allowed memory size of 536870912 bytes exhausted (tried to allocate 524288   
  bytes)                                                                       
                                                                               


In api.php line 2935:
                                                                               
  Allowed memory size of 536870912 bytes exhausted (tried to allocate 524288   
  bytes)                                                                       
                                                                               


In api.php line 2935:
                                                                               
  Allowed memory size of 536870912 bytes exhausted (tried to allocate 524288   
  bytes)                                                                       
                                                                               


In api.php line 2935:
                                                                               
  Allowed memory size of 536870912 bytes exhausted (tried to allocate 524288   
  bytes)                                                                       
                                                                               


In api.php line 2935:
                                                                               
  Allowed memory size of 536870912 bytes exhausted (tried to allocate 524288   
  bytes)                                                                       
                                                                               


In api.php line 2935:
                                                                               
  Allowed memory size of 536870912 bytes exhausted (tried to allocate 524288   
  bytes)                                                                       
                                                                               


In api.php line 2935:
                                                                               
  Allowed memory size of 536870912 bytes exhausted (tried to allocate 524288   
  bytes)                                                                       
                                                                               


In api.php line 2935:
                                                                               
  Allowed memory size of 536870912 bytes exhausted (tried to allocate 524288   
  bytes)                                                                       
                                                                               


In api.php line 2935:
                                                                               
  Allowed memory size of 536870912 bytes exhausted (tried to allocate 524288   
  bytes)                                                                       
                                                                               


In api.php line 2935:
                                                                               
  Allowed memory size of 536870912 bytes exhausted (tried to allocate 524288   
  bytes)                                                                       
                                                                               


In api.php line 2935:
                                                                               
  Allowed memory size of 536870912 bytes exhausted (tried to allocate 524288   
  bytes)                                                                       
                                                                               


In api.php line 2935:
                                                                               
  Allowed memory size of 536870912 bytes exhausted (tried to allocate 524288   
  bytes)                                                                       
                                                                               


In api.php line 2935:
                                                                               
  Allowed memory size of 536870912 bytes exhausted (tried to allocate 524288   
  bytes)                                                                       
                                                                               


In api.php line 2935:
                                                                               
  Allowed memory size of 536870912 bytes exhausted (tried to allocate 524288   
  bytes)                                                                       
                                                                               


In api.php line 2935:
                                                                               
  Allowed memory size of 536870912 bytes exhausted (tried to allocate 524288   
  bytes)                                                                       
                                                                               


In api.php line 2935:
                                                                               
  Allowed memory size of 536870912 bytes exhausted (tried to allocate 524288   
  bytes)                                                                       
                                                                               


In api.php line 2935:
                                                                               
  Allowed memory size of 536870912 bytes exhausted (tried to allocate 524288   
  bytes)                                                                       
                                                                               


In api.php line 2935:
                                                                               
  Allowed memory size of 536870912 bytes exhausted (tried to allocate 524288   
  bytes)                                                                       
                                                                               


In api.php line 2935:
                                                                               
  Allowed memory size of 536870912 bytes exhausted (tried to allocate 524288   
  bytes)                                                                       
                                                                               


In api.php line 2935:
                                                                               
  Allowed memory size of 536870912 bytes exhausted (tried to allocate 524288   
  bytes)                                                                       
                                                                               


In api.php line 2935:
                                                                               
  Allowed memory size of 536870912 bytes exhausted (tried to allocate 524288   
  bytes)                                                                       
                                                                               


In api.php line 2935:
                                                                               
  Allowed memory size of 536870912 bytes exhausted (tried to allocate 524288   
  bytes)                                                                       
                                                                               


In api.php line 2935:
                                                                               
  Allowed memory size of 536870912 bytes exhausted (tried to allocate 524288   
  bytes)                                                                       
                                                                               


In api.php line 2935:
                                                                               
  Allowed memory size of 536870912 bytes exhausted (tried to allocate 524288   
  bytes)                                                                       
                                                                               


In api.php line 2935:
                                                                               
  Allowed memory size of 536870912 bytes exhausted (tried to allocate 524288   
  bytes)                                                                       
                                                                               


In api.php line 2935:
                                                                               
  Allowed memory size of 536870912 bytes exhausted (tried to allocate 524288   
  bytes)                                                                       
                                                                               


In api.php line 2935:
                                                                               
  Allowed memory size of 536870912 bytes exhausted (tried to allocate 524288   
  bytes)                                                                       
                                                                               


In api.php line 2935:
                                                                               
  Allowed memory size of 536870912 bytes exhausted (tried to allocate 524288   
  bytes)                                                                       
                                                                               


In api.php line 2935:
                                                                               
  Allowed memory size of 536870912 bytes exhausted (tried to allocate 524288   
  bytes)                                                                       
                                                                               


In api.php line 2935:
                                                                               
  Allowed memory size of 536870912 bytes exhausted (tried to allocate 524288   
  bytes)                                                                       
                                                                               


In api.php line 2935:
                                                                               
  Allowed memory size of 536870912 bytes exhausted (tried to allocate 524288   
  bytes)                                                                       
                                                                               


In api.php line 2935:
                                                                               
  Allowed memory size of 536870912 bytes exhausted (tried to allocate 524288   
  bytes)                                                                       
                                                                               


In api.php line 2935:
                                                                               
  Allowed memory size of 536870912 bytes exhausted (tried to allocate 524288   
  bytes)                                                                       
                                                                               


In api.php line 2935:
                                                                               
  Allowed memory size of 536870912 bytes exhausted (tried to allocate 524288   
  bytes)                                                                       
                                                                               


In api.php line 2935:
                                                                               
  Allowed memory size of 536870912 bytes exhausted (tried to allocate 524288   
  bytes)                                                                       
                                                                               


In api.php line 2935:
                                                                               
  Allowed memory size of 536870912 bytes exhausted (tried to allocate 524288   
  bytes)                                                                       
                                                                               


In api.php line 2935:
                                                                               
  Allowed memory size of 536870912 bytes exhausted (tried to allocate 524288   
  bytes)                                                                       
                                                                               


In api.php line 2935:
                                                                               
  Allowed memory size of 536870912 bytes exhausted (tried to allocate 524288   
  bytes)                                                                       
                                                                               


In api.php line 2935:
                                                                               
  Allowed memory size of 536870912 bytes exhausted (tried to allocate 524288   
  bytes)                                                                       
                                                                               


In api.php line 2935:
                                                                               
  Allowed memory size of 536870912 bytes exhausted (tried to allocate 524288   
  bytes)                                                                       
                                                                               


In api.php line 2935:
                                                                               
  Allowed memory size of 536870912 bytes exhausted (tried to allocate 524288   
  bytes)                                                                       
                                                                               


In api.php line 2935:
                                                                               
  Allowed memory size of 536870912 bytes exhausted (tried to allocate 524288   
  bytes)                                                                       
                                                                               


In api.php line 2935:
                                                                               
  Allowed memory size of 536870912 bytes exhausted (tried to allocate 524288   
  bytes)                                                                       
                                                                               


In api.php line 2935:
                                                                               
  Allowed memory size of 536870912 bytes exhausted (tried to allocate 524288   
  bytes)                                                                       
                                                                               


In api.php line 2935:
                                                                               
  Allowed memory size of 536870912 bytes exhausted (tried to allocate 524288   
  bytes)                                                                       
                                                                               


In api.php line 2935:
                                                                               
  Allowed memory size of 536870912 bytes exhausted (tried to allocate 524288   
  bytes)                                                                       
                                                                               


In api.php line 2935:
                                                                               
  Allowed memory size of 536870912 bytes exhausted (tried to allocate 524288   
  bytes)                                                                       
                                                                               


In api.php line 2935:
                                                                               
  Allowed memory size of 536870912 bytes exhausted (tried to allocate 524288   
  bytes)                                                                       
                                                                               


In api.php line 2935:
                                                                               
  Allowed memory size of 536870912 bytes exhausted (tried to allocate 524288   
  bytes)                                                                       
                                                                               


In api.php line 2935:
                                                                               
  Allowed memory size of 536870912 bytes exhausted (tried to allocate 524288   
  bytes)                                                                       
                                                                               


In api.php line 2935:
                                                                               
  Allowed memory size of 536870912 bytes exhausted (tried to allocate 524288   
  bytes)                                                                       
                                                                               


In api.php line 2935:
                                                                               
  Allowed memory size of 536870912 bytes exhausted (tried to allocate 524288   
  bytes)                                                                       
                                                                               


In api.php line 2935:
                                                                               
  Allowed memory size of 536870912 bytes exhausted (tried to allocate 524288   
  bytes)                                                                       
                                                                               


In api.php line 2935:
                                                                               
  Allowed memory size of 536870912 bytes exhausted (tried to allocate 524288   
  bytes)                                                                       
                                                                               


In api.php line 2935:
                                                                               
  Allowed memory size of 536870912 bytes exhausted (tried to allocate 524288   
  bytes)                                                                       
                                                                               


In api.php line 2935:
                                                                               
  Allowed memory size of 536870912 bytes exhausted (tried to allocate 524288   
  bytes)                                                                       
                                                                               


In api.php line 2935:
                                                                               
  Allowed memory size of 536870912 bytes exhausted (tried to allocate 524288   
  bytes)                                                                       
                                                                               


In api.php line 2935:
                                                                               
  Allowed memory size of 536870912 bytes exhausted (tried to allocate 524288   
  bytes)                                                                       
                                                                               


In api.php line 2935:
                                                                               
  Allowed memory size of 536870912 bytes exhausted (tried to allocate 524288   
  bytes)                                                                       
                                                                               


In api.php line 2935:
                                                                               
  Allowed memory size of 536870912 bytes exhausted (tried to allocate 524288   
  bytes)                                                                       
                                                                               


In api.php line 2935:
                                                                               
  Allowed memory size of 536870912 bytes exhausted (tried to allocate 524288   
  bytes)                                                                       
                                                                               


In api.php line 2935:
                                                                               
  Allowed memory size of 536870912 bytes exhausted (tried to allocate 524288   
  bytes)                                                                       
                                                                               


In api.php line 2935:
                                                                               
  Allowed memory size of 536870912 bytes exhausted (tried to allocate 524288   
  bytes)                                                                       
                                                                               


In api.php line 2935:
                                                                               
  Allowed memory size of 536870912 bytes exhausted (tried to allocate 524288   
  bytes)                                                                       
                                                                               


In api.php line 2935:
                                                                               
  Allowed memory size of 536870912 bytes exhausted (tried to allocate 524288   
  bytes)                                                                       
                                                                               


In api.php line 2935:
                                                                               
  Allowed memory size of 536870912 bytes exhausted (tried to allocate 524288   
  bytes)                                                                       
                                                                               


In api.php line 2935:
                                                                               
  Allowed memory size of 536870912 bytes exhausted (tried to allocate 524288   
  bytes)                                                                       
                                                                               


In api.php line 2935:
                                                                               
  Allowed memory size of 536870912 bytes exhausted (tried to allocate 524288   
  bytes)                                                                       
                                                                               


In api.php line 2935:
                                                                               
  Allowed memory size of 536870912 bytes exhausted (tried to allocate 524288   
  bytes)                                                                       
                                                                               


In api.php line 2935:
                                                                               
  Allowed memory size of 536870912 bytes exhausted (tried to allocate 524288   
  bytes)                                                                       
                                                                               


In api.php line 2935:
                                                                               
  Allowed memory size of 536870912 bytes exhausted (tried to allocate 524288   
  bytes)                                                                       
                                                                               


In api.php line 2935:
                                                                               
  Allowed memory size of 536870912 bytes exhausted (tried to allocate 524288   
  bytes)                                                                       
                                                                               


In api.php line 2935:
                                                                               
  Allowed memory size of 536870912 bytes exhausted (tried to allocate 524288   
  bytes)                                                                       
                                                                               


In api.php line 2935:
                                                                               
  Allowed memory size of 536870912 bytes exhausted (tried to allocate 524288   
  bytes)                                                                       
                                                                               


In api.php line 2935:
                                                                               
  Allowed memory size of 536870912 bytes exhausted (tried to allocate 524288   
  bytes)                                                                       
                                                                               


In api.php line 2935:
                                                                               
  Allowed memory size of 536870912 bytes exhausted (tried to allocate 524288   
  bytes)                                                                       
                                                                               


In api.php line 2935:
                                                                               
  Allowed memory size of 536870912 bytes exhausted (tried to allocate 524288   
  bytes)                                                                       
                                                                               


In api.php line 2935:
                                                                               
  Allowed memory size of 536870912 bytes exhausted (tried to allocate 524288   
  bytes)                                                                       
                                                                               


In api.php line 2935:
                                                                               
  Allowed memory size of 536870912 bytes exhausted (tried to allocate 524288   
  bytes)                                                                       
                                                                               


In api.php line 2935:
                                                                               
  Allowed memory size of 536870912 bytes exhausted (tried to allocate 524288   
  bytes)                                                                       
                                                                               


In api.php line 2935:
                                                                               
  Allowed memory size of 536870912 bytes exhausted (tried to allocate 524288   
  bytes)                                                                       
                                                                               


In api.php line 2935:
                                                                               
  Allowed memory size of 536870912 bytes exhausted (tried to allocate 524288   
  bytes)                                                                       
                                                                               


In api.php line 2935:
                                                                               
  Allowed memory size of 536870912 bytes exhausted (tried to allocate 524288   
  bytes)                                                                       
                                                                               


In api.php line 2935:
                                                                               
  Allowed memory size of 536870912 bytes exhausted (tried to allocate 524288   
  bytes)                                                                       
                                                                               


In api.php line 2935:
                                                                               
  Allowed memory size of 536870912 bytes exhausted (tried to allocate 524288   
  bytes)                                                                       
                                                                               


In api.php line 2935:
                                                                               
  Allowed memory size of 536870912 bytes exhausted (tried to allocate 524288   
  bytes)                                                                       
                                                                               


In api.php line 2935:
                                                                               
  Allowed memory size of 536870912 bytes exhausted (tried to allocate 524288   
  bytes)                                                                       
                                                                               


In api.php line 2935:
                                                                               
  Allowed memory size of 536870912 bytes exhausted (tried to allocate 524288   
  bytes)                                                                       
                                                                               


In api.php line 2935:
                                                                               
  Allowed memory size of 536870912 bytes exhausted (tried to allocate 524288   
  bytes)                                                                       
                                                                               


In api.php line 2935:
                                                                               
  Allowed memory size of 536870912 bytes exhausted (tried to allocate 524288   
  bytes)                                                                       
                                                                               


In api.php line 2935:
                                                                               
  Allowed memory size of 536870912 bytes exhausted (tried to allocate 524288   
  bytes)                                                                       
                                                                               


In api.php line 2935:
                                                                               
  Allowed memory size of 536870912 bytes exhausted (tried to allocate 524288   
  bytes)                                                                       
                                                                               


In api.php line 2935:
                                                                               
  Allowed memory size of 536870912 bytes exhausted (tried to allocate 524288   
  bytes)                                                                       
                                                                               


In api.php line 2935:
                                                                               
  Allowed memory size of 536870912 bytes exhausted (tried to allocate 524288   
  bytes)                                                                       
                                                                               


In api.php line 2935:
                                                                               
  Allowed memory size of 536870912 bytes exhausted (tried to allocate 524288   
  bytes)                                                                       
                                                                               


In api.php line 2935:
                                                                               
  Allowed memory size of 536870912 bytes exhausted (tried to allocate 524288   
  bytes)                                                                       
                                                                               


In api.php line 2935:
                                                                               
  Allowed memory size of 536870912 bytes exhausted (tried to allocate 524288   
  bytes)                                                                       
                                                                               


In api.php line 2935:
                                                                               
  Allowed memory size of 536870912 bytes exhausted (tried to allocate 524288   
  bytes)                                                                       
                                                                               


In api.php line 2935:
                                                                               
  Allowed memory size of 536870912 bytes exhausted (tried to allocate 524288   
  bytes)                                                                       
                                                                               


In api.php line 2935:
                                                                               
  Allowed memory size of 536870912 bytes exhausted (tried to allocate 524288   
  bytes)                                                                       
                                                                               


In api.php line 2935:
                                                                               
  Allowed memory size of 536870912 bytes exhausted (tried to allocate 524288   
  bytes)                                                                       
                                                                               


In api.php line 2935:
                                                                               
  Allowed memory size of 536870912 bytes exhausted (tried to allocate 524288   
  bytes)                                                                       
                                                                               


In api.php line 2935:
                                                                               
  Allowed memory size of 536870912 bytes exhausted (tried to allocate 524288   
  bytes)                                                                       
                                                                               


In api.php line 2935:
                                                                               
  Allowed memory size of 536870912 bytes exhausted (tried to allocate 524288   
  bytes)                                                                       
                                                                               


In api.php line 2935:
                                                                               
  Allowed memory size of 536870912 bytes exhausted (tried to allocate 524288   
  bytes)                                                                       
                                                                               


In api.php line 2935:
                                                                               
  Allowed memory size of 536870912 bytes exhausted (tried to allocate 524288   
  bytes)                                                                       
                                                                               


In api.php line 2935:
                                                                               
  Allowed memory size of 536870912 bytes exhausted (tried to allocate 524288   
  bytes)                                                                       
                                                                               


In api.php line 2935:
                                                                               
  Allowed memory size of 536870912 bytes exhausted (tried to allocate 524288   
  bytes)                                                                       
                                                                               


In api.php line 2935:
                                                                               
  Allowed memory size of 536870912 bytes exhausted (tried to allocate 524288   
  bytes)                                                                       
                                                                               


In api.php line 2935:
                                                                               
  Allowed memory size of 536870912 bytes exhausted (tried to allocate 524288   
  bytes)                                                                       
                                                                               


In api.php line 2935:
                                                                               
  Allowed memory size of 536870912 bytes exhausted (tried to allocate 524288   
  bytes)                                                                       
                                                                               


In api.php line 2935:
                                                                               
  Allowed memory size of 536870912 bytes exhausted (tried to allocate 524288   
  bytes)                                                                       
                                                                               


In api.php line 2935:
                                                                               
  Allowed memory size of 536870912 bytes exhausted (tried to allocate 524288   
  bytes)                                                                       
                                                                               


In api.php line 2935:
                                                                               
  Allowed memory size of 536870912 bytes exhausted (tried to allocate 524288   
  bytes)                                                                       
                                                                               


In api.php line 2935:
                                                                               
  Allowed memory size of 536870912 bytes exhausted (tried to allocate 524288   
  bytes)                                                                       
                                                                               


In api.php line 2935:
                                                                               
  Allowed memory size of 536870912 bytes exhausted (tried to allocate 524288   
  bytes)                                                                       
                                                                               


In api.php line 2935:
                                                                               
  Allowed memory size of 536870912 bytes exhausted (tried to allocate 524288   
  bytes)                                                                       
                                                                               


In api.php line 2935:
                                                                               
  Allowed memory size of 536870912 bytes exhausted (tried to allocate 524288   
  bytes)                                                                       
                                                                               


In api.php line 2935:
                                                                               
  Allowed memory size of 536870912 bytes exhausted (tried to allocate 524288   
  bytes)                                                                       
                                                                               


In api.php line 2935:
                                                                               
  Allowed memory size of 536870912 bytes exhausted (tried to allocate 524288   
  bytes)                                                                       
                                                                               


In api.php line 2935:
                                                                               
  Allowed memory size of 536870912 bytes exhausted (tried to allocate 524288   
  bytes)                                                                       
                                                                               


In api.php line 2935:
                                                                               
  Allowed memory size of 536870912 bytes exhausted (tried to allocate 524288   
  bytes)                                                                       
                                                                               


In api.php line 2935:
                                                                               
  Allowed memory size of 536870912 bytes exhausted (tried to allocate 524288   
  bytes)                                                                       
                                                                               


In api.php line 2935:
                                                                               
  Allowed memory size of 536870912 bytes exhausted (tried to allocate 524288   
  bytes)                                                                       
                                                                               


In api.php line 2935:
                                                                               
  Allowed memory size of 536870912 bytes exhausted (tried to allocate 524288   
  bytes)                                                                       
                                                                               


In api.php line 2935:
                                                                               
  Allowed memory size of 536870912 bytes exhausted (tried to allocate 524288   
  bytes)                                                                       
                                                                               


In api.php line 2935:
                                                                               
  Allowed memory size of 536870912 bytes exhausted (tried to allocate 524288   
  bytes)                                                                       
                                                                               


In api.php line 2935:
                                                                               
  Allowed memory size of 536870912 bytes exhausted (tried to allocate 524288   
  bytes)                                                                       
                                                                               


In api.php line 2935:
                                                                               
  Allowed memory size of 536870912 bytes exhausted (tried to allocate 524288   
  bytes)                                                                       
                                                                               


In api.php line 2935:
                                                                               
  Allowed memory size of 536870912 bytes exhausted (tried to allocate 524288   
  bytes)                                                                       
                                                                               


In api.php line 2935:
                                                                               
  Allowed memory size of 536870912 bytes exhausted (tried to allocate 524288   
  bytes)                                                                       
                                                                               


In api.php line 2935:
                                                                               
  Allowed memory size of 536870912 bytes exhausted (tried to allocate 524288   
  bytes)                                                                       
                                                                               


In api.php line 2935:
                                                                               
  Allowed memory size of 536870912 bytes exhausted (tried to allocate 524288   
  bytes)                                                                       
                                                                               


In api.php line 2935:
                                                                               
  Allowed memory size of 536870912 bytes exhausted (tried to allocate 524288   
  bytes)                                                                       
                                                                               


In api.php line 2935:
                                                                               
  Allowed memory size of 536870912 bytes exhausted (tried to allocate 524288   
  bytes)                                                                       
                                                                               


In api.php line 2935:
                                                                               
  Allowed memory size of 536870912 bytes exhausted (tried to allocate 524288   
  bytes)                                                                       
                                                                               


In api.php line 2935:
                                                                               
  Allowed memory size of 536870912 bytes exhausted (tried to allocate 524288   
  bytes)                                                                       
                                                                               


In api.php line 2935:
                                                                               
  Allowed memory size of 536870912 bytes exhausted (tried to allocate 524288   
  bytes)                                                                       
                                                                               


In api.php line 2935:
                                                                               
  Allowed memory size of 536870912 bytes exhausted (tried to allocate 524288   
  bytes)                                                                       
                                                                               


In api.php line 2935:
                                                                               
  Allowed memory size of 536870912 bytes exhausted (tried to allocate 524288   
  bytes)                                                                       
                                                                               


In api.php line 2935:
                                                                               
  Allowed memory size of 536870912 bytes exhausted (tried to allocate 524288   
  bytes)                                                                       
                                                                               


In api.php line 2935:
                                                                               
  Allowed memory size of 536870912 bytes exhausted (tried to allocate 524288   
  bytes)                                                                       
                                                                               


In api.php line 2935:
                                                                               
  Allowed memory size of 536870912 bytes exhausted (tried to allocate 524288   
  bytes)                                                                       
                                                                               


In api.php line 2935:
                                                                               
  Allowed memory size of 536870912 bytes exhausted (tried to allocate 524288   
  bytes)                                                                       
                                                                               


In api.php line 2935:
                                                                               
  Allowed memory size of 536870912 bytes exhausted (tried to allocate 524288   
  bytes)                                                                       
                                                                               


In api.php line 2935:
                                                                               
  Allowed memory size of 536870912 bytes exhausted (tried to allocate 524288   
  bytes)                                                                       
                                                                               


In api.php line 2935:
                                                                               
  Allowed memory size of 536870912 bytes exhausted (tried to allocate 524288   
  bytes)                                                                       
                                                                               


In api.php line 2935:
                                                                               
  Allowed memory size of 536870912 bytes exhausted (tried to allocate 524288   
  bytes)                                                                       
                                                                               


In api.php line 2935:
                                                                               
  Allowed memory size of 536870912 bytes exhausted (tried to allocate 524288   
  bytes)                                                                       
                                                                               


In api.php line 2935:
                                                                               
  Allowed memory size of 536870912 bytes exhausted (tried to allocate 524288   
  bytes)                                                                       
                                                                               


In api.php line 2935:
                                                                               
  Allowed memory size of 536870912 bytes exhausted (tried to allocate 524288   
  bytes)                                                                       
                                                                               


In api.php line 2935:
                                                                               
  Allowed memory size of 536870912 bytes exhausted (tried to allocate 524288   
  bytes)                                                                       
                                                                               


In api.php line 2935:
                                                                               
  Allowed memory size of 536870912 bytes exhausted (tried to allocate 524288   
  bytes)                                                                       
                                                                               


In api.php line 2935:
                                                                               
  Allowed memory size of 536870912 bytes exhausted (tried to allocate 524288   
  bytes)                                                                       
                                                                               


In api.php line 2935:
                                                                               
  Allowed memory size of 536870912 bytes exhausted (tried to allocate 524288   
  bytes)                                                                       
                                                                               


In api.php line 2935:
                                                                               
  Allowed memory size of 536870912 bytes exhausted (tried to allocate 524288   
  bytes)                                                                       
                                                                               


In api.php line 2935:
                                                                               
  Allowed memory size of 536870912 bytes exhausted (tried to allocate 524288   
  bytes)                                                                       
                                                                               


In api.php line 2935:
                                                                               
  Allowed memory size of 536870912 bytes exhausted (tried to allocate 524288   
  bytes)                                                                       
                                                                               


In api.php line 2935:
                                                                               
  Allowed memory size of 536870912 bytes exhausted (tried to allocate 524288   
  bytes)                                                                       
                                                                               


In api.php line 2935:
                                                                               
  Allowed memory size of 536870912 bytes exhausted (tried to allocate 524288   
  bytes)                                                                       
                                                                               


In api.php line 2935:
                                                                               
  Allowed memory size of 536870912 bytes exhausted (tried to allocate 524288   
  bytes)                                                                       
                                                                               


In api.php line 2935:
                                                                               
  Allowed memory size of 536870912 bytes exhausted (tried to allocate 524288   
  bytes)                                                                       
                                                                               


In api.php line 2935:
                                                                               
  Allowed memory size of 536870912 bytes exhausted (tried to allocate 524288   
  bytes)                                                                       
                                                                               


In api.php line 2935:
                                                                               
  Allowed memory size of 536870912 bytes exhausted (tried to allocate 524288   
  bytes)                                                                       
                                                                               


In api.php line 2935:
                                                                               
  Allowed memory size of 536870912 bytes exhausted (tried to allocate 524288   
  bytes)                                                                       
                                                                               


In api.php line 2935:
                                                                               
  Allowed memory size of 536870912 bytes exhausted (tried to allocate 524288   
  bytes)                                                                       
                                                                               


In api.php line 2935:
                                                                               
  Allowed memory size of 536870912 bytes exhausted (tried to allocate 524288   
  bytes)                                                                       
                                                                               


In api.php line 2935:
                                                                               
  Allowed memory size of 536870912 bytes exhausted (tried to allocate 524288   
  bytes)                                                                       
                                                                               


In api.php line 2935:
                                                                               
  Allowed memory size of 536870912 bytes exhausted (tried to allocate 524288   
  bytes)                                                                       
                                                                               


In api.php line 2935:
                                                                               
  Allowed memory size of 536870912 bytes exhausted (tried to allocate 524288   
  bytes)                                                                       
                                                                               


In api.php line 2935:
                                                                               
  Allowed memory size of 536870912 bytes exhausted (tried to allocate 524288   
  bytes)                                                                       
                                                                               


In api.php line 2935:
                                                                               
  Allowed memory size of 536870912 bytes exhausted (tried to allocate 524288   
  bytes)                                                                       
                                                                               


In api.php line 2935:
                                                                               
  Allowed memory size of 536870912 bytes exhausted (tried to allocate 524288   
  bytes)                                                                       
                                                                               


In api.php line 2935:
                                                                               
  Allowed memory size of 536870912 bytes exhausted (tried to allocate 524288   
  bytes)                                                                       
                                                                               


In api.php line 2935:
                                                                               
  Allowed memory size of 536870912 bytes exhausted (tried to allocate 524288   
  bytes)                                                                       
                                                                               


In api.php line 2935:
                                                                               
  Allowed memory size of 536870912 bytes exhausted (tried to allocate 524288   
  bytes)                                                                       
                                                                               


In api.php line 2935:
                                                                               
  Allowed memory size of 536870912 bytes exhausted (tried to allocate 524288   
  bytes)                                                                       
                                                                               


In api.php line 2935:
                                                                               
  Allowed memory size of 536870912 bytes exhausted (tried to allocate 524288   
  bytes)                                                                       
                                                                               


In api.php line 2935:
                                                                               
  Allowed memory size of 536870912 bytes exhausted (tried to allocate 524288   
  bytes)                                                                       
                                                                               


In api.php line 2935:
                                                                               
  Allowed memory size of 536870912 bytes exhausted (tried to allocate 524288   
  bytes)                                                                       
                                                                               


In api.php line 2935:
                                                                               
  Allowed memory size of 536870912 bytes exhausted (tried to allocate 524288   
  bytes)                                                                       
                                                                               


In api.php line 2935:
                                                                               
  Allowed memory size of 536870912 bytes exhausted (tried to allocate 524288   
  bytes)                                                                       
                                                                               


In api.php line 2935:
                                                                               
  Allowed memory size of 536870912 bytes exhausted (tried to allocate 524288   
  bytes)                                                                       
                                                                               


In api.php line 2935:
                                                                               
  Allowed memory size of 536870912 bytes exhausted (tried to allocate 524288   
  bytes)                                                                       
                                                                               


In api.php line 2935:
                                                                               
  Allowed memory size of 536870912 bytes exhausted (tried to allocate 524288   
  bytes)                                                                       
                                                                               


In api.php line 2935:
                                                                               
  Allowed memory size of 536870912 bytes exhausted (tried to allocate 524288   
  bytes)                                                                       
                                                                               


In api.php line 2935:
                                                                               
  Allowed memory size of 536870912 bytes exhausted (tried to allocate 524288   
  bytes)                                                                       
                                                                               


In api.php line 2935:
                                                                               
  Allowed memory size of 536870912 bytes exhausted (tried to allocate 524288   
  bytes)                                                                       
                                                                               


In api.php line 2935:
                                                                               
  Allowed memory size of 536870912 bytes exhausted (tried to allocate 524288   
  bytes)                                                                       
                                                                               


In api.php line 2935:
                                                                               
  Allowed memory size of 536870912 bytes exhausted (tried to allocate 524288   
  bytes)                                                                       
                                                                               


In api.php line 2935:
                                                                               
  Allowed memory size of 536870912 bytes exhausted (tried to allocate 524288   
  bytes)                                                                       
                                                                               


In api.php line 2935:
                                                                               
  Allowed memory size of 536870912 bytes exhausted (tried to allocate 524288   
  bytes)                                                                       
                                                                               


In api.php line 2935:
                                                                               
  Allowed memory size of 536870912 bytes exhausted (tried to allocate 524288   
  bytes)                                                                       
                                                                               


In api.php line 2935:
                                                                               
  Allowed memory size of 536870912 bytes exhausted (tried to allocate 524288   
  bytes)                                                                       
                                                                               


In api.php line 2935:
                                                                               
  Allowed memory size of 536870912 bytes exhausted (tried to allocate 524288   
  bytes)                                                                       
                                                                               


In api.php line 2935:
                                                                               
  Allowed memory size of 536870912 bytes exhausted (tried to allocate 524288   
  bytes)                                                                       
                                                                               


In api.php line 2935:
                                                                               
  Allowed memory size of 536870912 bytes exhausted (tried to allocate 524288   
  bytes)                                                                       
                                                                               


In api.php line 2935:
                                                                               
  Allowed memory size of 536870912 bytes exhausted (tried to allocate 524288   
  bytes)                                                                       
                                                                               


In api.php line 2935:
                                                                               
  Allowed memory size of 536870912 bytes exhausted (tried to allocate 524288   
  bytes)                                                                       
                                                                               


In api.php line 2935:
                                                                               
  Allowed memory size of 536870912 bytes exhausted (tried to allocate 524288   
  bytes)                                                                       
                                                                               


In api.php line 2935:
                                                                               
  Allowed memory size of 536870912 bytes exhausted (tried to allocate 524288   
  bytes)                                                                       
                                                                               


In api.php line 2935:
                                                                               
  Allowed memory size of 536870912 bytes exhausted (tried to allocate 524288   
  bytes)                                                                       
                                                                               


In api.php line 2935:
                                                                               
  Allowed memory size of 536870912 bytes exhausted (tried to allocate 524288   
  bytes)                                                                       
                                                                               


In api.php line 2935:
                                                                               
  Allowed memory size of 536870912 bytes exhausted (tried to allocate 524288   
  bytes)                                                                       
                                                                               


In api.php line 2935:
                                                                               
  Allowed memory size of 536870912 bytes exhausted (tried to allocate 524288   
  bytes)                                                                       
                                                                               


In api.php line 2935:
                                                                               
  Allowed memory size of 536870912 bytes exhausted (tried to allocate 524288   
  bytes)                                                                       
                                                                               


In api.php line 2935:
                                                                               
  Allowed memory size of 536870912 bytes exhausted (tried to allocate 524288   
  bytes)                                                                       
                                                                               


In api.php line 2935:
                                                                               
  Allowed memory size of 536870912 bytes exhausted (tried to allocate 524288   
  bytes)                                                                       
                                                                               


In api.php line 2935:
                                                                               
  Allowed memory size of 536870912 bytes exhausted (tried to allocate 524288   
  bytes)                                                                       
                                                                               


In api.php line 2935:
                                                                               
  Allowed memory size of 536870912 bytes exhausted (tried to allocate 524288   
  bytes)                                                                       
                                                                               


In api.php line 2935:
                                                                               
  Allowed memory size of 536870912 bytes exhausted (tried to allocate 524288   
  bytes)                                                                       
                                                                               


In api.php line 2935:
                                                                               
  Allowed memory size of 536870912 bytes exhausted (tried to allocate 524288   
  bytes)                                                                       
                                                                               


In api.php line 2935:
                                                                               
  Allowed memory size of 536870912 bytes exhausted (tried to allocate 524288   
  bytes)                                                                       
                                                                               


In api.php line 2935:
                                                                               
  Allowed memory size of 536870912 bytes exhausted (tried to allocate 524288   
  bytes)                                                                       
                                                                               


In api.php line 2935:
                                                                               
  Allowed memory size of 536870912 bytes exhausted (tried to allocate 524288   
  bytes)                                                                       
                                                                               


In api.php line 2935:
                                                                               
  Allowed memory size of 536870912 bytes exhausted (tried to allocate 524288   
  bytes)                                                                       
                                                                               


In api.php line 2935:
                                                                               
  Allowed memory size of 536870912 bytes exhausted (tried to allocate 524288   
  bytes)                                                                       
                                                                               


In api.php line 2935:
                                                                               
  Allowed memory size of 536870912 bytes exhausted (tried to allocate 524288   
  bytes)                                                                       
                                                                               


In api.php line 2935:
                                                                               
  Allowed memory size of 536870912 bytes exhausted (tried to allocate 524288   
  bytes)                                                                       
                                                                               


In api.php line 2935:
                                                                               
  Allowed memory size of 536870912 bytes exhausted (tried to allocate 524288   
  bytes)                                                                       
                                                                               


In api.php line 2935:
                                                                               
  Allowed memory size of 536870912 bytes exhausted (tried to allocate 524288   
  bytes)                                                                       
                                                                               


In api.php line 2935:
                                                                               
  Allowed memory size of 536870912 bytes exhausted (tried to allocate 524288   
  bytes)                                                                       
                                                                               


In api.php line 2935:
                                                                               
  Allowed memory size of 536870912 bytes exhausted (tried to allocate 524288   
  bytes)                                                                       
                                                                               


In api.php line 2935:
                                                                               
  Allowed memory size of 536870912 bytes exhausted (tried to allocate 524288   
  bytes)                                                                       
                                                                               


In api.php line 2935:
                                                                               
  Allowed memory size of 536870912 bytes exhausted (tried to allocate 524288   
  bytes)                                                                       
                                                                               


In api.php line 2935:
                                                                               
  Allowed memory size of 536870912 bytes exhausted (tried to allocate 524288   
  bytes)                                                                       
                                                                               


In api.php line 2935:
                                                                               
  Allowed memory size of 536870912 bytes exhausted (tried to allocate 524288   
  bytes)                                                                       
                                                                               


In api.php line 2935:
                                                                               
  Allowed memory size of 536870912 bytes exhausted (tried to allocate 524288   
  bytes)                                                                       
                                                                               


In api.php line 2935:
                                                                               
  Allowed memory size of 536870912 bytes exhausted (tried to allocate 524288   
  bytes)                                                                       
                                                                               


In api.php line 2935:
                                                                               
  Allowed memory size of 536870912 bytes exhausted (tried to allocate 524288   
  bytes)                                                                       
                                                                               


In api.php line 2935:
                                                                               
  Allowed memory size of 536870912 bytes exhausted (tried to allocate 524288   
  bytes)                                                                       
                                                                               


In api.php line 2935:
                                                                               
  Allowed memory size of 536870912 bytes exhausted (tried to allocate 524288   
  bytes)                                                                       
                                                                               


In api.php line 2935:
                                                                               
  Allowed memory size of 536870912 bytes exhausted (tried to allocate 524288   
  bytes)                                                                       
                                                                               


In api.php line 2935:
                                                                               
  Allowed memory size of 536870912 bytes exhausted (tried to allocate 524288   
  bytes)                                                                       
                                                                               


In api.php line 2935:
                                                                               
  Allowed memory size of 536870912 bytes exhausted (tried to allocate 524288   
  bytes)                                                                       
                                                                               


In api.php line 2935:
                                                                               
  Allowed memory size of 536870912 bytes exhausted (tried to allocate 524288   
  bytes)                                                                       
                                                                               


In api.php line 2935:
                                                                               
  Allowed memory size of 536870912 bytes exhausted (tried to allocate 524288   
  bytes)                                                                       
                                                                               


In api.php line 2935:
                                                                               
  Allowed memory size of 536870912 bytes exhausted (tried to allocate 524288   
  bytes)                                                                       
                                                                               


In api.php line 2935:
                                                                               
  Allowed memory size of 536870912 bytes exhausted (tried to allocate 524288   
  bytes)                                                                       
                                                                               


In api.php line 2935:
                                                                               
  Allowed memory size of 536870912 bytes exhausted (tried to allocate 524288   
  bytes)                                                                       
                                                                               


In api.php line 2935:
                                                                               
  Allowed memory size of 536870912 bytes exhausted (tried to allocate 524288   
  bytes)                                                                       
                                                                               


In api.php line 2935:
                                                                               
  Allowed memory size of 536870912 bytes exhausted (tried to allocate 524288   
  bytes)                                                                       
                                                                               


In api.php line 2935:
                                                                               
  Allowed memory size of 536870912 bytes exhausted (tried to allocate 524288   
  bytes)                                                                       
                                                                               


In api.php line 2935:
                                                                               
  Allowed memory size of 536870912 bytes exhausted (tried to allocate 524288   
  bytes)                                                                       
                                                                               


In api.php line 2935:
                                                                               
  Allowed memory size of 536870912 bytes exhausted (tried to allocate 524288   
  bytes)                                                                       
                                                                               


In api.php line 2935:
                                                                               
  Allowed memory size of 536870912 bytes exhausted (tried to allocate 524288   
  bytes)                                                                       
                                                                               


In api.php line 2935:
                                                                               
  Allowed memory size of 536870912 bytes exhausted (tried to allocate 524288   
  bytes)                                                                       
                                                                               


In api.php line 2935:
                                                                               
  Allowed memory size of 536870912 bytes exhausted (tried to allocate 524288   
  bytes)                                                                       
                                                                               


In api.php line 2935:
                                                                               
  Allowed memory size of 536870912 bytes exhausted (tried to allocate 524288   
  bytes)                                                                       
                                                                               


In api.php line 2935:
                                                                               
  Allowed memory size of 536870912 bytes exhausted (tried to allocate 524288   
  bytes)                                                                       
                                                                               


In api.php line 2935:
                                                                               
  Allowed memory size of 536870912 bytes exhausted (tried to allocate 524288   
  bytes)                                                                       
                                                                               


In api.php line 2935:
                                                                               
  Allowed memory size of 536870912 bytes exhausted (tried to allocate 524288   
  bytes)                                                                       
                                                                               


In api.php line 2935:
                                                                               
  Allowed memory size of 536870912 bytes exhausted (tried to allocate 524288   
  bytes)                                                                       
                                                                               


In api.php line 2935:
                                                                               
  Allowed memory size of 536870912 bytes exhausted (tried to allocate 524288   
  bytes)                                                                       
                                                                               


In api.php line 2935:
                                                                               
  Allowed memory size of 536870912 bytes exhausted (tried to allocate 524288   
  bytes)                                                                       
                                                                               


In api.php line 2935:
                                                                               
  Allowed memory size of 536870912 bytes exhausted (tried to allocate 524288   
  bytes)                                                                       
                                                                               


In api.php line 2935:
                                                                               
  Allowed memory size of 536870912 bytes exhausted (tried to allocate 524288   
  bytes)                                                                       
                                                                               


In api.php line 2935:
                                                                               
  Allowed memory size of 536870912 bytes exhausted (tried to allocate 524288   
  bytes)                                                                       
                                                                               


In api.php line 2935:
                                                                               
  Allowed memory size of 536870912 bytes exhausted (tried to allocate 524288   
  bytes)                                                                       
                                                                               


In api.php line 2935:
                                                                               
  Allowed memory size of 536870912 bytes exhausted (tried to allocate 524288   
  bytes)                                                                       
                                                                               


In api.php line 2935:
                                                                               
  Allowed memory size of 536870912 bytes exhausted (tried to allocate 524288   
  bytes)                                                                       
                                                                               


In api.php line 2935:
                                                                               
  Allowed memory size of 536870912 bytes exhausted (tried to allocate 524288   
  bytes)                                                                       
                                                                               


In api.php line 2935:
                                                                               
  Allowed memory size of 536870912 bytes exhausted (tried to allocate 524288   
  bytes)                                                                       
                                                                               


In api.php line 2935:
                                                                               
  Allowed memory size of 536870912 bytes exhausted (tried to allocate 524288   
  bytes)                                                                       
                                                                               


In api.php line 2935:
                                                                               
  Allowed memory size of 536870912 bytes exhausted (tried to allocate 524288   
  bytes)                                                                       
                                                                               


In api.php line 2935:
                                                                               
  Allowed memory size of 536870912 bytes exhausted (tried to allocate 524288   
  bytes)                                                                       
                                                                               


In api.php line 2935:
                                                                               
  Allowed memory size of 536870912 bytes exhausted (tried to allocate 524288   
  bytes)                                                                       
                                                                               


In api.php line 2935:
                                                                               
  Allowed memory size of 536870912 bytes exhausted (tried to allocate 524288   
  bytes)                                                                       
                                                                               


In api.php line 2935:
                                                                               
  Allowed memory size of 536870912 bytes exhausted (tried to allocate 524288   
  bytes)                                                                       
                                                                               


In api.php line 2935:
                                                                               
  Allowed memory size of 536870912 bytes exhausted (tried to allocate 524288   
  bytes)                                                                       
                                                                               


In api.php line 2935:
                                                                               
  Allowed memory size of 536870912 bytes exhausted (tried to allocate 524288   
  bytes)                                                                       
                                                                               


In api.php line 2935:
                                                                               
  Allowed memory size of 536870912 bytes exhausted (tried to allocate 524288   
  bytes)                                                                       
                                                                               


In api.php line 2935:
                                                                               
  Allowed memory size of 536870912 bytes exhausted (tried to allocate 524288   
  bytes)                                                                       
                                                                               


In api.php line 2935:
                                                                               
  Allowed memory size of 536870912 bytes exhausted (tried to allocate 524288   
  bytes)                                                                       
                                                                               


In api.php line 2935:
                                                                               
  Allowed memory size of 536870912 bytes exhausted (tried to allocate 524288   
  bytes)                                                                       
                                                                               


In api.php line 2935:
                                                                               
  Allowed memory size of 536870912 bytes exhausted (tried to allocate 524288   
  bytes)                                                                       
                                                                               


In api.php line 2935:
                                                                               
  Allowed memory size of 536870912 bytes exhausted (tried to allocate 524288   
  bytes)                                                                       
                                                                               


In api.php line 2935:
                                                                               
  Allowed memory size of 536870912 bytes exhausted (tried to allocate 524288   
  bytes)                                                                       
                                                                               


In api.php line 2935:
                                                                               
  Allowed memory size of 536870912 bytes exhausted (tried to allocate 524288   
  bytes)                                                                       
                                                                               


In api.php line 2935:
                                                                               
  Allowed memory size of 536870912 bytes exhausted (tried to allocate 524288   
  bytes)                                                                       
                                                                               


In api.php line 2935:
                                                                               
  Allowed memory size of 536870912 bytes exhausted (tried to allocate 524288   
  bytes)                                                                       
                                                                               


In api.php line 2935:
                                                                               
  Allowed memory size of 536870912 bytes exhausted (tried to allocate 524288   
  bytes)                                                                       
                                                                               


In api.php line 2935:
                                                                               
  Allowed memory size of 536870912 bytes exhausted (tried to allocate 524288   
  bytes)                                                                       
                                                                               


In api.php line 2935:
                                                                               
  Allowed memory size of 536870912 bytes exhausted (tried to allocate 524288   
  bytes)                                                                       
                                                                               


In api.php line 2935:
                                                                               
  Allowed memory size of 536870912 bytes exhausted (tried to allocate 524288   
  bytes)                                                                       
                                                                               


In api.php line 2935:
                                                                               
  Allowed memory size of 536870912 bytes exhausted (tried to allocate 524288   
  bytes)                                                                       
                                                                               


In api.php line 2935:
                                                                               
  Allowed memory size of 536870912 bytes exhausted (tried to allocate 524288   
  bytes)                                                                       
                                                                               


In api.php line 2935:
                                                                               
  Allowed memory size of 536870912 bytes exhausted (tried to allocate 524288   
  bytes)                                                                       
                                                                               


In api.php line 2935:
                                                                               
  Allowed memory size of 536870912 bytes exhausted (tried to allocate 524288   
  bytes)                                                                       
                                                                               


In api.php line 2935:
                                                                               
  Allowed memory size of 536870912 bytes exhausted (tried to allocate 524288   
  bytes)                                                                       
                                                                               


In api.php line 2935:
                                                                               
  Allowed memory size of 536870912 bytes exhausted (tried to allocate 524288   
  bytes)                                                                       
                                                                               


In api.php line 2935:
                                                                               
  Allowed memory size of 536870912 bytes exhausted (tried to allocate 524288   
  bytes)                                                                       
                                                                               


In api.php line 2935:
                                                                               
  Allowed memory size of 536870912 bytes exhausted (tried to allocate 524288   
  bytes)                                                                       
                                                                               


In api.php line 2935:
                                                                               
  Allowed memory size of 536870912 bytes exhausted (tried to allocate 524288   
  bytes)                                                                       
                                                                               


In api.php line 2935:
                                                                               
  Allowed memory size of 536870912 bytes exhausted (tried to allocate 524288   
  bytes)                                                                       
                                                                               


In api.php line 2935:
                                                                               
  Allowed memory size of 536870912 bytes exhausted (tried to allocate 524288   
  bytes)                                                                       
                                                                               


In api.php line 2935:
                                                                               
  Allowed memory size of 536870912 bytes exhausted (tried to allocate 524288   
  bytes)                                                                       
                                                                               


In api.php line 2935:
                                                                               
  Allowed memory size of 536870912 bytes exhausted (tried to allocate 524288   
  bytes)                                                                       
                                                                               


In api.php line 2935:
                                                                               
  Allowed memory size of 536870912 bytes exhausted (tried to allocate 524288   
  bytes)                                                                       
                                                                               


In api.php line 2935:
                                                                               
  Allowed memory size of 536870912 bytes exhausted (tried to allocate 524288   
  bytes)                                                                       
                                                                               


In api.php line 2935:
                                                                               
  Allowed memory size of 536870912 bytes exhausted (tried to allocate 524288   
  bytes)                                                                       
                                                                               


In api.php line 2935:
                                                                               
  Allowed memory size of 536870912 bytes exhausted (tried to allocate 524288   
  bytes)                                                                       
                                                                               


In api.php line 2935:
                                                                               
  Allowed memory size of 536870912 bytes exhausted (tried to allocate 524288   
  bytes)                                                                       
                                                                               


In api.php line 2935:
                                                                               
  Allowed memory size of 536870912 bytes exhausted (tried to allocate 524288   
  bytes)                                                                       
                                                                               


In api.php line 2935:
                                                                               
  Allowed memory size of 536870912 bytes exhausted (tried to allocate 524288   
  bytes)                                                                       
                                                                               


In api.php line 2935:
                                                                               
  Allowed memory size of 536870912 bytes exhausted (tried to allocate 524288   
  bytes)                                                                       
                                                                               


In api.php line 2935:
                                                                               
  Allowed memory size of 536870912 bytes exhausted (tried to allocate 524288   
  bytes)                                                                       
                                                                               


In api.php line 2935:
                                                                               
  Allowed memory size of 536870912 bytes exhausted (tried to allocate 524288   
  bytes)                                                                       
                                                                               


In api.php line 2935:
                                                                               
  Allowed memory size of 536870912 bytes exhausted (tried to allocate 524288   
  bytes)                                                                       
                                                                               


In api.php line 2935:
                                                                               
  Allowed memory size of 536870912 bytes exhausted (tried to allocate 524288   
  bytes)                                                                       
                                                                               


In api.php line 2935:
                                                                               
  Allowed memory size of 536870912 bytes exhausted (tried to allocate 524288   
  bytes)                                                                       
                                                                               


In api.php line 2935:
                                                                               
  Allowed memory size of 536870912 bytes exhausted (tried to allocate 524288   
  bytes)                                                                       
                                                                               


In api.php line 2935:
                                                                               
  Allowed memory size of 536870912 bytes exhausted (tried to allocate 524288   
  bytes)                                                                       
                                                                               


In api.php line 2935:
                                                                               
  Allowed memory size of 536870912 bytes exhausted (tried to allocate 524288   
  bytes)                                                                       
                                                                               


In api.php line 2935:
                                                                               
  Allowed memory size of 536870912 bytes exhausted (tried to allocate 524288   
  bytes)                                                                       
                                                                               


In api.php line 2935:
                                                                               
  Allowed memory size of 536870912 bytes exhausted (tried to allocate 524288   
  bytes)                                                                       
                                                                               


In api.php line 2935:
                                                                               
  Allowed memory size of 536870912 bytes exhausted (tried to allocate 524288   
  bytes)                                                                       
                                                                               


In api.php line 2935:
                                                                               
  Allowed memory size of 536870912 bytes exhausted (tried to allocate 524288   
  bytes)                                                                       
                                                                               


In api.php line 2935:
                                                                               
  Allowed memory size of 536870912 bytes exhausted (tried to allocate 524288   
  bytes)                                                                       
                                                                               


In api.php line 2935:
                                                                               
  Allowed memory size of 536870912 bytes exhausted (tried to allocate 524288   
  bytes)                                                                       
                                                                               


In api.php line 2935:
                                                                               
  Allowed memory size of 536870912 bytes exhausted (tried to allocate 524288   
  bytes)                                                                       
                                                                               


In api.php line 2935:
                                                                               
  Allowed memory size of 536870912 bytes exhausted (tried to allocate 524288   
  bytes)                                                                       
                                                                               


In api.php line 2935:
                                                                               
  Allowed memory size of 536870912 bytes exhausted (tried to allocate 524288   
  bytes)                                                                       
                                                                               


In api.php line 2935:
                                                                               
  Allowed memory size of 536870912 bytes exhausted (tried to allocate 524288   
  bytes)                                                                       
                                                                               


In api.php line 2935:
                                                                               
  Allowed memory size of 536870912 bytes exhausted (tried to allocate 524288   
  bytes)                                                                       
                                                                               


In api.php line 2935:
                                                                               
  Allowed memory size of 536870912 bytes exhausted (tried to allocate 524288   
  bytes)                                                                       
                                                                               


In api.php line 2935:
                                                                               
  Allowed memory size of 536870912 bytes exhausted (tried to allocate 524288   
  bytes)                                                                       
                                                                               


In api.php line 2935:
                                                                               
  Allowed memory size of 536870912 bytes exhausted (tried to allocate 524288   
  bytes)                                                                       
                                                                               


In api.php line 2935:
                                                                               
  Allowed memory size of 536870912 bytes exhausted (tried to allocate 524288   
  bytes)                                                                       
                                                                               


In api.php line 2935:
                                                                               
  Allowed memory size of 536870912 bytes exhausted (tried to allocate 524288   
  bytes)                                                                       
                                                                               


In api.php line 2935:
                                                                               
  Allowed memory size of 536870912 bytes exhausted (tried to allocate 524288   
  bytes)                                                                       
                                                                               


In api.php line 2935:
                                                                               
  Allowed memory size of 536870912 bytes exhausted (tried to allocate 524288   
  bytes)                                                                       
                                                                               


In api.php line 2935:
                                                                               
  Allowed memory size of 536870912 bytes exhausted (tried to allocate 524288   
  bytes)                                                                       
                                                                               


In api.php line 2935:
                                                                               
  Allowed memory size of 536870912 bytes exhausted (tried to allocate 524288   
  bytes)                                                                       
                                                                               


In api.php line 2935:
                                                                               
  Allowed memory size of 536870912 bytes exhausted (tried to allocate 524288   
  bytes)                                                                       
                                                                               


In api.php line 2935:
                                                                               
  Allowed memory size of 536870912 bytes exhausted (tried to allocate 524288   
  bytes)                                                                       
                                                                               


In api.php line 2935:
                                                                               
  Allowed memory size of 536870912 bytes exhausted (tried to allocate 524288   
  bytes)                                                                       
                                                                               


In api.php line 2935:
                                                                               
  Allowed memory size of 536870912 bytes exhausted (tried to allocate 524288   
  bytes)                                                                       
                                                                               


In api.php line 2935:
                                                                               
  Allowed memory size of 536870912 bytes exhausted (tried to allocate 524288   
  bytes)                                                                       
                                                                               


In api.php line 2935:
                                                                               
  Allowed memory size of 536870912 bytes exhausted (tried to allocate 524288   
  bytes)                                                                       
                                                                               


In api.php line 2935:
                                                                               
  Allowed memory size of 536870912 bytes exhausted (tried to allocate 524288   
  bytes)                                                                       
                                                                               


In api.php line 2935:
                                                                               
  Allowed memory size of 536870912 bytes exhausted (tried to allocate 524288   
  bytes)                                                                       
                                                                               


In api.php line 2935:
                                                                               
  Allowed memory size of 536870912 bytes exhausted (tried to allocate 524288   
  bytes)                                                                       
                                                                               


In api.php line 2935:
                                                                               
  Allowed memory size of 536870912 bytes exhausted (tried to allocate 524288   
  bytes)                                                                       
                                                                               


In api.php line 2935:
                                                                               
  Allowed memory size of 536870912 bytes exhausted (tried to allocate 524288   
  bytes)                                                                       
                                                                               


In api.php line 2935:
                                                                               
  Allowed memory size of 536870912 bytes exhausted (tried to allocate 524288   
  bytes)                                                                       
                                                                               


In api.php line 2935:
                                                                               
  Allowed memory size of 536870912 bytes exhausted (tried to allocate 524288   
  bytes)                                                                       
                                                                               


In api.php line 2935:
                                                                               
  Allowed memory size of 536870912 bytes exhausted (tried to allocate 524288   
  bytes)                                                                       
                                                                               


In api.php line 2935:
                                                                               
  Allowed memory size of 536870912 bytes exhausted (tried to allocate 524288   
  bytes)                                                                       
                                                                               


In api.php line 2935:
                                                                               
  Allowed memory size of 536870912 bytes exhausted (tried to allocate 524288   
  bytes)                                                                       
                                                                               


In api.php line 2935:
                                                                               
  Allowed memory size of 536870912 bytes exhausted (tried to allocate 524288   
  bytes)                                                                       
                                                                               


In api.php line 2935:
                                                                               
  Allowed memory size of 536870912 bytes exhausted (tried to allocate 524288   
  bytes)                                                                       
                                                                               


In api.php line 2935:
                                                                               
  Allowed memory size of 536870912 bytes exhausted (tried to allocate 524288   
  bytes)                                                                       
                                                                               


In api.php line 2935:
                                                                               
  Allowed memory size of 536870912 bytes exhausted (tried to allocate 524288   
  bytes)                                                                       
                                                                               


In api.php line 2935:
                                                                               
  Allowed memory size of 536870912 bytes exhausted (tried to allocate 524288   
  bytes)                                                                       
                                                                               


In api.php line 2935:
                                                                               
  Allowed memory size of 536870912 bytes exhausted (tried to allocate 524288   
  bytes)                                                                       
                                                                               


In api.php line 2935:
                                                                               
  Allowed memory size of 536870912 bytes exhausted (tried to allocate 524288   
  bytes)                                                                       
                                                                               


In api.php line 2935:
                                                                               
  Allowed memory size of 536870912 bytes exhausted (tried to allocate 524288   
  bytes)                                                                       
                                                                               


In api.php line 2935:
                                                                               
  Allowed memory size of 536870912 bytes exhausted (tried to allocate 524288   
  bytes)                                                                       
                                                                               


In api.php line 2935:
                                                                               
  Allowed memory size of 536870912 bytes exhausted (tried to allocate 524288   
  bytes)                                                                       
                                                                               


In api.php line 2935:
                                                                               
  Allowed memory size of 536870912 bytes exhausted (tried to allocate 524288   
  bytes)                                                                       
                                                                               


In api.php line 2935:
                                                                               
  Allowed memory size of 536870912 bytes exhausted (tried to allocate 524288   
  bytes)                                                                       
                                                                               


In api.php line 2935:
                                                                               
  Allowed memory size of 536870912 bytes exhausted (tried to allocate 524288   
  bytes)                                                                       
                                                                               


In api.php line 2935:
                                                                               
  Allowed memory size of 536870912 bytes exhausted (tried to allocate 524288   
  bytes)                                                                       
                                                                               


In api.php line 2935:
                                                                               
  Allowed memory size of 536870912 bytes exhausted (tried to allocate 524288   
  bytes)                                                                       
                                                                               


In api.php line 2935:
                                                                               
  Allowed memory size of 536870912 bytes exhausted (tried to allocate 524288   
  bytes)                                                                       
                                                                               


In api.php line 2935:
                                                                               
  Allowed memory size of 536870912 bytes exhausted (tried to allocate 524288   
  bytes)                                                                       
                                                                               


In api.php line 2935:
                                                                               
  Allowed memory size of 536870912 bytes exhausted (tried to allocate 524288   
  bytes)                                                                       
                                                                               


In api.php line 2935:
                                                                               
  Allowed memory size of 536870912 bytes exhausted (tried to allocate 524288   
  bytes)                                                                       
                                                                               


In api.php line 2935:
                                                                               
  Allowed memory size of 536870912 bytes exhausted (tried to allocate 524288   
  bytes)                                                                       
                                                                               


In api.php line 2935:
                                                                               
  Allowed memory size of 536870912 bytes exhausted (tried to allocate 524288   
  bytes)                                                                       
                                                                               


In api.php line 2935:
                                                                               
  Allowed memory size of 536870912 bytes exhausted (tried to allocate 524288   
  bytes)                                                                       
                                                                               


In api.php line 2935:
                                                                               
  Allowed memory size of 536870912 bytes exhausted (tried to allocate 524288   
  bytes)                                                                       
                                                                               


In api.php line 2935:
                                                                               
  Allowed memory size of 536870912 bytes exhausted (tried to allocate 524288   
  bytes)                                                                       
                                                                               


In api.php line 2935:
                                                                               
  Allowed memory size of 536870912 bytes exhausted (tried to allocate 524288   
  bytes)                                                                       
                                                                               


In api.php line 2935:
                                                                               
  Allowed memory size of 536870912 bytes exhausted (tried to allocate 524288   
  bytes)                                                                       
                                                                               


In api.php line 2935:
                                                                               
  Allowed memory size of 536870912 bytes exhausted (tried to allocate 524288   
  bytes)                                                                       
                                                                               


In api.php line 2935:
                                                                               
  Allowed memory size of 536870912 bytes exhausted (tried to allocate 524288   
  bytes)                                                                       
                                                                               


In api.php line 2935:
                                                                               
  Allowed memory size of 536870912 bytes exhausted (tried to allocate 524288   
  bytes)                                                                       
                                                                               


In api.php line 2935:
                                                                               
  Allowed memory size of 536870912 bytes exhausted (tried to allocate 524288   
  bytes)                                                                       
                                                                               


In api.php line 2935:
                                                                               
  Allowed memory size of 536870912 bytes exhausted (tried to allocate 524288   
  bytes)                                                                       
                                                                               


In api.php line 2935:
                                                                               
  Allowed memory size of 536870912 bytes exhausted (tried to allocate 524288   
  bytes)                                                                       
                                                                               


In api.php line 2935:
                                                                               
  Allowed memory size of 536870912 bytes exhausted (tried to allocate 524288   
  bytes)                                                                       
                                                                               


In api.php line 2935:
                                                                               
  Allowed memory size of 536870912 bytes exhausted (tried to allocate 524288   
  bytes)                                                                       
                                                                               


In api.php line 2935:
                                                                               
  Allowed memory size of 536870912 bytes exhausted (tried to allocate 524288   
  bytes)                                                                       
                                                                               


In api.php line 2935:
                                                                               
  Allowed memory size of 536870912 bytes exhausted (tried to allocate 524288   
  bytes)                                                                       
                                                                               


In api.php line 2935:
                                                                               
  Allowed memory size of 536870912 bytes exhausted (tried to allocate 524288   
  bytes)                                                                       
                                                                               


In api.php line 2935:
                                                                               
  Allowed memory size of 536870912 bytes exhausted (tried to allocate 524288   
  bytes)                                                                       
                                                                               


In api.php line 2935:
                                                                               
  Allowed memory size of 536870912 bytes exhausted (tried to allocate 524288   
  bytes)                                                                       
                                                                               


In api.php line 2935:
                                                                               
  Allowed memory size of 536870912 bytes exhausted (tried to allocate 524288   
  bytes)                                                                       
                                                                               


In api.php line 2935:
                                                                               
  Allowed memory size of 536870912 bytes exhausted (tried to allocate 524288   
  bytes)                                                                       
                                                                               


In api.php line 2935:
                                                                               
  Allowed memory size of 536870912 bytes exhausted (tried to allocate 524288   
  bytes)                                                                       
                                                                               


In api.php line 2935:
                                                                               
  Allowed memory size of 536870912 bytes exhausted (tried to allocate 524288   
  bytes)                                                                       
                                                                               


In api.php line 2935:
                                                                               
  Allowed memory size of 536870912 bytes exhausted (tried to allocate 524288   
  bytes)                                                                       
                                                                               


In api.php line 2935:
                                                                               
  Allowed memory size of 536870912 bytes exhausted (tried to allocate 524288   
  bytes)                                                                       
                                                                               


In api.php line 2935:
                                                                               
  Allowed memory size of 536870912 bytes exhausted (tried to allocate 524288   
  bytes)                                                                       
                                                                               


In api.php line 2935:
                                                                               
  Allowed memory size of 536870912 bytes exhausted (tried to allocate 524288   
  bytes)                                                                       
                                                                               


In api.php line 2935:
                                                                               
  Allowed memory size of 536870912 bytes exhausted (tried to allocate 524288   
  bytes)                                                                       
                                                                               


In api.php line 2935:
                                                                               
  Allowed memory size of 536870912 bytes exhausted (tried to allocate 524288   
  bytes)                                                                       
                                                                               


In api.php line 2935:
                                                                               
  Allowed memory size of 536870912 bytes exhausted (tried to allocate 524288   
  bytes)                                                                       
                                                                               


In api.php line 2935:
                                                                               
  Allowed memory size of 536870912 bytes exhausted (tried to allocate 524288   
  bytes)                                                                       
                                                                               


In api.php line 2935:
                                                                               
  Allowed memory size of 536870912 bytes exhausted (tried to allocate 524288   
  bytes)                                                                       
                                                                               


In api.php line 2935:
                                                                               
  Allowed memory size of 536870912 bytes exhausted (tried to allocate 524288   
  bytes)                                                                       
                                                                               


In api.php line 2935:
                                                                               
  Allowed memory size of 536870912 bytes exhausted (tried to allocate 524288   
  bytes)                                                                       
                                                                               


In api.php line 2935:
                                                                               
  Allowed memory size of 536870912 bytes exhausted (tried to allocate 524288   
  bytes)                                                                       
                                                                               


In api.php line 2935:
                                                                               
  Allowed memory size of 536870912 bytes exhausted (tried to allocate 524288   
  bytes)                                                                       
                                                                               


In api.php line 2935:
                                                                               
  Allowed memory size of 536870912 bytes exhausted (tried to allocate 524288   
  bytes)                                                                       
                                                                               


In api.php line 2935:
                                                                               
  Allowed memory size of 536870912 bytes exhausted (tried to allocate 524288   
  bytes)                                                                       
                                                                               


In api.php line 2935:
                                                                               
  Allowed memory size of 536870912 bytes exhausted (tried to allocate 524288   
  bytes)                                                                       
                                                                               


In api.php line 2935:
                                                                               
  Allowed memory size of 536870912 bytes exhausted (tried to allocate 524288   
  bytes)                                                                       
                                                                               


In api.php line 2935:
                                                                               
  Allowed memory size of 536870912 bytes exhausted (tried to allocate 524288   
  bytes)                                                                       
                                                                               


In api.php line 2935:
                                                                               
  Allowed memory size of 536870912 bytes exhausted (tried to allocate 524288   
  bytes)                                                                       
                                                                               


In api.php line 2935:
                                                                               
  Allowed memory size of 536870912 bytes exhausted (tried to allocate 524288   
  bytes)                                                                       
                                                                               


In api.php line 2935:
                                                                               
  Allowed memory size of 536870912 bytes exhausted (tried to allocate 524288   
  bytes)                                                                       
                                                                               


In api.php line 2935:
                                                                               
  Allowed memory size of 536870912 bytes exhausted (tried to allocate 524288   
  bytes)                                                                       
                                                                               


In api.php line 2935:
                                                                               
  Allowed memory size of 536870912 bytes exhausted (tried to allocate 524288   
  bytes)                                                                       
                                                                               


In api.php line 2935:
                                                                               
  Allowed memory size of 536870912 bytes exhausted (tried to allocate 524288   
  bytes)                                                                       
                                                                               


In api.php line 2935:
                                                                               
  Allowed memory size of 536870912 bytes exhausted (tried to allocate 524288   
  bytes)                                                                       
                                                                               


In api.php line 2935:
                                                                               
  Allowed memory size of 536870912 bytes exhausted (tried to allocate 524288   
  bytes)                                                                       
                                                                               


In api.php line 2935:
                                                                               
  Allowed memory size of 536870912 bytes exhausted (tried to allocate 524288   
  bytes)                                                                       
                                                                               


In api.php line 2935:
                                                                               
  Allowed memory size of 536870912 bytes exhausted (tried to allocate 524288   
  bytes)                                                                       
                                                                               


In api.php line 2935:
                                                                               
  Allowed memory size of 536870912 bytes exhausted (tried to allocate 524288   
  bytes)                                                                       
                                                                               


In api.php line 2935:
                                                                               
  Allowed memory size of 536870912 bytes exhausted (tried to allocate 524288   
  bytes)                                                                       
                                                                               


In api.php line 2935:
                                                                               
  Allowed memory size of 536870912 bytes exhausted (tried to allocate 524288   
  bytes)                                                                       
                                                                               


In api.php line 2935:
                                                                               
  Allowed memory size of 536870912 bytes exhausted (tried to allocate 524288   
  bytes)                                                                       
                                                                               


In api.php line 2935:
                                                                               
  Allowed memory size of 536870912 bytes exhausted (tried to allocate 524288   
  bytes)                                                                       
                                                                               


In api.php line 2935:
                                                                               
  Allowed memory size of 536870912 bytes exhausted (tried to allocate 524288   
  bytes)                                                                       
                                                                               


In api.php line 2935:
                                                                               
  Allowed memory size of 536870912 bytes exhausted (tried to allocate 524288   
  bytes)                                                                       
                                                                               


In api.php line 2935:
                                                                               
  Allowed memory size of 536870912 bytes exhausted (tried to allocate 524288   
  bytes)                                                                       
                                                                               


In api.php line 2935:
                                                                               
  Allowed memory size of 536870912 bytes exhausted (tried to allocate 524288   
  bytes)                                                                       
                                                                               


In api.php line 2935:
                                                                               
  Allowed memory size of 536870912 bytes exhausted (tried to allocate 524288   
  bytes)                                                                       
                                                                               


In api.php line 2935:
                                                                               
  Allowed memory size of 536870912 bytes exhausted (tried to allocate 524288   
  bytes)                                                                       
                                                                               


In api.php line 2935:
                                                                               
  Allowed memory size of 536870912 bytes exhausted (tried to allocate 524288   
  bytes)                                                                       
                                                                               


In api.php line 2935:
                                                                               
  Allowed memory size of 536870912 bytes exhausted (tried to allocate 524288   
  bytes)                                                                       
                                                                               


In api.php line 2935:
                                                                               
  Allowed memory size of 536870912 bytes exhausted (tried to allocate 524288   
  bytes)                                                                       
                                                                               


In api.php line 2935:
                                                                               
  Allowed memory size of 536870912 bytes exhausted (tried to allocate 524288   
  bytes)                                                                       
                                                                               


In api.php line 2935:
                                                                               
  Allowed memory size of 536870912 bytes exhausted (tried to allocate 524288   
  bytes)                                                                       
                                                                               


In api.php line 2935:
                                                                               
  Allowed memory size of 536870912 bytes exhausted (tried to allocate 524288   
  bytes)                                                                       
                                                                               


In api.php line 2935:
                                                                               
  Allowed memory size of 536870912 bytes exhausted (tried to allocate 524288   
  bytes)                                                                       
                                                                               


In api.php line 2935:
                                                                               
  Allowed memory size of 536870912 bytes exhausted (tried to allocate 524288   
  bytes)                                                                       
                                                                               


In api.php line 2935:
                                                                               
  Allowed memory size of 536870912 bytes exhausted (tried to allocate 524288   
  bytes)                                                                       
                                                                               


In api.php line 2935:
                                                                               
  Allowed memory size of 536870912 bytes exhausted (tried to allocate 524288   
  bytes)                                                                       
                                                                               


In api.php line 2935:
                                                                               
  Allowed memory size of 536870912 bytes exhausted (tried to allocate 524288   
  bytes)                                                                       
                                                                               


In api.php line 2935:
                                                                               
  Allowed memory size of 536870912 bytes exhausted (tried to allocate 524288   
  bytes)                                                                       
                                                                               


In api.php line 2935:
                                                                               
  Allowed memory size of 536870912 bytes exhausted (tried to allocate 524288   
  bytes)                                                                       
                                                                               


In api.php line 2935:
                                                                               
  Allowed memory size of 536870912 bytes exhausted (tried to allocate 524288   
  bytes)                                                                       
                                                                               


In api.php line 2935:
                                                                               
  Allowed memory size of 536870912 bytes exhausted (tried to allocate 524288   
  bytes)                                                                       
                                                                               


In api.php line 2935:
                                                                               
  Allowed memory size of 536870912 bytes exhausted (tried to allocate 524288   
  bytes)                                                                       
                                                                               


In api.php line 2935:
                                                                               
  Allowed memory size of 536870912 bytes exhausted (tried to allocate 524288   
  bytes)                                                                       
                                                                               


In api.php line 2935:
                                                                               
  Allowed memory size of 536870912 bytes exhausted (tried to allocate 524288   
  bytes)                                                                       
                                                                               


In api.php line 2935:
                                                                               
  Allowed memory size of 536870912 bytes exhausted (tried to allocate 524288   
  bytes)                                                                       
                                                                               


In api.php line 2935:
                                                                               
  Allowed memory size of 536870912 bytes exhausted (tried to allocate 524288   
  bytes)                                                                       
                                                                               


In api.php line 2935:
                                                                               
  Allowed memory size of 536870912 bytes exhausted (tried to allocate 524288   
  bytes)                                                                       
                                                                               


In api.php line 2935:
                                                                               
  Allowed memory size of 536870912 bytes exhausted (tried to allocate 524288   
  bytes)                                                                       
                                                                               


In api.php line 2935:
                                                                               
  Allowed memory size of 536870912 bytes exhausted (tried to allocate 524288   
  bytes)                                                                       
                                                                               


In api.php line 2935:
                                                                               
  Allowed memory size of 536870912 bytes exhausted (tried to allocate 524288   
  bytes)                                                                       
                                                                               


In api.php line 2935:
                                                                               
  Allowed memory size of 536870912 bytes exhausted (tried to allocate 524288   
  bytes)                                                                       
                                                                               


In api.php line 2935:
                                                                               
  Allowed memory size of 536870912 bytes exhausted (tried to allocate 524288   
  bytes)                                                                       
                                                                               


In api.php line 2935:
                                                                               
  Allowed memory size of 536870912 bytes exhausted (tried to allocate 524288   
  bytes)                                                                       
                                                                               


In api.php line 2935:
                                                                               
  Allowed memory size of 536870912 bytes exhausted (tried to allocate 524288   
  bytes)                                                                       
                                                                               


In api.php line 2935:
                                                                               
  Allowed memory size of 536870912 bytes exhausted (tried to allocate 524288   
  bytes)                                                                       
                                                                               


In api.php line 2935:
                                                                               
  Allowed memory size of 536870912 bytes exhausted (tried to allocate 524288   
  bytes)                                                                       
                                                                               


In api.php line 2935:
                                                                               
  Allowed memory size of 536870912 bytes exhausted (tried to allocate 524288   
  bytes)                                                                       
                                                                               


In api.php line 2935:
                                                                               
  Allowed memory size of 536870912 bytes exhausted (tried to allocate 524288   
  bytes)                                                                       
                                                                               


In api.php line 2935:
                                                                               
  Allowed memory size of 536870912 bytes exhausted (tried to allocate 524288   
  bytes)                                                                       
                                                                               


In api.php line 2935:
                                                                               
  Allowed memory size of 536870912 bytes exhausted (tried to allocate 524288   
  bytes)                                                                       
                                                                               


In api.php line 2935:
                                                                               
  Allowed memory size of 536870912 bytes exhausted (tried to allocate 524288   
  bytes)                                                                       
                                                                               


In api.php line 2935:
                                                                               
  Allowed memory size of 536870912 bytes exhausted (tried to allocate 524288   
  bytes)                                                                       
                                                                               


In api.php line 2935:
                                                                               
  Allowed memory size of 536870912 bytes exhausted (tried to allocate 524288   
  bytes)                                                                       
                                                                               


In api.php line 2935:
                                                                               
  Allowed memory size of 536870912 bytes exhausted (tried to allocate 524288   
  bytes)                                                                       
                                                                               


In api.php line 2935:
                                                                               
  Allowed memory size of 536870912 bytes exhausted (tried to allocate 524288   
  bytes)                                                                       
                                                                               


In api.php line 2935:
                                                                               
  Allowed memory size of 536870912 bytes exhausted (tried to allocate 524288   
  bytes)                                                                       
                                                                               


In api.php line 2935:
                                                                               
  Allowed memory size of 536870912 bytes exhausted (tried to allocate 524288   
  bytes)                                                                       
                                                                               


In api.php line 2935:
                                                                               
  Allowed memory size of 536870912 bytes exhausted (tried to allocate 524288   
  bytes)                                                                       
                                                                               


In api.php line 2935:
                                                                               
  Allowed memory size of 536870912 bytes exhausted (tried to allocate 524288   
  bytes)                                                                       
                                                                               


In api.php line 2935:
                                                                               
  Allowed memory size of 536870912 bytes exhausted (tried to allocate 524288   
  bytes)                                                                       
                                                                               


In api.php line 2935:
                                                                               
  Allowed memory size of 536870912 bytes exhausted (tried to allocate 524288   
  bytes)                                                                       
                                                                               


In api.php line 2935:
                                                                               
  Allowed memory size of 536870912 bytes exhausted (tried to allocate 524288   
  bytes)                                                                       
                                                                               


In api.php line 2935:
                                                                               
  Allowed memory size of 536870912 bytes exhausted (tried to allocate 524288   
  bytes)                                                                       
                                                                               


In api.php line 2935:
                                                                               
  Allowed memory size of 536870912 bytes exhausted (tried to allocate 524288   
  bytes)                                                                       
                                                                               


In api.php line 2935:
                                                                               
  Allowed memory size of 536870912 bytes exhausted (tried to allocate 524288   
  bytes)                                                                       
                                                                               


In api.php line 2935:
                                                                               
  Allowed memory size of 536870912 bytes exhausted (tried to allocate 524288   
  bytes)                                                                       
                                                                               


In api.php line 2935:
                                                                               
  Allowed memory size of 536870912 bytes exhausted (tried to allocate 524288   
  bytes)                                                                       
                                                                               


In api.php line 2935:
                                                                               
  Allowed memory size of 536870912 bytes exhausted (tried to allocate 524288   
  bytes)                                                                       
                                                                               


In api.php line 2935:
                                                                               
  Allowed memory size of 536870912 bytes exhausted (tried to allocate 524288   
  bytes)                                                                       
                                                                               


In api.php line 2935:
                                                                               
  Allowed memory size of 536870912 bytes exhausted (tried to allocate 524288   
  bytes)                                                                       
                                                                               


In api.php line 2935:
                                                                               
  Allowed memory size of 536870912 bytes exhausted (tried to allocate 524288   
  bytes)                                                                       
                                                                               


In api.php line 2935:
                                                                               
  Allowed memory size of 536870912 bytes exhausted (tried to allocate 524288   
  bytes)                                                                       
                                                                               


In api.php line 2935:
                                                                               
  Allowed memory size of 536870912 bytes exhausted (tried to allocate 524288   
  bytes)                                                                       
                                                                               


In api.php line 2935:
                                                                               
  Allowed memory size of 536870912 bytes exhausted (tried to allocate 524288   
  bytes)                                                                       
                                                                               


In api.php line 2935:
                                                                               
  Allowed memory size of 536870912 bytes exhausted (tried to allocate 524288   
  bytes)                                                                       
                                                                               


In api.php line 2935:
                                                                               
  Allowed memory size of 536870912 bytes exhausted (tried to allocate 524288   
  bytes)                                                                       
                                                                               


In api.php line 2935:
                                                                               
  Allowed memory size of 536870912 bytes exhausted (tried to allocate 524288   
  bytes)                                                                       
                                                                               


In api.php line 2935:
                                                                               
  Allowed memory size of 536870912 bytes exhausted (tried to allocate 524288   
  bytes)                                                                       
                                                                               


In api.php line 2935:
                                                                               
  Allowed memory size of 536870912 bytes exhausted (tried to allocate 524288   
  bytes)                                                                       
                                                                               


In api.php line 2935:
                                                                               
  Allowed memory size of 536870912 bytes exhausted (tried to allocate 524288   
  bytes)                                                                       
                                                                               


In api.php line 2935:
                                                                               
  Allowed memory size of 536870912 bytes exhausted (tried to allocate 524288   
  bytes)                                                                       
                                                                               


In api.php line 2935:
                                                                               
  Allowed memory size of 536870912 bytes exhausted (tried to allocate 524288   
  bytes)                                                                       
                                                                               


In api.php line 2935:
                                                                               
  Allowed memory size of 536870912 bytes exhausted (tried to allocate 524288   
  bytes)                                                                       
                                                                               


In api.php line 2935:
                                                                               
  Allowed memory size of 536870912 bytes exhausted (tried to allocate 524288   
  bytes)                                                                       
                                                                               


In api.php line 2935:
                                                                               
  Allowed memory size of 536870912 bytes exhausted (tried to allocate 524288   
  bytes)                                                                       
                                                                               


In api.php line 2935:
                                                                               
  Allowed memory size of 536870912 bytes exhausted (tried to allocate 524288   
  bytes)                                                                       
                                                                               


In api.php line 2935:
                                                                               
  Allowed memory size of 536870912 bytes exhausted (tried to allocate 524288   
  bytes)                                                                       
                                                                               


In api.php line 2935:
                                                                               
  Allowed memory size of 536870912 bytes exhausted (tried to allocate 524288   
  bytes)                                                                       
                                                                               


In api.php line 2935:
                                                                               
  Allowed memory size of 536870912 bytes exhausted (tried to allocate 524288   
  bytes)                                                                       
                                                                               


In api.php line 2935:
                                                                               
  Allowed memory size of 536870912 bytes exhausted (tried to allocate 524288   
  bytes)                                                                       
                                                                               


In api.php line 2935:
                                                                               
  Allowed memory size of 536870912 bytes exhausted (tried to allocate 524288   
  bytes)                                                                       
                                                                               


In api.php line 2935:
                                                                               
  Allowed memory size of 536870912 bytes exhausted (tried to allocate 524288   
  bytes)                                                                       
                                                                               


In api.php line 2935:
                                                                               
  Allowed memory size of 536870912 bytes exhausted (tried to allocate 524288   
  bytes)                                                                       
                                                                               


In api.php line 2935:
                                                                               
  Allowed memory size of 536870912 bytes exhausted (tried to allocate 524288   
  bytes)                                                                       
                                                                               


In api.php line 2935:
                                                                               
  Allowed memory size of 536870912 bytes exhausted (tried to allocate 524288   
  bytes)                                                                       
                                                                               


In api.php line 2935:
                                                                               
  Allowed memory size of 536870912 bytes exhausted (tried to allocate 524288   
  bytes)                                                                       
                                                                               


In api.php line 2935:
                                                                               
  Allowed memory size of 536870912 bytes exhausted (tried to allocate 524288   
  bytes)                                                                       
                                                                               


In api.php line 2935:
                                                                               
  Allowed memory size of 536870912 bytes exhausted (tried to allocate 524288   
  bytes)                                                                       
                                                                               


In api.php line 2935:
                                                                               
  Allowed memory size of 536870912 bytes exhausted (tried to allocate 524288   
  bytes)                                                                       
                                                                               


In api.php line 2935:
                                                                               
  Allowed memory size of 536870912 bytes exhausted (tried to allocate 524288   
  bytes)                                                                       
                                                                               


In api.php line 2935:
                                                                               
  Allowed memory size of 536870912 bytes exhausted (tried to allocate 524288   
  bytes)                                                                       
                                                                               


In api.php line 2935:
                                                                               
  Allowed memory size of 536870912 bytes exhausted (tried to allocate 524288   
  bytes)                                                                       
                                                                               


In api.php line 2935:
                                                                               
  Allowed memory size of 536870912 bytes exhausted (tried to allocate 524288   
  bytes)                                                                       
                                                                               


In api.php line 2935:
                                                                               
  Allowed memory size of 536870912 bytes exhausted (tried to allocate 524288   
  bytes)                                                                       
                                                                               


In api.php line 2935:
                                                                               
  Allowed memory size of 536870912 bytes exhausted (tried to allocate 524288   
  bytes)                                                                       
                                                                               


In api.php line 2935:
                                                                               
  Allowed memory size of 536870912 bytes exhausted (tried to allocate 524288   
  bytes)                                                                       
                                                                               


In api.php line 2935:
                                                                               
  Allowed memory size of 536870912 bytes exhausted (tried to allocate 524288   
  bytes)                                                                       
                                                                               


In api.php line 2935:
                                                                               
  Allowed memory size of 536870912 bytes exhausted (tried to allocate 524288   
  bytes)                                                                       
                                                                               


In api.php line 2935:
                                                                               
  Allowed memory size of 536870912 bytes exhausted (tried to allocate 524288   
  bytes)                                                                       
                                                                               


In api.php line 2935:
                                                                               
  Allowed memory size of 536870912 bytes exhausted (tried to allocate 524288   
  bytes)                                                                       
                                                                               


In api.php line 2935:
                                                                               
  Allowed memory size of 536870912 bytes exhausted (tried to allocate 524288   
  bytes)                                                                       
                                                                               


In api.php line 2935:
                                                                               
  Allowed memory size of 536870912 bytes exhausted (tried to allocate 524288   
  bytes)                                                                       
                                                                               


In api.php line 2935:
                                                                               
  Allowed memory size of 536870912 bytes exhausted (tried to allocate 524288   
  bytes)                                                                       
                                                                               


In api.php line 2935:
                                                                               
  Allowed memory size of 536870912 bytes exhausted (tried to allocate 524288   
  bytes)                                                                       
                                                                               


In api.php line 2935:
                                                                               
  Allowed memory size of 536870912 bytes exhausted (tried to allocate 524288   
  bytes)                                                                       
                                                                               


In api.php line 2935:
                                                                               
  Allowed memory size of 536870912 bytes exhausted (tried to allocate 524288   
  bytes)                                                                       
                                                                               


In api.php line 2935:
                                                                               
  Allowed memory size of 536870912 bytes exhausted (tried to allocate 524288   
  bytes)                                                                       
                                                                               


In api.php line 2935:
                                                                               
  Allowed memory size of 536870912 bytes exhausted (tried to allocate 524288   
  bytes)                                                                       
                                                                               


In api.php line 2935:
                                                                               
  Allowed memory size of 536870912 bytes exhausted (tried to allocate 524288   
  bytes)                                                                       
                                                                               


In api.php line 2935:
                                                                               
  Allowed memory size of 536870912 bytes exhausted (tried to allocate 524288   
  bytes)                                                                       
                                                                               


In api.php line 2935:
                                                                               
  Allowed memory size of 536870912 bytes exhausted (tried to allocate 524288   
  bytes)                                                                       
                                                                               


In api.php line 2935:
                                                                               
  Allowed memory size of 536870912 bytes exhausted (tried to allocate 524288   
  bytes)                                                                       
                                                                               


In api.php line 2935:
                                                                               
  Allowed memory size of 536870912 bytes exhausted (tried to allocate 524288   
  bytes)                                                                       
                                                                               


In api.php line 2935:
                                                                               
  Allowed memory size of 536870912 bytes exhausted (tried to allocate 524288   
  bytes)                                                                       
                                                                               


In api.php line 2935:
                                                                               
  Allowed memory size of 536870912 bytes exhausted (tried to allocate 524288   
  bytes)                                                                       
                                                                               


In api.php line 2935:
                                                                               
  Allowed memory size of 536870912 bytes exhausted (tried to allocate 524288   
  bytes)                                                                       
                                                                               


In api.php line 2935:
                                                                               
  Allowed memory size of 536870912 bytes exhausted (tried to allocate 524288   
  bytes)                                                                       
                                                                               


In api.php line 2935:
                                                                               
  Allowed memory size of 536870912 bytes exhausted (tried to allocate 524288   
  bytes)                                                                       
                                                                               


In api.php line 2935:
                                                                               
  Allowed memory size of 536870912 bytes exhausted (tried to allocate 524288   
  bytes)                                                                       
                                                                               


In api.php line 2935:
                                                                               
  Allowed memory size of 536870912 bytes exhausted (tried to allocate 524288   
  bytes)                                                                       
                                                                               


In api.php line 2935:
                                                                               
  Allowed memory size of 536870912 bytes exhausted (tried to allocate 524288   
  bytes)                                                                       
                                                                               


In api.php line 2935:
                                                                               
  Allowed memory size of 536870912 bytes exhausted (tried to allocate 524288   
  bytes)                                                                       
                                                                               


In api.php line 2935:
                                                                               
  Allowed memory size of 536870912 bytes exhausted (tried to allocate 524288   
  bytes)                                                                       
                                                                               


In api.php line 2935:
                                                                               
  Allowed memory size of 536870912 bytes exhausted (tried to allocate 524288   
  bytes)                                                                       
                                                                               


In api.php line 2935:
                                                                               
  Allowed memory size of 536870912 bytes exhausted (tried to allocate 524288   
  bytes)                                                                       
                                                                               


In api.php line 2935:
                                                                               
  Allowed memory size of 536870912 bytes exhausted (tried to allocate 524288   
  bytes)                                                                       
                                                                               


In api.php line 2935:
                                                                               
  Allowed memory size of 536870912 bytes exhausted (tried to allocate 524288   
  bytes)                                                                       
                                                                               


In api.php line 2935:
                                                                               
  Allowed memory size of 536870912 bytes exhausted (tried to allocate 524288   
  bytes)                                                                       
                                                                               


In api.php line 2935:
                                                                               
  Allowed memory size of 536870912 bytes exhausted (tried to allocate 524288   
  bytes)                                                                       
                                                                               


In api.php line 2935:
                                                                               
  Allowed memory size of 536870912 bytes exhausted (tried to allocate 524288   
  bytes)                                                                       
                                                                               


In api.php line 2935:
                                                                               
  Allowed memory size of 536870912 bytes exhausted (tried to allocate 524288   
  bytes)                                                                       
                                                                               


In api.php line 2935:
                                                                               
  Allowed memory size of 536870912 bytes exhausted (tried to allocate 524288   
  bytes)                                                                       
                                                                               


In api.php line 2935:
                                                                               
  Allowed memory size of 536870912 bytes exhausted (tried to allocate 524288   
  bytes)                                                                       
                                                                               


In api.php line 2935:
                                                                               
  Allowed memory size of 536870912 bytes exhausted (tried to allocate 524288   
  bytes)                                                                       
                                                                               


In api.php line 2935:
                                                                               
  Allowed memory size of 536870912 bytes exhausted (tried to allocate 524288   
  bytes)                                                                       
                                                                               


In api.php line 2935:
                                                                               
  Allowed memory size of 536870912 bytes exhausted (tried to allocate 524288   
  bytes)                                                                       
                                                                               


In api.php line 2935:
                                                                               
  Allowed memory size of 536870912 bytes exhausted (tried to allocate 524288   
  bytes)                                                                       
                                                                               


In api.php line 2935:
                                                                               
  Allowed memory size of 536870912 bytes exhausted (tried to allocate 524288   
  bytes)                                                                       
                                                                               


In api.php line 2935:
                                                                               
  Allowed memory size of 536870912 bytes exhausted (tried to allocate 524288   
  bytes)                                                                       
                                                                               


In api.php line 2935:
                                                                               
  Allowed memory size of 536870912 bytes exhausted (tried to allocate 524288   
  bytes)                                                                       
                                                                               


In api.php line 2935:
                                                                               
  Allowed memory size of 536870912 bytes exhausted (tried to allocate 524288   
  bytes)                                                                       
                                                                               


In api.php line 2935:
                                                                               
  Allowed memory size of 536870912 bytes exhausted (tried to allocate 524288   
  bytes)                                                                       
                                                                               


In api.php line 2935:
                                                                               
  Allowed memory size of 536870912 bytes exhausted (tried to allocate 524288   
  bytes)                                                                       
                                                                               


In api.php line 2935:
                                                                               
  Allowed memory size of 536870912 bytes exhausted (tried to allocate 524288   
  bytes)                                                                       
                                                                               


In api.php line 2935:
                                                                               
  Allowed memory size of 536870912 bytes exhausted (tried to allocate 524288   
  bytes)                                                                       
                                                                               


In api.php line 2935:
                                                                               
  Allowed memory size of 536870912 bytes exhausted (tried to allocate 524288   
  bytes)                                                                       
                                                                               


In api.php line 2935:
                                                                               
  Allowed memory size of 536870912 bytes exhausted (tried to allocate 524288   
  bytes)                                                                       
                                                                               


In api.php line 2935:
                                                                               
  Allowed memory size of 536870912 bytes exhausted (tried to allocate 524288   
  bytes)                                                                       
                                                                               


In api.php line 2935:
                                                                               
  Allowed memory size of 536870912 bytes exhausted (tried to allocate 524288   
  bytes)                                                                       
                                                                               


In api.php line 2935:
                                                                               
  Allowed memory size of 536870912 bytes exhausted (tried to allocate 524288   
  bytes)                                                                       
                                                                               


In api.php line 2935:
                                                                               
  Allowed memory size of 536870912 bytes exhausted (tried to allocate 524288   
  bytes)                                                                       
                                                                               


In api.php line 2935:
                                                                               
  Allowed memory size of 536870912 bytes exhausted (tried to allocate 524288   
  bytes)                                                                       
                                                                               


In api.php line 2935:
                                                                               
  Allowed memory size of 536870912 bytes exhausted (tried to allocate 524288   
  bytes)                                                                       
                                                                               


In api.php line 2935:
                                                                               
  Allowed memory size of 536870912 bytes exhausted (tried to allocate 524288   
  bytes)                                                                       
                                                                               


In api.php line 2935:
                                                                               
  Allowed memory size of 536870912 bytes exhausted (tried to allocate 524288   
  bytes)                                                                       
                                                                               


In api.php line 2935:
                                                                               
  Allowed memory size of 536870912 bytes exhausted (tried to allocate 524288   
  bytes)                                                                       
                                                                               


In api.php line 2935:
                                                                               
  Allowed memory size of 536870912 bytes exhausted (tried to allocate 524288   
  bytes)                                                                       
                                                                               


In api.php line 2935:
                                                                               
  Allowed memory size of 536870912 bytes exhausted (tried to allocate 524288   
  bytes)                                                                       
                                                                               


In api.php line 2935:
                                                                               
  Allowed memory size of 536870912 bytes exhausted (tried to allocate 524288   
  bytes)                                                                       
                                                                               


In api.php line 2935:
                                                                               
  Allowed memory size of 536870912 bytes exhausted (tried to allocate 524288   
  bytes)                                                                       
                                                                               


In api.php line 2935:
                                                                               
  Allowed memory size of 536870912 bytes exhausted (tried to allocate 524288   
  bytes)                                                                       
                                                                               


In api.php line 2935:
                                                                               
  Allowed memory size of 536870912 bytes exhausted (tried to allocate 524288   
  bytes)                                                                       
                                                                               


In api.php line 2935:
                                                                               
  Allowed memory size of 536870912 bytes exhausted (tried to allocate 524288   
  bytes)                                                                       
                                                                               


In api.php line 2935:
                                                                               
  Allowed memory size of 536870912 bytes exhausted (tried to allocate 524288   
  bytes)                                                                       
                                                                               


In api.php line 2935:
                                                                               
  Allowed memory size of 536870912 bytes exhausted (tried to allocate 524288   
  bytes)                                                                       
                                                                               


In api.php line 2935:
                                                                               
  Allowed memory size of 536870912 bytes exhausted (tried to allocate 524288   
  bytes)                                                                       
                                                                               


In api.php line 2935:
                                                                               
  Allowed memory size of 536870912 bytes exhausted (tried to allocate 524288   
  bytes)                                                                       
                                                                               


In api.php line 2935:
                                                                               
  Allowed memory size of 536870912 bytes exhausted (tried to allocate 524288   
  bytes)                                                                       
                                                                               


In api.php line 2935:
                                                                               
  Allowed memory size of 536870912 bytes exhausted (tried to allocate 524288   
  bytes)                                                                       
                                                                               


In api.php line 2935:
                                                                               
  Allowed memory size of 536870912 bytes exhausted (tried to allocate 524288   
  bytes)                                                                       
                                                                               


In api.php line 2935:
                                                                               
  Allowed memory size of 536870912 bytes exhausted (tried to allocate 524288   
  bytes)                                                                       
                                                                               


In api.php line 2935:
                                                                               
  Allowed memory size of 536870912 bytes exhausted (tried to allocate 524288   
  bytes)                                                                       
                                                                               


In api.php line 2935:
                                                                               
  Allowed memory size of 536870912 bytes exhausted (tried to allocate 524288   
  bytes)                                                                       
                                                                               


In api.php line 2935:
                                                                               
  Allowed memory size of 536870912 bytes exhausted (tried to allocate 524288   
  bytes)                                                                       
                                                                               


In api.php line 2935:
                                                                               
  Allowed memory size of 536870912 bytes exhausted (tried to allocate 524288   
  bytes)                                                                       
                                                                               


In api.php line 2935:
                                                                               
  Allowed memory size of 536870912 bytes exhausted (tried to allocate 524288   
  bytes)                                                                       
                                                                               


In api.php line 2935:
                                                                               
  Allowed memory size of 536870912 bytes exhausted (tried to allocate 524288   
  bytes)                                                                       
                                                                               


In api.php line 2935:
                                                                               
  Allowed memory size of 536870912 bytes exhausted (tried to allocate 524288   
  bytes)                                                                       
                                                                               


In api.php line 2935:
                                                                               
  Allowed memory size of 536870912 bytes exhausted (tried to allocate 524288   
  bytes)                                                                       
                                                                               


In api.php line 2935:
                                                                               
  Allowed memory size of 536870912 bytes exhausted (tried to allocate 524288   
  bytes)                                                                       
                                                                               


In api.php line 2935:
                                                                               
  Allowed memory size of 536870912 bytes exhausted (tried to allocate 524288   
  bytes)                                                                       
                                                                               


In api.php line 2935:
                                                                               
  Allowed memory size of 536870912 bytes exhausted (tried to allocate 524288   
  bytes)                                                                       
                                                                               


In api.php line 2935:
                                                                               
  Allowed memory size of 536870912 bytes exhausted (tried to allocate 524288   
  bytes)                                                                       
                                                                               


In api.php line 2935:
                                                                               
  Allowed memory size of 536870912 bytes exhausted (tried to allocate 524288   
  bytes)                                                                       
                                                                               


In api.php line 2935:
                                                                               
  Allowed memory size of 536870912 bytes exhausted (tried to allocate 524288   
  bytes)                                                                       
                                                                               


In api.php line 2935:
                                                                               
  Allowed memory size of 536870912 bytes exhausted (tried to allocate 524288   
  bytes)                                                                       
                                                                               


In api.php line 2935:
                                                                               
  Allowed memory size of 536870912 bytes exhausted (tried to allocate 524288   
  bytes)                                                                       
                                                                               


In api.php line 2935:
                                                                               
  Allowed memory size of 536870912 bytes exhausted (tried to allocate 524288   
  bytes)                                                                       
                                                                               


In api.php line 2935:
                                                                               
  Allowed memory size of 536870912 bytes exhausted (tried to allocate 524288   
  bytes)                                                                       
                                                                               


In api.php line 2935:
                                                                               
  Allowed memory size of 536870912 bytes exhausted (tried to allocate 524288   
  bytes)                                                                       
                                                                               


In api.php line 2935:
                                                                               
  Allowed memory size of 536870912 bytes exhausted (tried to allocate 524288   
  bytes)                                                                       
                                                                               


In api.php line 2935:
                                                                               
  Allowed memory size of 536870912 bytes exhausted (tried to allocate 524288   
  bytes)                                                                       
                                                                               


In api.php line 2935:
                                                                               
  Allowed memory size of 536870912 bytes exhausted (tried to allocate 524288   
  bytes)                                                                       
                                                                               


In api.php line 2935:
                                                                               
  Allowed memory size of 536870912 bytes exhausted (tried to allocate 524288   
  bytes)                                                                       
                                                                               


In api.php line 2935:
                                                                               
  Allowed memory size of 536870912 bytes exhausted (tried to allocate 524288   
  bytes)                                                                       
                                                                               


In api.php line 2935:
                                                                               
  Allowed memory size of 536870912 bytes exhausted (tried to allocate 524288   
  bytes)                                                                       
                                                                               


In api.php line 2935:
                                                                               
  Allowed memory size of 536870912 bytes exhausted (tried to allocate 524288   
  bytes)                                                                       
                                                                               


In api.php line 2935:
                                                                               
  Allowed memory size of 536870912 bytes exhausted (tried to allocate 524288   
  bytes)                                                                       
                                                                               


In api.php line 2935:
                                                                               
  Allowed memory size of 536870912 bytes exhausted (tried to allocate 524288   
  bytes)                                                                       
                                                                               


In api.php line 2935:
                                                                               
  Allowed memory size of 536870912 bytes exhausted (tried to allocate 524288   
  bytes)                                                                       
                                                                               


In api.php line 2935:
                                                                               
  Allowed memory size of 536870912 bytes exhausted (tried to allocate 524288   
  bytes)                                                                       
                                                                               


In api.php line 2935:
                                                                               
  Allowed memory size of 536870912 bytes exhausted (tried to allocate 524288   
  bytes)                                                                       
                                                                               


In api.php line 2935:
                                                                               
  Allowed memory size of 536870912 bytes exhausted (tried to allocate 524288   
  bytes)                                                                       
                                                                               


In api.php line 2935:
                                                                               
  Allowed memory size of 536870912 bytes exhausted (tried to allocate 524288   
  bytes)                                                                       
                                                                               


In api.php line 2935:
                                                                               
  Allowed memory size of 536870912 bytes exhausted (tried to allocate 524288   
  bytes)                                                                       
                                                                               


In api.php line 2935:
                                                                               
  Allowed memory size of 536870912 bytes exhausted (tried to allocate 524288   
  bytes)                                                                       
                                                                               


In api.php line 2935:
                                                                               
  Allowed memory size of 536870912 bytes exhausted (tried to allocate 524288   
  bytes)                                                                       
                                                                               


In api.php line 2935:
                                                                               
  Allowed memory size of 536870912 bytes exhausted (tried to allocate 524288   
  bytes)                                                                       
                                                                               


In api.php line 2935:
                                                                               
  Allowed memory size of 536870912 bytes exhausted (tried to allocate 524288   
  bytes)                                                                       
                                                                               


In api.php line 2935:
                                                                               
  Allowed memory size of 536870912 bytes exhausted (tried to allocate 524288   
  bytes)                                                                       
                                                                               


In api.php line 2935:
                                                                               
  Allowed memory size of 536870912 bytes exhausted (tried to allocate 524288   
  bytes)                                                                       
                                                                               


In api.php line 2935:
                                                                               
  Allowed memory size of 536870912 bytes exhausted (tried to allocate 524288   
  bytes)                                                                       
                                                                               


In api.php line 2935:
                                                                               
  Allowed memory size of 536870912 bytes exhausted (tried to allocate 524288   
  bytes)                                                                       
                                                                               


In api.php line 2935:
                                                                               
  Allowed memory size of 536870912 bytes exhausted (tried to allocate 524288   
  bytes)                                                                       
                                                                               


In api.php line 2935:
                                                                               
  Allowed memory size of 536870912 bytes exhausted (tried to allocate 524288   
  bytes)                                                                       
                                                                               


In api.php line 2935:
                                                                               
  Allowed memory size of 536870912 bytes exhausted (tried to allocate 524288   
  bytes)                                                                       
                                                                               


In api.php line 2935:
                                                                               
  Allowed memory size of 536870912 bytes exhausted (tried to allocate 524288   
  bytes)                                                                       
                                                                               


In api.php line 2935:
                                                                               
  Allowed memory size of 536870912 bytes exhausted (tried to allocate 524288   
  bytes)                                                                       
                                                                               


In api.php line 2935:
                                                                               
  Allowed memory size of 536870912 bytes exhausted (tried to allocate 524288   
  bytes)                                                                       
                                                                               


In api.php line 2935:
                                                                               
  Allowed memory size of 536870912 bytes exhausted (tried to allocate 524288   
  bytes)                                                                       
                                                                               


In api.php line 2935:
                                                                               
  Allowed memory size of 536870912 bytes exhausted (tried to allocate 524288   
  bytes)                                                                       
                                                                               


In api.php line 2935:
                                                                               
  Allowed memory size of 536870912 bytes exhausted (tried to allocate 524288   
  bytes)                                                                       
                                                                               


In api.php line 2935:
                                                                               
  Allowed memory size of 536870912 bytes exhausted (tried to allocate 524288   
  bytes)                                                                       
                                                                               


In api.php line 2935:
                                                                               
  Allowed memory size of 536870912 bytes exhausted (tried to allocate 524288   
  bytes)                                                                       
                                                                               


In api.php line 2935:
                                                                               
  Allowed memory size of 536870912 bytes exhausted (tried to allocate 524288   
  bytes)                                                                       
                                                                               


In api.php line 2935:
                                                                               
  Allowed memory size of 536870912 bytes exhausted (tried to allocate 524288   
  bytes)                                                                       
                                                                               


In api.php line 2935:
                                                                               
  Allowed memory size of 536870912 bytes exhausted (tried to allocate 524288   
  bytes)                                                                       
                                                                               


In api.php line 2935:
                                                                               
  Allowed memory size of 536870912 bytes exhausted (tried to allocate 524288   
  bytes)                                                                       
                                                                               


In api.php line 2935:
                                                                               
  Allowed memory size of 536870912 bytes exhausted (tried to allocate 524288   
  bytes)                                                                       
                                                                               


In api.php line 2935:
                                                                               
  Allowed memory size of 536870912 bytes exhausted (tried to allocate 524288   
  bytes)                                                                       
                                                                               


In api.php line 2935:
                                                                               
  Allowed memory size of 536870912 bytes exhausted (tried to allocate 524288   
  bytes)                                                                       
                                                                               


In api.php line 2935:
                                                                               
  Allowed memory size of 536870912 bytes exhausted (tried to allocate 524288   
  bytes)                                                                       
                                                                               


In api.php line 2935:
                                                                               
  Allowed memory size of 536870912 bytes exhausted (tried to allocate 524288   
  bytes)                                                                       
                                                                               


In api.php line 2935:
                                                                               
  Allowed memory size of 536870912 bytes exhausted (tried to allocate 524288   
  bytes)                                                                       
                                                                               


In api.php line 2935:
                                                                               
  Allowed memory size of 536870912 bytes exhausted (tried to allocate 524288   
  bytes)                                                                       
                                                                               


In api.php line 2935:
                                                                               
  Allowed memory size of 536870912 bytes exhausted (tried to allocate 524288   
  bytes)                                                                       
                                                                               


In api.php line 2935:
                                                                               
  Allowed memory size of 536870912 bytes exhausted (tried to allocate 524288   
  bytes)                                                                       
                                                                               


In api.php line 2935:
                                                                               
  Allowed memory size of 536870912 bytes exhausted (tried to allocate 524288   
  bytes)                                                                       
                                                                               


In api.php line 2935:
                                                                               
  Allowed memory size of 536870912 bytes exhausted (tried to allocate 524288   
  bytes)                                                                       
                                                                               


In api.php line 2935:
                                                                               
  Allowed memory size of 536870912 bytes exhausted (tried to allocate 524288   
  bytes)                                                                       
                                                                               


In api.php line 2935:
                                                                               
  Allowed memory size of 536870912 bytes exhausted (tried to allocate 524288   
  bytes)                                                                       
                                                                               


In api.php line 2935:
                                                                               
  Allowed memory size of 536870912 bytes exhausted (tried to allocate 524288   
  bytes)                                                                       
                                                                               


In api.php line 2935:
                                                                               
  Allowed memory size of 536870912 bytes exhausted (tried to allocate 524288   
  bytes)                                                                       
                                                                               


In api.php line 2935:
                                                                               
  Allowed memory size of 536870912 bytes exhausted (tried to allocate 524288   
  bytes)                                                                       
                                                                               


In api.php line 2935:
                                                                               
  Allowed memory size of 536870912 bytes exhausted (tried to allocate 524288   
  bytes)                                                                       
                                                                               


In api.php line 2935:
                                                                               
  Allowed memory size of 536870912 bytes exhausted (tried to allocate 524288   
  bytes)                                                                       
                                                                               


In api.php line 2935:
                                                                               
  Allowed memory size of 536870912 bytes exhausted (tried to allocate 524288   
  bytes)                                                                       
                                                                               


In api.php line 2935:
                                                                               
  Allowed memory size of 536870912 bytes exhausted (tried to allocate 524288   
  bytes)                                                                       
                                                                               


In api.php line 2935:
                                                                               
  Allowed memory size of 536870912 bytes exhausted (tried to allocate 524288   
  bytes)                                                                       
                                                                               


In api.php line 2935:
                                                                               
  Allowed memory size of 536870912 bytes exhausted (tried to allocate 524288   
  bytes)                                                                       
                                                                               


In api.php line 2935:
                                                                               
  Allowed memory size of 536870912 bytes exhausted (tried to allocate 524288   
  bytes)                                                                       
                                                                               


In api.php line 2935:
                                                                               
  Allowed memory size of 536870912 bytes exhausted (tried to allocate 524288   
  bytes)                                                                       
                                                                               


In api.php line 2935:
                                                                               
  Allowed memory size of 536870912 bytes exhausted (tried to allocate 524288   
  bytes)                                                                       
                                                                               


In api.php line 2935:
                                                                               
  Allowed memory size of 536870912 bytes exhausted (tried to allocate 524288   
  bytes)                                                                       
                                                                               


In api.php line 2935:
                                                                               
  Allowed memory size of 536870912 bytes exhausted (tried to allocate 524288   
  bytes)                                                                       
                                                                               


In api.php line 2935:
                                                                               
  Allowed memory size of 536870912 bytes exhausted (tried to allocate 524288   
  bytes)                                                                       
                                                                               


In api.php line 2935:
                                                                               
  Allowed memory size of 536870912 bytes exhausted (tried to allocate 524288   
  bytes)                                                                       
                                                                               


In api.php line 2935:
                                                                               
  Allowed memory size of 536870912 bytes exhausted (tried to allocate 524288   
  bytes)                                                                       
                                                                               


In api.php line 2935:
                                                                               
  Allowed memory size of 536870912 bytes exhausted (tried to allocate 524288   
  bytes)                                                                       
                                                                               


In api.php line 2935:
                                                                               
  Allowed memory size of 536870912 bytes exhausted (tried to allocate 524288   
  bytes)                                                                       
                                                                               


In api.php line 2935:
                                                                               
  Allowed memory size of 536870912 bytes exhausted (tried to allocate 524288   
  bytes)                                                                       
                                                                               


In api.php line 2935:
                                                                               
  Allowed memory size of 536870912 bytes exhausted (tried to allocate 524288   
  bytes)                                                                       
                                                                               


In api.php line 2935:
                                                                               
  Allowed memory size of 536870912 bytes exhausted (tried to allocate 524288   
  bytes)                                                                       
                                                                               


In api.php line 2935:
                                                                               
  Allowed memory size of 536870912 bytes exhausted (tried to allocate 524288   
  bytes)                                                                       
                                                                               


In api.php line 2935:
                                                                               
  Allowed memory size of 536870912 bytes exhausted (tried to allocate 524288   
  bytes)                                                                       
                                                                               


In api.php line 2935:
                                                                               
  Allowed memory size of 536870912 bytes exhausted (tried to allocate 524288   
  bytes)                                                                       
                                                                               


In api.php line 2935:
                                                                               
  Allowed memory size of 536870912 bytes exhausted (tried to allocate 524288   
  bytes)                                                                       
                                                                               


In api.php line 2935:
                                                                               
  Allowed memory size of 536870912 bytes exhausted (tried to allocate 524288   
  bytes)                                                                       
                                                                               


In api.php line 2935:
                                                                               
  Allowed memory size of 536870912 bytes exhausted (tried to allocate 524288   
  bytes)                                                                       
                                                                               


In api.php line 2935:
                                                                               
  Allowed memory size of 536870912 bytes exhausted (tried to allocate 524288   
  bytes)                                                                       
                                                                               


In api.php line 2935:
                                                                               
  Allowed memory size of 536870912 bytes exhausted (tried to allocate 524288   
  bytes)                                                                       
                                                                               


In api.php line 2935:
                                                                               
  Allowed memory size of 536870912 bytes exhausted (tried to allocate 524288   
  bytes)                                                                       
                                                                               


In api.php line 2935:
                                                                               
  Allowed memory size of 536870912 bytes exhausted (tried to allocate 524288   
  bytes)                                                                       
                                                                               


In api.php line 2935:
                                                                               
  Allowed memory size of 536870912 bytes exhausted (tried to allocate 524288   
  bytes)                                                                       
                                                                               


In api.php line 2935:
                                                                               
  Allowed memory size of 536870912 bytes exhausted (tried to allocate 524288   
  bytes)                                                                       
                                                                               


In api.php line 2935:
                                                                               
  Allowed memory size of 536870912 bytes exhausted (tried to allocate 524288   
  bytes)                                                                       
                                                                               


In api.php line 2935:
                                                                               
  Allowed memory size of 536870912 bytes exhausted (tried to allocate 524288   
  bytes)                                                                       
                                                                               


In api.php line 2935:
                                                                               
  Allowed memory size of 536870912 bytes exhausted (tried to allocate 524288   
  bytes)                                                                       
                                                                               


In api.php line 2935:
                                                                               
  Allowed memory size of 536870912 bytes exhausted (tried to allocate 524288   
  bytes)                                                                       
                                                                               


In api.php line 2935:
                                                                               
  Allowed memory size of 536870912 bytes exhausted (tried to allocate 524288   
  bytes)                                                                       
                                                                               


In api.php line 2935:
                                                                               
  Allowed memory size of 536870912 bytes exhausted (tried to allocate 524288   
  bytes)                                                                       
                                                                               


In api.php line 2935:
                                                                               
  Allowed memory size of 536870912 bytes exhausted (tried to allocate 524288   
  bytes)                                                                       
                                                                               


In api.php line 2935:
                                                                               
  Allowed memory size of 536870912 bytes exhausted (tried to allocate 524288   
  bytes)                                                                       
                                                                               


In api.php line 2935:
                                                                               
  Allowed memory size of 536870912 bytes exhausted (tried to allocate 524288   
  bytes)                                                                       
                                                                               


In api.php line 2935:
                                                                               
  Allowed memory size of 536870912 bytes exhausted (tried to allocate 524288   
  bytes)                                                                       
                                                                               


In api.php line 2935:
                                                                               
  Allowed memory size of 536870912 bytes exhausted (tried to allocate 524288   
  bytes)                                                                       
                                                                               


In api.php line 2935:
                                                                               
  Allowed memory size of 536870912 bytes exhausted (tried to allocate 524288   
  bytes)                                                                       
                                                                               


In api.php line 2935:
                                                                               
  Allowed memory size of 536870912 bytes exhausted (tried to allocate 524288   
  bytes)                                                                       
                                                                               


In api.php line 2935:
                                                                               
  Allowed memory size of 536870912 bytes exhausted (tried to allocate 524288   
  bytes)                                                                       
                                                                               


In api.php line 2935:
                                                                               
  Allowed memory size of 536870912 bytes exhausted (tried to allocate 524288   
  bytes)                                                                       
                                                                               


In api.php line 2935:
                                                                               
  Allowed memory size of 536870912 bytes exhausted (tried to allocate 524288   
  bytes)                                                                       
                                                                               


In api.php line 2935:
                                                                               
  Allowed memory size of 536870912 bytes exhausted (tried to allocate 524288   
  bytes)                                                                       
                                                                               


In api.php line 2935:
                                                                               
  Allowed memory size of 536870912 bytes exhausted (tried to allocate 524288   
  bytes)                                                                       
                                                                               


In api.php line 2935:
                                                                               
  Allowed memory size of 536870912 bytes exhausted (tried to allocate 524288   
  bytes)                                                                       
                                                                               


In api.php line 2935:
                                                                               
  Allowed memory size of 536870912 bytes exhausted (tried to allocate 524288   
  bytes)                                                                       
                                                                               


In api.php line 2935:
                                                                               
  Allowed memory size of 536870912 bytes exhausted (tried to allocate 524288   
  bytes)                                                                       
                                                                               


In api.php line 2935:
                                                                               
  Allowed memory size of 536870912 bytes exhausted (tried to allocate 524288   
  bytes)                                                                       
                                                                               


In api.php line 2935:
                                                                               
  Allowed memory size of 536870912 bytes exhausted (tried to allocate 524288   
  bytes)                                                                       
                                                                               


In api.php line 2935:
                                                                               
  Allowed memory size of 536870912 bytes exhausted (tried to allocate 524288   
  bytes)                                                                       
                                                                               


In api.php line 2935:
                                                                               
  Allowed memory size of 536870912 bytes exhausted (tried to allocate 524288   
  bytes)                                                                       
                                                                               


In api.php line 2935:
                                                                               
  Allowed memory size of 536870912 bytes exhausted (tried to allocate 524288   
  bytes)                                                                       
                                                                               


In api.php line 2935:
                                                                               
  Allowed memory size of 536870912 bytes exhausted (tried to allocate 524288   
  bytes)                                                                       
                                                                               


In api.php line 2935:
                                                                               
  Allowed memory size of 536870912 bytes exhausted (tried to allocate 524288   
  bytes)                                                                       
                                                                               


In api.php line 2935:
                                                                               
  Allowed memory size of 536870912 bytes exhausted (tried to allocate 524288   
  bytes)                                                                       
                                                                               


In api.php line 2935:
                                                                               
  Allowed memory size of 536870912 bytes exhausted (tried to allocate 524288   
  bytes)                                                                       
                                                                               


In api.php line 2935:
                                                                               
  Allowed memory size of 536870912 bytes exhausted (tried to allocate 524288   
  bytes)                                                                       
                                                                               


In api.php line 2935:
                                                                               
  Allowed memory size of 536870912 bytes exhausted (tried to allocate 524288   
  bytes)                                                                       
                                                                               


In api.php line 2935:
                                                                               
  Allowed memory size of 536870912 bytes exhausted (tried to allocate 524288   
  bytes)                                                                       
                                                                               


In api.php line 2935:
                                                                               
  Allowed memory size of 536870912 bytes exhausted (tried to allocate 524288   
  bytes)                                                                       
                                                                               


In api.php line 2935:
                                                                               
  Allowed memory size of 536870912 bytes exhausted (tried to allocate 524288   
  bytes)                                                                       
                                                                               


In api.php line 2935:
                                                                               
  Allowed memory size of 536870912 bytes exhausted (tried to allocate 524288   
  bytes)                                                                       
                                                                               


In api.php line 2935:
                                                                               
  Allowed memory size of 536870912 bytes exhausted (tried to allocate 524288   
  bytes)                                                                       
                                                                               


In api.php line 2935:
                                                                               
  Allowed memory size of 536870912 bytes exhausted (tried to allocate 524288   
  bytes)                                                                       
                                                                               


In api.php line 2935:
                                                                               
  Allowed memory size of 536870912 bytes exhausted (tried to allocate 524288   
  bytes)                                                                       
                                                                               


In api.php line 2935:
                                                                               
  Allowed memory size of 536870912 bytes exhausted (tried to allocate 524288   
  bytes)                                                                       
                                                                               


In api.php line 2935:
                                                                               
  Allowed memory size of 536870912 bytes exhausted (tried to allocate 524288   
  bytes)                                                                       
                                                                               


In api.php line 2935:
                                                                               
  Allowed memory size of 536870912 bytes exhausted (tried to allocate 524288   
  bytes)                                                                       
                                                                               


In api.php line 2935:
                                                                               
  Allowed memory size of 536870912 bytes exhausted (tried to allocate 524288   
  bytes)                                                                       
                                                                               


In api.php line 2935:
                                                                               
  Allowed memory size of 536870912 bytes exhausted (tried to allocate 524288   
  bytes)                                                                       
                                                                               


In api.php line 2935:
                                                                               
  Allowed memory size of 536870912 bytes exhausted (tried to allocate 524288   
  bytes)                                                                       
                                                                               


In api.php line 2935:
                                                                               
  Allowed memory size of 536870912 bytes exhausted (tried to allocate 524288   
  bytes)                                                                       
                                                                               


In api.php line 2935:
                                                                               
  Allowed memory size of 536870912 bytes exhausted (tried to allocate 524288   
  bytes)                                                                       
                                                                               


In api.php line 2935:
                                                                               
  Allowed memory size of 536870912 bytes exhausted (tried to allocate 524288   
  bytes)                                                                       
                                                                               


In api.php line 2935:
                                                                               
  Allowed memory size of 536870912 bytes exhausted (tried to allocate 524288   
  bytes)                                                                       
                                                                               


In api.php line 2935:
                                                                               
  Allowed memory size of 536870912 bytes exhausted (tried to allocate 524288   
  bytes)                                                                       
                                                                               


In api.php line 2935:
                                                                               
  Allowed memory size of 536870912 bytes exhausted (tried to allocate 524288   
  bytes)                                                                       
                                                                               


In api.php line 2935:
                                                                               
  Allowed memory size of 536870912 bytes exhausted (tried to allocate 524288   
  bytes)                                                                       
                                                                               


In api.php line 2935:
                                                                               
  Allowed memory size of 536870912 bytes exhausted (tried to allocate 524288   
  bytes)                                                                       
                                                                               


In api.php line 2935:
                                                                               
  Allowed memory size of 536870912 bytes exhausted (tried to allocate 524288   
  bytes)                                                                       
                                                                               


In api.php line 2935:
                                                                               
  Allowed memory size of 536870912 bytes exhausted (tried to allocate 524288   
  bytes)                                                                       
                                                                               


In api.php line 2935:
                                                                               
  Allowed memory size of 536870912 bytes exhausted (tried to allocate 524288   
  bytes)                                                                       
                                                                               


In api.php line 2935:
                                                                               
  Allowed memory size of 536870912 bytes exhausted (tried to allocate 524288   
  bytes)                                                                       
                                                                               


In api.php line 2935:
                                                                               
  Allowed memory size of 536870912 bytes exhausted (tried to allocate 524288   
  bytes)                                                                       
                                                                               


In api.php line 2935:
                                                                               
  Allowed memory size of 536870912 bytes exhausted (tried to allocate 524288   
  bytes)                                                                       
                                                                               


In api.php line 2935:
                                                                               
  Allowed memory size of 536870912 bytes exhausted (tried to allocate 524288   
  bytes)                                                                       
                                                                               


In api.php line 2935:
                                                                               
  Allowed memory size of 536870912 bytes exhausted (tried to allocate 524288   
  bytes)                                                                       
                                                                               


In api.php line 2935:
                                                                               
  Allowed memory size of 536870912 bytes exhausted (tried to allocate 524288   
  bytes)                                                                       
                                                                               


In api.php line 2935:
                                                                               
  Allowed memory size of 536870912 bytes exhausted (tried to allocate 524288   
  bytes)                                                                       
                                                                               


In api.php line 2935:
                                                                               
  Allowed memory size of 536870912 bytes exhausted (tried to allocate 524288   
  bytes)                                                                       
                                                                               


In api.php line 2935:
                                                                               
  Allowed memory size of 536870912 bytes exhausted (tried to allocate 524288   
  bytes)                                                                       
                                                                               


In api.php line 2935:
                                                                               
  Allowed memory size of 536870912 bytes exhausted (tried to allocate 524288   
  bytes)                                                                       
                                                                               


In api.php line 2935:
                                                                               
  Allowed memory size of 536870912 bytes exhausted (tried to allocate 524288   
  bytes)                                                                       
                                                                               


In api.php line 2935:
                                                                               
  Allowed memory size of 536870912 bytes exhausted (tried to allocate 524288   
  bytes)                                                                       
                                                                               


In api.php line 2935:
                                                                               
  Allowed memory size of 536870912 bytes exhausted (tried to allocate 524288   
  bytes)                                                                       
                                                                               


In api.php line 2935:
                                                                               
  Allowed memory size of 536870912 bytes exhausted (tried to allocate 524288   
  bytes)                                                                       
                                                                               


In api.php line 2935:
                                                                               
  Allowed memory size of 536870912 bytes exhausted (tried to allocate 524288   
  bytes)                                                                       
                                                                               


In api.php line 2935:
                                                                               
  Allowed memory size of 536870912 bytes exhausted (tried to allocate 524288   
  bytes)                                                                       
                                                                               


In api.php line 2935:
                                                                               
  Allowed memory size of 536870912 bytes exhausted (tried to allocate 524288   
  bytes)                                                                       
                                                                               


In api.php line 2935:
                                                                               
  Allowed memory size of 536870912 bytes exhausted (tried to allocate 524288   
  bytes)                                                                       
                                                                               


In api.php line 2935:
                                                                               
  Allowed memory size of 536870912 bytes exhausted (tried to allocate 524288   
  bytes)                                                                       
                                                                               


In api.php line 2935:
                                                                               
  Allowed memory size of 536870912 bytes exhausted (tried to allocate 524288   
  bytes)                                                                       
                                                                               


In api.php line 2935:
                                                                               
  Allowed memory size of 536870912 bytes exhausted (tried to allocate 524288   
  bytes)                                                                       
                                                                               


In api.php line 2935:
                                                                               
  Allowed memory size of 536870912 bytes exhausted (tried to allocate 524288   
  bytes)                                                                       
                                                                               


In api.php line 2935:
                                                                               
  Allowed memory size of 536870912 bytes exhausted (tried to allocate 524288   
  bytes)                                                                       
                                                                               


In api.php line 2935:
                                                                               
  Allowed memory size of 536870912 bytes exhausted (tried to allocate 524288   
  bytes)                                                                       
                                                                               


In api.php line 2935:
                                                                               
  Allowed memory size of 536870912 bytes exhausted (tried to allocate 524288   
  bytes)                                                                       
                                                                               


In api.php line 2935:
                                                                               
  Allowed memory size of 536870912 bytes exhausted (tried to allocate 524288   
  bytes)                                                                       
                                                                               


In api.php line 2935:
                                                                               
  Allowed memory size of 536870912 bytes exhausted (tried to allocate 524288   
  bytes)                                                                       
                                                                               


In api.php line 2935:
                                                                               
  Allowed memory size of 536870912 bytes exhausted (tried to allocate 524288   
  bytes)                                                                       
                                                                               


In api.php line 2935:
                                                                               
  Allowed memory size of 536870912 bytes exhausted (tried to allocate 524288   
  bytes)                                                                       
                                                                               


In api.php line 2935:
                                                                               
  Allowed memory size of 536870912 bytes exhausted (tried to allocate 524288   
  bytes)                                                                       
                                                                               


In api.php line 2935:
                                                                               
  Allowed memory size of 536870912 bytes exhausted (tried to allocate 524288   
  bytes)                                                                       
                                                                               


In api.php line 2935:
                                                                               
  Allowed memory size of 536870912 bytes exhausted (tried to allocate 524288   
  bytes)                                                                       
                                                                               


In api.php line 2935:
                                                                               
  Allowed memory size of 536870912 bytes exhausted (tried to allocate 524288   
  bytes)                                                                       
                                                                               


In api.php line 2935:
                                                                               
  Allowed memory size of 536870912 bytes exhausted (tried to allocate 524288   
  bytes)                                                                       
                                                                               


In api.php line 2935:
                                                                               
  Allowed memory size of 536870912 bytes exhausted (tried to allocate 524288   
  bytes)                                                                       
                                                                               


In api.php line 2935:
                                                                               
  Allowed memory size of 536870912 bytes exhausted (tried to allocate 524288   
  bytes)                                                                       
                                                                               


In api.php line 2935:
                                                                               
  Allowed memory size of 536870912 bytes exhausted (tried to allocate 524288   
  bytes)                                                                       
                                                                               


In api.php line 2935:
                                                                               
  Allowed memory size of 536870912 bytes exhausted (tried to allocate 524288   
  bytes)                                                                       
                                                                               


In api.php line 2935:
                                                                               
  Allowed memory size of 536870912 bytes exhausted (tried to allocate 524288   
  bytes)                                                                       
                                                                               


In api.php line 2935:
                                                                               
  Allowed memory size of 536870912 bytes exhausted (tried to allocate 524288   
  bytes)                                                                       
                                                                               


In api.php line 2935:
                                                                               
  Allowed memory size of 536870912 bytes exhausted (tried to allocate 524288   
  bytes)                                                                       
                                                                               


In api.php line 2935:
                                                                               
  Allowed memory size of 536870912 bytes exhausted (tried to allocate 524288   
  bytes)                                                                       
                                                                               


In api.php line 2935:
                                                                               
  Allowed memory size of 536870912 bytes exhausted (tried to allocate 524288   
  bytes)                                                                       
                                                                               


In api.php line 2935:
                                                                               
  Allowed memory size of 536870912 bytes exhausted (tried to allocate 524288   
  bytes)                                                                       
                                                                               


In api.php line 2935:
                                                                               
  Allowed memory size of 536870912 bytes exhausted (tried to allocate 524288   
  bytes)                                                                       
                                                                               


In api.php line 2935:
                                                                               
  Allowed memory size of 536870912 bytes exhausted (tried to allocate 524288   
  bytes)                                                                       
                                                                               


In api.php line 2935:
                                                                               
  Allowed memory size of 536870912 bytes exhausted (tried to allocate 524288   
  bytes)                                                                       
                                                                               


In api.php line 2935:
                                                                               
  Allowed memory size of 536870912 bytes exhausted (tried to allocate 524288   
  bytes)                                                                       
                                                                               


In api.php line 2935:
                                                                               
  Allowed memory size of 536870912 bytes exhausted (tried to allocate 524288   
  bytes)                                                                       
                                                                               


In api.php line 2935:
                                                                               
  Allowed memory size of 536870912 bytes exhausted (tried to allocate 524288   
  bytes)                                                                       
                                                                               


In api.php line 2935:
                                                                               
  Allowed memory size of 536870912 bytes exhausted (tried to allocate 524288   
  bytes)                                                                       
                                                                               


In api.php line 2935:
                                                                               
  Allowed memory size of 536870912 bytes exhausted (tried to allocate 524288   
  bytes)                                                                       
                                                                               


In api.php line 2935:
                                                                               
  Allowed memory size of 536870912 bytes exhausted (tried to allocate 524288   
  bytes)                                                                       
                                                                               


In api.php line 2935:
                                                                               
  Allowed memory size of 536870912 bytes exhausted (tried to allocate 524288   
  bytes)                                                                       
                                                                               


In api.php line 2935:
                                                                               
  Allowed memory size of 536870912 bytes exhausted (tried to allocate 524288   
  bytes)                                                                       
                                                                               


In api.php line 2935:
                                                                               
  Allowed memory size of 536870912 bytes exhausted (tried to allocate 524288   
  bytes)                                                                       
                                                                               


In api.php line 2935:
                                                                               
  Allowed memory size of 536870912 bytes exhausted (tried to allocate 524288   
  bytes)                                                                       
                                                                               


In api.php line 2935:
                                                                               
  Allowed memory size of 536870912 bytes exhausted (tried to allocate 524288   
  bytes)                                                                       
                                                                               


In api.php line 2935:
                                                                               
  Allowed memory size of 536870912 bytes exhausted (tried to allocate 524288   
  bytes)                                                                       
                                                                               


In api.php line 2935:
                                                                               
  Allowed memory size of 536870912 bytes exhausted (tried to allocate 524288   
  bytes)                                                                       
                                                                               


In api.php line 2935:
                                                                               
  Allowed memory size of 536870912 bytes exhausted (tried to allocate 524288   
  bytes)                                                                       
                                                                               


In api.php line 2935:
                                                                               
  Allowed memory size of 536870912 bytes exhausted (tried to allocate 524288   
  bytes)                                                                       
                                                                               


In api.php line 2935:
                                                                               
  Allowed memory size of 536870912 bytes exhausted (tried to allocate 524288   
  bytes)                                                                       
                                                                               


In api.php line 2935:
                                                                               
  Allowed memory size of 536870912 bytes exhausted (tried to allocate 524288   
  bytes)                                                                       
                                                                               


In api.php line 2935:
                                                                               
  Allowed memory size of 536870912 bytes exhausted (tried to allocate 524288   
  bytes)                                                                       
                                                                               


In api.php line 2935:
                                                                               
  Allowed memory size of 536870912 bytes exhausted (tried to allocate 524288   
  bytes)                                                                       
                                                                               


In api.php line 2935:
                                                                               
  Allowed memory size of 536870912 bytes exhausted (tried to allocate 524288   
  bytes)                                                                       
                                                                               


In api.php line 2935:
                                                                               
  Allowed memory size of 536870912 bytes exhausted (tried to allocate 524288   
  bytes)                                                                       
                                                                               


In api.php line 2935:
                                                                               
  Allowed memory size of 536870912 bytes exhausted (tried to allocate 524288   
  bytes)                                                                       
                                                                               


In api.php line 2935:
                                                                               
  Allowed memory size of 536870912 bytes exhausted (tried to allocate 524288   
  bytes)                                                                       
                                                                               


In api.php line 2935:
                                                                               
  Allowed memory size of 536870912 bytes exhausted (tried to allocate 524288   
  bytes)                                                                       
                                                                               


In api.php line 2935:
                                                                               
  Allowed memory size of 536870912 bytes exhausted (tried to allocate 524288   
  bytes)                                                                       
                                                                               


In api.php line 2935:
                                                                               
  Allowed memory size of 536870912 bytes exhausted (tried to allocate 524288   
  bytes)                                                                       
                                                                               


In api.php line 2935:
                                                                               
  Allowed memory size of 536870912 bytes exhausted (tried to allocate 524288   
  bytes)                                                                       
                                                                               


In api.php line 2935:
                                                                               
  Allowed memory size of 536870912 bytes exhausted (tried to allocate 524288   
  bytes)                                                                       
                                                                               


In api.php line 2935:
                                                                               
  Allowed memory size of 536870912 bytes exhausted (tried to allocate 524288   
  bytes)                                                                       
                                                                               


In api.php line 2935:
                                                                               
  Allowed memory size of 536870912 bytes exhausted (tried to allocate 524288   
  bytes)                                                                       
                                                                               


In api.php line 2935:
                                                                               
  Allowed memory size of 536870912 bytes exhausted (tried to allocate 524288   
  bytes)                                                                       
                                                                               


In api.php line 2935:
                                                                               
  Allowed memory size of 536870912 bytes exhausted (tried to allocate 524288   
  bytes)                                                                       
                                                                               


In api.php line 2935:
                                                                               
  Allowed memory size of 536870912 bytes exhausted (tried to allocate 524288   
  bytes)                                                                       
                                                                               


In api.php line 2935:
                                                                               
  Allowed memory size of 536870912 bytes exhausted (tried to allocate 524288   
  bytes)                                                                       
                                                                               


In api.php line 2935:
                                                                               
  Allowed memory size of 536870912 bytes exhausted (tried to allocate 524288   
  bytes)                                                                       
                                                                               


In api.php line 2935:
                                                                               
  Allowed memory size of 536870912 bytes exhausted (tried to allocate 524288   
  bytes)                                                                       
                                                                               


In api.php line 2935:
                                                                               
  Allowed memory size of 536870912 bytes exhausted (tried to allocate 524288   
  bytes)                                                                       
                                                                               


In api.php line 2935:
                                                                               
  Allowed memory size of 536870912 bytes exhausted (tried to allocate 524288   
  bytes)                                                                       
                                                                               


In api.php line 2935:
                                                                               
  Allowed memory size of 536870912 bytes exhausted (tried to allocate 524288   
  bytes)                                                                       
                                                                               


In api.php line 2935:
                                                                               
  Allowed memory size of 536870912 bytes exhausted (tried to allocate 524288   
  bytes)                                                                       
                                                                               


In api.php line 2935:
                                                                               
  Allowed memory size of 536870912 bytes exhausted (tried to allocate 524288   
  bytes)                                                                       
                                                                               


In api.php line 2935:
                                                                               
  Allowed memory size of 536870912 bytes exhausted (tried to allocate 524288   
  bytes)                                                                       
                                                                               


In api.php line 2935:
                                                                               
  Allowed memory size of 536870912 bytes exhausted (tried to allocate 524288   
  bytes)                                                                       
                                                                               


In api.php line 2935:
                                                                               
  Allowed memory size of 536870912 bytes exhausted (tried to allocate 524288   
  bytes)                                                                       
                                                                               


In api.php line 2935:
                                                                               
  Allowed memory size of 536870912 bytes exhausted (tried to allocate 524288   
  bytes)                                                                       
                                                                               


In api.php line 2935:
                                                                               
  Allowed memory size of 536870912 bytes exhausted (tried to allocate 524288   
  bytes)                                                                       
                                                                               


In api.php line 2935:
                                                                               
  Allowed memory size of 536870912 bytes exhausted (tried to allocate 524288   
  bytes)                                                                       
                                                                               


In api.php line 2935:
                                                                               
  Allowed memory size of 536870912 bytes exhausted (tried to allocate 524288   
  bytes)                                                                       
                                                                               


In api.php line 2935:
                                                                               
  Allowed memory size of 536870912 bytes exhausted (tried to allocate 524288   
  bytes)                                                                       
                                                                               


In api.php line 2935:
                                                                               
  Allowed memory size of 536870912 bytes exhausted (tried to allocate 524288   
  bytes)                                                                       
                                                                               


In api.php line 2935:
                                                                               
  Allowed memory size of 536870912 bytes exhausted (tried to allocate 524288   
  bytes)                                                                       
                                                                               


In api.php line 2935:
                                                                               
  Allowed memory size of 536870912 bytes exhausted (tried to allocate 524288   
  bytes)                                                                       
                                                                               


In api.php line 2935:
                                                                               
  Allowed memory size of 536870912 bytes exhausted (tried to allocate 524288   
  bytes)                                                                       
                                                                               


In api.php line 2935:
                                                                               
  Allowed memory size of 536870912 bytes exhausted (tried to allocate 524288   
  bytes)                                                                       
                                                                               


In api.php line 2935:
                                                                               
  Allowed memory size of 536870912 bytes exhausted (tried to allocate 524288   
  bytes)                                                                       
                                                                               


In api.php line 2935:
                                                                               
  Allowed memory size of 536870912 bytes exhausted (tried to allocate 524288   
  bytes)                                                                       
                                                                               


In api.php line 2935:
                                                                               
  Allowed memory size of 536870912 bytes exhausted (tried to allocate 524288   
  bytes)                                                                       
                                                                               


In api.php line 2935:
                                                                               
  Allowed memory size of 536870912 bytes exhausted (tried to allocate 524288   
  bytes)                                                                       
                                                                               


In api.php line 2935:
                                                                               
  Allowed memory size of 536870912 bytes exhausted (tried to allocate 524288   
  bytes)                                                                       
                                                                               


In api.php line 2935:
                                                                               
  Allowed memory size of 536870912 bytes exhausted (tried to allocate 524288   
  bytes)                                                                       
                                                                               


In api.php line 2935:
                                                                               
  Allowed memory size of 536870912 bytes exhausted (tried to allocate 524288   
  bytes)                                                                       
                                                                               


In api.php line 2935:
                                                                               
  Allowed memory size of 536870912 bytes exhausted (tried to allocate 524288   
  bytes)                                                                       
                                                                               


In api.php line 2935:
                                                                               
  Allowed memory size of 536870912 bytes exhausted (tried to allocate 524288   
  bytes)                                                                       
                                                                               


In api.php line 2935:
                                                                               
  Allowed memory size of 536870912 bytes exhausted (tried to allocate 524288   
  bytes)                                                                       
                                                                               


In api.php line 2935:
                                                                               
  Allowed memory size of 536870912 bytes exhausted (tried to allocate 524288   
  bytes)                                                                       
                                                                               


In api.php line 2935:
                                                                               
  Allowed memory size of 536870912 bytes exhausted (tried to allocate 524288   
  bytes)                                                                       
                                                                               


In api.php line 2935:
                                                                               
  Allowed memory size of 536870912 bytes exhausted (tried to allocate 524288   
  bytes)                                                                       
                                                                               


In api.php line 2935:
                                                                               
  Allowed memory size of 536870912 bytes exhausted (tried to allocate 524288   
  bytes)                                                                       
                                                                               


In api.php line 2935:
                                                                               
  Allowed memory size of 536870912 bytes exhausted (tried to allocate 524288   
  bytes)                                                                       
                                                                               


In api.php line 2935:
                                                                               
  Allowed memory size of 536870912 bytes exhausted (tried to allocate 524288   
  bytes)                                                                       
                                                                               


In api.php line 2935:
                                                                               
  Allowed memory size of 536870912 bytes exhausted (tried to allocate 524288   
  bytes)                                                                       
                                                                               


In api.php line 2935:
                                                                               
  Allowed memory size of 536870912 bytes exhausted (tried to allocate 524288   
  bytes)                                                                       
                                                                               


In api.php line 2935:
                                                                               
  Allowed memory size of 536870912 bytes exhausted (tried to allocate 524288   
  bytes)                                                                       
                                                                               


In api.php line 2935:
                                                                               
  Allowed memory size of 536870912 bytes exhausted (tried to allocate 524288   
  bytes)                                                                       
                                                                               


In api.php line 2935:
                                                                               
  Allowed memory size of 536870912 bytes exhausted (tried to allocate 524288   
  bytes)                                                                       
                                                                               


In api.php line 2935:
                                                                               
  Allowed memory size of 536870912 bytes exhausted (tried to allocate 524288   
  bytes)                                                                       
                                                                               


In api.php line 2935:
                                                                               
  Allowed memory size of 536870912 bytes exhausted (tried to allocate 524288   
  bytes)                                                                       
                                                                               


In api.php line 2935:
                                                                               
  Allowed memory size of 536870912 bytes exhausted (tried to allocate 524288   
  bytes)                                                                       
                                                                               


In api.php line 2935:
                                                                               
  Allowed memory size of 536870912 bytes exhausted (tried to allocate 524288   
  bytes)                                                                       
                                                                               


In api.php line 2935:
                                                                               
  Allowed memory size of 536870912 bytes exhausted (tried to allocate 524288   
  bytes)                                                                       
                                                                               


In api.php line 2935:
                                                                               
  Allowed memory size of 536870912 bytes exhausted (tried to allocate 524288   
  bytes)                                                                       
                                                                               


In api.php line 2935:
                                                                               
  Allowed memory size of 536870912 bytes exhausted (tried to allocate 524288   
  bytes)                                                                       
                                                                               


In api.php line 2935:
                                                                               
  Allowed memory size of 536870912 bytes exhausted (tried to allocate 524288   
  bytes)                                                                       
                                                                               


In api.php line 2935:
                                                                               
  Allowed memory size of 536870912 bytes exhausted (tried to allocate 524288   
  bytes)                                                                       
                                                                               


In api.php line 2935:
                                                                               
  Allowed memory size of 536870912 bytes exhausted (tried to allocate 524288   
  bytes)                                                                       
                                                                               


In api.php line 2935:
                                                                               
  Allowed memory size of 536870912 bytes exhausted (tried to allocate 524288   
  bytes)                                                                       
                                                                               


In api.php line 2935:
                                                                               
  Allowed memory size of 536870912 bytes exhausted (tried to allocate 524288   
  bytes)                                                                       
                                                                               


In api.php line 2935:
                                                                               
  Allowed memory size of 536870912 bytes exhausted (tried to allocate 524288   
  bytes)                                                                       
                                                                               


In api.php line 2935:
                                                                               
  Allowed memory size of 536870912 bytes exhausted (tried to allocate 524288   
  bytes)                                                                       
                                                                               


In api.php line 2935:
                                                                               
  Allowed memory size of 536870912 bytes exhausted (tried to allocate 524288   
  bytes)                                                                       
                                                                               


In api.php line 2935:
                                                                               
  Allowed memory size of 536870912 bytes exhausted (tried to allocate 524288   
  bytes)                                                                       
                                                                               


In api.php line 2935:
                                                                               
  Allowed memory size of 536870912 bytes exhausted (tried to allocate 524288   
  bytes)                                                                       
                                                                               


In api.php line 2935:
                                                                               
  Allowed memory size of 536870912 bytes exhausted (tried to allocate 524288   
  bytes)                                                                       
                                                                               


In api.php line 2935:
                                                                               
  Allowed memory size of 536870912 bytes exhausted (tried to allocate 524288   
  bytes)                                                                       
                                                                               


In api.php line 2935:
                                                                               
  Allowed memory size of 536870912 bytes exhausted (tried to allocate 524288   
  bytes)                                                                       
                                                                               


In api.php line 2935:
                                                                               
  Allowed memory size of 536870912 bytes exhausted (tried to allocate 524288   
  bytes)                                                                       
                                                                               


In api.php line 2935:
                                                                               
  Allowed memory size of 536870912 bytes exhausted (tried to allocate 524288   
  bytes)                                                                       
                                                                               


In api.php line 2935:
                                                                               
  Allowed memory size of 536870912 bytes exhausted (tried to allocate 524288   
  bytes)                                                                       
                                                                               


In api.php line 2935:
                                                                               
  Allowed memory size of 536870912 bytes exhausted (tried to allocate 524288   
  bytes)                                                                       
                                                                               


In api.php line 2935:
                                                                               
  Allowed memory size of 536870912 bytes exhausted (tried to allocate 524288   
  bytes)                                                                       
                                                                               


In api.php line 2935:
                                                                               
  Allowed memory size of 536870912 bytes exhausted (tried to allocate 524288   
  bytes)                                                                       
                                                                               


In api.php line 2935:
                                                                               
  Allowed memory size of 536870912 bytes exhausted (tried to allocate 524288   
  bytes)                                                                       
                                                                               


In api.php line 2935:
                                                                               
  Allowed memory size of 536870912 bytes exhausted (tried to allocate 524288   
  bytes)                                                                       
                                                                               


In api.php line 2935:
                                                                               
  Allowed memory size of 536870912 bytes exhausted (tried to allocate 524288   
  bytes)                                                                       
                                                                               


In api.php line 2935:
                                                                               
  Allowed memory size of 536870912 bytes exhausted (tried to allocate 524288   
  bytes)                                                                       
                                                                               


In api.php line 2935:
                                                                               
  Allowed memory size of 536870912 bytes exhausted (tried to allocate 524288   
  bytes)                                                                       
                                                                               


In api.php line 2935:
                                                                               
  Allowed memory size of 536870912 bytes exhausted (tried to allocate 524288   
  bytes)                                                                       
                                                                               


In api.php line 2935:
                                                                               
  Allowed memory size of 536870912 bytes exhausted (tried to allocate 524288   
  bytes)                                                                       
                                                                               


In api.php line 2935:
                                                                               
  Allowed memory size of 536870912 bytes exhausted (tried to allocate 524288   
  bytes)                                                                       
                                                                               


In api.php line 2935:
                                                                               
  Allowed memory size of 536870912 bytes exhausted (tried to allocate 524288   
  bytes)                                                                       
                                                                               


In api.php line 2935:
                                                                               
  Allowed memory size of 536870912 bytes exhausted (tried to allocate 524288   
  bytes)                                                                       
                                                                               


In api.php line 2935:
                                                                               
  Allowed memory size of 536870912 bytes exhausted (tried to allocate 524288   
  bytes)                                                                       
                                                                               


In api.php line 2935:
                                                                               
  Allowed memory size of 536870912 bytes exhausted (tried to allocate 524288   
  bytes)                                                                       
                                                                               


In api.php line 2935:
                                                                               
  Allowed memory size of 536870912 bytes exhausted (tried to allocate 524288   
  bytes)                                                                       
                                                                               


In api.php line 2935:
                                                                               
  Allowed memory size of 536870912 bytes exhausted (tried to allocate 524288   
  bytes)                                                                       
                                                                               


In api.php line 2935:
                                                                               
  Allowed memory size of 536870912 bytes exhausted (tried to allocate 524288   
  bytes)                                                                       
                                                                               


In api.php line 2935:
                                                                               
  Allowed memory size of 536870912 bytes exhausted (tried to allocate 524288   
  bytes)                                                                       
                                                                               


In api.php line 2935:
                                                                               
  Allowed memory size of 536870912 bytes exhausted (tried to allocate 524288   
  bytes)                                                                       
                                                                               


In api.php line 2935:
                                                                               
  Allowed memory size of 536870912 bytes exhausted (tried to allocate 524288   
  bytes)                                                                       
                                                                               


In api.php line 2935:
                                                                               
  Allowed memory size of 536870912 bytes exhausted (tried to allocate 524288   
  bytes)                                                                       
                                                                               


In api.php line 2935:
                                                                               
  Allowed memory size of 536870912 bytes exhausted (tried to allocate 524288   
  bytes)                                                                       
                                                                               


In api.php line 2935:
                                                                               
  Allowed memory size of 536870912 bytes exhausted (tried to allocate 524288   
  bytes)                                                                       
                                                                               


In api.php line 2935:
                                                                               
  Allowed memory size of 536870912 bytes exhausted (tried to allocate 524288   
  bytes)                                                                       
                                                                               


In api.php line 2935:
                                                                               
  Allowed memory size of 536870912 bytes exhausted (tried to allocate 524288   
  bytes)                                                                       
                                                                               


In api.php line 2935:
                                                                               
  Allowed memory size of 536870912 bytes exhausted (tried to allocate 524288   
  bytes)                                                                       
                                                                               


In api.php line 2935:
                                                                               
  Allowed memory size of 536870912 bytes exhausted (tried to allocate 524288   
  bytes)                                                                       
                                                                               


In api.php line 2935:
                                                                               
  Allowed memory size of 536870912 bytes exhausted (tried to allocate 524288   
  bytes)                                                                       
                                                                               


In api.php line 2935:
                                                                               
  Allowed memory size of 536870912 bytes exhausted (tried to allocate 524288   
  bytes)                                                                       
                                                                               


In api.php line 2935:
                                                                               
  Allowed memory size of 536870912 bytes exhausted (tried to allocate 524288   
  bytes)                                                                       
                                                                               


In api.php line 2935:
                                                                               
  Allowed memory size of 536870912 bytes exhausted (tried to allocate 524288   
  bytes)                                                                       
                                                                               


In api.php line 2935:
                                                                               
  Allowed memory size of 536870912 bytes exhausted (tried to allocate 524288   
  bytes)                                                                       
                                                                               


In api.php line 2935:
                                                                               
  Allowed memory size of 536870912 bytes exhausted (tried to allocate 524288   
  bytes)                                                                       
                                                                               


In api.php line 2935:
                                                                               
  Allowed memory size of 536870912 bytes exhausted (tried to allocate 524288   
  bytes)                                                                       
                                                                               


In api.php line 2935:
                                                                               
  Allowed memory size of 536870912 bytes exhausted (tried to allocate 524288   
  bytes)                                                                       
                                                                               


In api.php line 2935:
                                                                               
  Allowed memory size of 536870912 bytes exhausted (tried to allocate 524288   
  bytes)                                                                       
                                                                               


In api.php line 2935:
                                                                               
  Allowed memory size of 536870912 bytes exhausted (tried to allocate 524288   
  bytes)                                                                       
                                                                               


In api.php line 2935:
                                                                               
  Allowed memory size of 536870912 bytes exhausted (tried to allocate 524288   
  bytes)                                                                       
                                                                               


In api.php line 2935:
                                                                               
  Allowed memory size of 536870912 bytes exhausted (tried to allocate 524288   
  bytes)                                                                       
                                                                               


In api.php line 2935:
                                                                               
  Allowed memory size of 536870912 bytes exhausted (tried to allocate 524288   
  bytes)                                                                       
                                                                               


In api.php line 2935:
                                                                               
  Allowed memory size of 536870912 bytes exhausted (tried to allocate 524288   
  bytes)                                                                       
                                                                               


In api.php line 2935:
                                                                               
  Allowed memory size of 536870912 bytes exhausted (tried to allocate 524288   
  bytes)                                                                       
                                                                               


In api.php line 2935:
                                                                               
  Allowed memory size of 536870912 bytes exhausted (tried to allocate 524288   
  bytes)                                                                       
                                                                               


In api.php line 2935:
                                                                               
  Allowed memory size of 536870912 bytes exhausted (tried to allocate 524288   
  bytes)                                                                       
                                                                               


In api.php line 2935:
                                                                               
  Allowed memory size of 536870912 bytes exhausted (tried to allocate 524288   
  bytes)                                                                       
                                                                               


In api.php line 2935:
                                                                               
  Allowed memory size of 536870912 bytes exhausted (tried to allocate 524288   
  bytes)                                                                       
                                                                               


In api.php line 2935:
                                                                               
  Allowed memory size of 536870912 bytes exhausted (tried to allocate 524288   
  bytes)                                                                       
                                                                               


In api.php line 2935:
                                                                               
  Allowed memory size of 536870912 bytes exhausted (tried to allocate 524288   
  bytes)                                                                       
                                                                               


In api.php line 2935:
                                                                               
  Allowed memory size of 536870912 bytes exhausted (tried to allocate 524288   
  bytes)                                                                       
                                                                               


In api.php line 2935:
                                                                               
  Allowed memory size of 536870912 bytes exhausted (tried to allocate 524288   
  bytes)                                                                       
                                                                               


In api.php line 2935:
                                                                               
  Allowed memory size of 536870912 bytes exhausted (tried to allocate 524288   
  bytes)                                                                       
                                                                               


In api.php line 2935:
                                                                               
  Allowed memory size of 536870912 bytes exhausted (tried to allocate 524288   
  bytes)                                                                       
                                                                               


In api.php line 2935:
                                                                               
  Allowed memory size of 536870912 bytes exhausted (tried to allocate 524288   
  bytes)                                                                       
                                                                               


In api.php line 2935:
                                                                               
  Allowed memory size of 536870912 bytes exhausted (tried to allocate 524288   
  bytes)                                                                       
                                                                               


In api.php line 2935:
                                                                               
  Allowed memory size of 536870912 bytes exhausted (tried to allocate 524288   
  bytes)                                                                       
                                                                               


In api.php line 2935:
                                                                               
  Allowed memory size of 536870912 bytes exhausted (tried to allocate 524288   
  bytes)                                                                       
                                                                               


In api.php line 2935:
                                                                               
  Allowed memory size of 536870912 bytes exhausted (tried to allocate 524288   
  bytes)                                                                       
                                                                               


In api.php line 2935:
                                                                               
  Allowed memory size of 536870912 bytes exhausted (tried to allocate 524288   
  bytes)                                                                       
                                                                               


In api.php line 2935:
                                                                               
  Allowed memory size of 536870912 bytes exhausted (tried to allocate 524288   
  bytes)                                                                       
                                                                               


In api.php line 2935:
                                                                               
  Allowed memory size of 536870912 bytes exhausted (tried to allocate 524288   
  bytes)                                                                       
                                                                               


In api.php line 2935:
                                                                               
  Allowed memory size of 536870912 bytes exhausted (tried to allocate 524288   
  bytes)                                                                       
                                                                               


In api.php line 2935:
                                                                               
  Allowed memory size of 536870912 bytes exhausted (tried to allocate 524288   
  bytes)                                                                       
                                                                               


In api.php line 2935:
                                                                               
  Allowed memory size of 536870912 bytes exhausted (tried to allocate 524288   
  bytes)                                                                       
                                                                               


In api.php line 2935:
                                                                               
  Allowed memory size of 536870912 bytes exhausted (tried to allocate 524288   
  bytes)                                                                       
                                                                               


In api.php line 2935:
                                                                               
  Allowed memory size of 536870912 bytes exhausted (tried to allocate 524288   
  bytes)                                                                       
                                                                               


In api.php line 2935:
                                                                               
  Allowed memory size of 536870912 bytes exhausted (tried to allocate 524288   
  bytes)                                                                       
                                                                               


In api.php line 2935:
                                                                               
  Allowed memory size of 536870912 bytes exhausted (tried to allocate 524288   
  bytes)                                                                       
                                                                               


In api.php line 2935:
                                                                               
  Allowed memory size of 536870912 bytes exhausted (tried to allocate 524288   
  bytes)                                                                       
                                                                               


In api.php line 2935:
                                                                               
  Allowed memory size of 536870912 bytes exhausted (tried to allocate 524288   
  bytes)                                                                       
                                                                               


In api.php line 2935:
                                                                               
  Allowed memory size of 536870912 bytes exhausted (tried to allocate 524288   
  bytes)                                                                       
                                                                               


In api.php line 2935:
                                                                               
  Allowed memory size of 536870912 bytes exhausted (tried to allocate 524288   
  bytes)                                                                       
                                                                               


In api.php line 2935:
                                                                               
  Allowed memory size of 536870912 bytes exhausted (tried to allocate 524288   
  bytes)                                                                       
                                                                               


In api.php line 2935:
                                                                               
  Allowed memory size of 536870912 bytes exhausted (tried to allocate 524288   
  bytes)                                                                       
                                                                               


In api.php line 2935:
                                                                               
  Allowed memory size of 536870912 bytes exhausted (tried to allocate 524288   
  bytes)                                                                       
                                                                               


In api.php line 2935:
                                                                               
  Allowed memory size of 536870912 bytes exhausted (tried to allocate 524288   
  bytes)                                                                       
                                                                               


In api.php line 2935:
                                                                               
  Allowed memory size of 536870912 bytes exhausted (tried to allocate 524288   
  bytes)                                                                       
                                                                               


In api.php line 2935:
                                                                               
  Allowed memory size of 536870912 bytes exhausted (tried to allocate 524288   
  bytes)                                                                       
                                                                               


In api.php line 2935:
                                                                               
  Allowed memory size of 536870912 bytes exhausted (tried to allocate 524288   
  bytes)                                                                       
                                                                               


In api.php line 2935:
                                                                               
  Allowed memory size of 536870912 bytes exhausted (tried to allocate 524288   
  bytes)                                                                       
                                                                               


In api.php line 2935:
                                                                               
  Allowed memory size of 536870912 bytes exhausted (tried to allocate 524288   
  bytes)                                                                       
                                                                               


In api.php line 2935:
                                                                               
  Allowed memory size of 536870912 bytes exhausted (tried to allocate 524288   
  bytes)                                                                       
                                                                               


In api.php line 2935:
                                                                               
  Allowed memory size of 536870912 bytes exhausted (tried to allocate 524288   
  bytes)                                                                       
                                                                               


In api.php line 2935:
                                                                               
  Allowed memory size of 536870912 bytes exhausted (tried to allocate 524288   
  bytes)                                                                       
                                                                               


In api.php line 2935:
                                                                               
  Allowed memory size of 536870912 bytes exhausted (tried to allocate 524288   
  bytes)                                                                       
                                                                               


In api.php line 2935:
                                                                               
  Allowed memory size of 536870912 bytes exhausted (tried to allocate 524288   
  bytes)                                                                       
                                                                               


In api.php line 2935:
                                                                               
  Allowed memory size of 536870912 bytes exhausted (tried to allocate 524288   
  bytes)                                                                       
                                                                               


In api.php line 2935:
                                                                               
  Allowed memory size of 536870912 bytes exhausted (tried to allocate 524288   
  bytes)                                                                       
                                                                               


In api.php line 2935:
                                                                               
  Allowed memory size of 536870912 bytes exhausted (tried to allocate 524288   
  bytes)                                                                       
                                                                               


In api.php line 2935:
                                                                               
  Allowed memory size of 536870912 bytes exhausted (tried to allocate 524288   
  bytes)                                                                       
                                                                               


In api.php line 2935:
                                                                               
  Allowed memory size of 536870912 bytes exhausted (tried to allocate 524288   
  bytes)                                                                       
                                                                               


In api.php line 2935:
                                                                               
  Allowed memory size of 536870912 bytes exhausted (tried to allocate 524288   
  bytes)                                                                       
                                                                               


In api.php line 2935:
                                                                               
  Allowed memory size of 536870912 bytes exhausted (tried to allocate 524288   
  bytes)                                                                       
                                                                               


In api.php line 2935:
                                                                               
  Allowed memory size of 536870912 bytes exhausted (tried to allocate 524288   
  bytes)                                                                       
                                                                               


In api.php line 2935:
                                                                               
  Allowed memory size of 536870912 bytes exhausted (tried to allocate 524288   
  bytes)                                                                       
                                                                               


In api.php line 2935:
                                                                               
  Allowed memory size of 536870912 bytes exhausted (tried to allocate 524288   
  bytes)                                                                       
                                                                               


In api.php line 2935:
                                                                               
  Allowed memory size of 536870912 bytes exhausted (tried to allocate 524288   
  bytes)                                                                       
                                                                               


In api.php line 2935:
                                                                               
  Allowed memory size of 536870912 bytes exhausted (tried to allocate 524288   
  bytes)                                                                       
                                                                               


In api.php line 2935:
                                                                               
  Allowed memory size of 536870912 bytes exhausted (tried to allocate 524288   
  bytes)                                                                       
                                                                               


In api.php line 2935:
                                                                               
  Allowed memory size of 536870912 bytes exhausted (tried to allocate 524288   
  bytes)                                                                       
                                                                               


In api.php line 2935:
                                                                               
  Allowed memory size of 536870912 bytes exhausted (tried to allocate 524288   
  bytes)                                                                       
                                                                               


In api.php line 2935:
                                                                               
  Allowed memory size of 536870912 bytes exhausted (tried to allocate 524288   
  bytes)                                                                       
                                                                               


In api.php line 2935:
                                                                               
  Allowed memory size of 536870912 bytes exhausted (tried to allocate 524288   
  bytes)                                                                       
                                                                               


In api.php line 2935:
                                                                               
  Allowed memory size of 536870912 bytes exhausted (tried to allocate 524288   
  bytes)                                                                       
                                                                               


In api.php line 2935:
                                                                               
  Allowed memory size of 536870912 bytes exhausted (tried to allocate 524288   
  bytes)                                                                       
                                                                               


In api.php line 2935:
                                                                               
  Allowed memory size of 536870912 bytes exhausted (tried to allocate 524288   
  bytes)                                                                       
                                                                               


In api.php line 2935:
                                                                               
  Allowed memory size of 536870912 bytes exhausted (tried to allocate 524288   
  bytes)                                                                       
                                                                               


In api.php line 2935:
                                                                               
  Allowed memory size of 536870912 bytes exhausted (tried to allocate 524288   
  bytes)                                                                       
                                                                               


In api.php line 2935:
                                                                               
  Allowed memory size of 536870912 bytes exhausted (tried to allocate 524288   
  bytes)                                                                       
                                                                               


In api.php line 2935:
                                                                               
  Allowed memory size of 536870912 bytes exhausted (tried to allocate 524288   
  bytes)                                                                       
                                                                               


In api.php line 2935:
                                                                               
  Allowed memory size of 536870912 bytes exhausted (tried to allocate 524288   
  bytes)                                                                       
                                                                               


In api.php line 2935:
                                                                               
  Allowed memory size of 536870912 bytes exhausted (tried to allocate 524288   
  bytes)                                                                       
                                                                               


In api.php line 2935:
                                                                               
  Allowed memory size of 536870912 bytes exhausted (tried to allocate 524288   
  bytes)                                                                       
                                                                               


In api.php line 2935:
                                                                               
  Allowed memory size of 536870912 bytes exhausted (tried to allocate 524288   
  bytes)                                                                       
                                                                               


In api.php line 2935:
                                                                               
  Allowed memory size of 536870912 bytes exhausted (tried to allocate 524288   
  bytes)                                                                       
                                                                               


In api.php line 2935:
                                                                               
  Allowed memory size of 536870912 bytes exhausted (tried to allocate 524288   
  bytes)                                                                       
                                                                               


In api.php line 2935:
                                                                               
  Allowed memory size of 536870912 bytes exhausted (tried to allocate 524288   
  bytes)                                                                       
                                                                               


In api.php line 2935:
                                                                               
  Allowed memory size of 536870912 bytes exhausted (tried to allocate 524288   
  bytes)                                                                       
                                                                               


In api.php line 2935:
                                                                               
  Allowed memory size of 536870912 bytes exhausted (tried to allocate 524288   
  bytes)                                                                       
                                                                               


In api.php line 2935:
                                                                               
  Allowed memory size of 536870912 bytes exhausted (tried to allocate 524288   
  bytes)                                                                       
                                                                               


In api.php line 2935:
                                                                               
  Allowed memory size of 536870912 bytes exhausted (tried to allocate 524288   
  bytes)                                                                       
                                                                               


In api.php line 2935:
                                                                               
  Allowed memory size of 536870912 bytes exhausted (tried to allocate 524288   
  bytes)                                                                       
                                                                               


In api.php line 2935:
                                                                               
  Allowed memory size of 536870912 bytes exhausted (tried to allocate 524288   
  bytes)                                                                       
                                                                               


In api.php line 2935:
                                                                               
  Allowed memory size of 536870912 bytes exhausted (tried to allocate 524288   
  bytes)                                                                       
                                                                               


In api.php line 2935:
                                                                               
  Allowed memory size of 536870912 bytes exhausted (tried to allocate 524288   
  bytes)                                                                       
                                                                               


In api.php line 2935:
                                                                               
  Allowed memory size of 536870912 bytes exhausted (tried to allocate 524288   
  bytes)                                                                       
                                                                               


In api.php line 2935:
                                                                               
  Allowed memory size of 536870912 bytes exhausted (tried to allocate 524288   
  bytes)                                                                       
                                                                               


In api.php line 2935:
                                                                               
  Allowed memory size of 536870912 bytes exhausted (tried to allocate 524288   
  bytes)                                                                       
                                                                               


In api.php line 2935:
                                                                               
  Allowed memory size of 536870912 bytes exhausted (tried to allocate 524288   
  bytes)                                                                       
                                                                               


In api.php line 2935:
                                                                               
  Allowed memory size of 536870912 bytes exhausted (tried to allocate 524288   
  bytes)                                                                       
                                                                               


In api.php line 2935:
                                                                               
  Allowed memory size of 536870912 bytes exhausted (tried to allocate 524288   
  bytes)                                                                       
                                                                               


In api.php line 2935:
                                                                               
  Allowed memory size of 536870912 bytes exhausted (tried to allocate 524288   
  bytes)                                                                       
                                                                               


In api.php line 2935:
                                                                               
  Allowed memory size of 536870912 bytes exhausted (tried to allocate 524288   
  bytes)                                                                       
                                                                               


In api.php line 2935:
                                                                               
  Allowed memory size of 536870912 bytes exhausted (tried to allocate 524288   
  bytes)                                                                       
                                                                               


In api.php line 2935:
                                                                               
  Allowed memory size of 536870912 bytes exhausted (tried to allocate 524288   
  bytes)                                                                       
                                                                               


In api.php line 2935:
                                                                               
  Allowed memory size of 536870912 bytes exhausted (tried to allocate 524288   
  bytes)                                                                       
                                                                               


In api.php line 2935:
                                                                               
  Allowed memory size of 536870912 bytes exhausted (tried to allocate 524288   
  bytes)                                                                       
                                                                               


In api.php line 2935:
                                                                               
  Allowed memory size of 536870912 bytes exhausted (tried to allocate 524288   
  bytes)                                                                       
                                                                               


In api.php line 2935:
                                                                               
  Allowed memory size of 536870912 bytes exhausted (tried to allocate 524288   
  bytes)                                                                       
                                                                               


In api.php line 2935:
                                                                               
  Allowed memory size of 536870912 bytes exhausted (tried to allocate 524288   
  bytes)                                                                       
                                                                               


In api.php line 2935:
                                                                               
  Allowed memory size of 536870912 bytes exhausted (tried to allocate 524288   
  bytes)                                                                       
                                                                               


In api.php line 2935:
                                                                               
  Allowed memory size of 536870912 bytes exhausted (tried to allocate 524288   
  bytes)                                                                       
                                                                               


In api.php line 2935:
                                                                               
  Allowed memory size of 536870912 bytes exhausted (tried to allocate 524288   
  bytes)                                                                       
                                                                               


In api.php line 2935:
                                                                               
  Allowed memory size of 536870912 bytes exhausted (tried to allocate 524288   
  bytes)                                                                       
                                                                               


In api.php line 2935:
                                                                               
  Allowed memory size of 536870912 bytes exhausted (tried to allocate 524288   
  bytes)                                                                       
                                                                               


In api.php line 2935:
                                                                               
  Allowed memory size of 536870912 bytes exhausted (tried to allocate 524288   
  bytes)                                                                       
                                                                               


In api.php line 2935:
                                                                               
  Allowed memory size of 536870912 bytes exhausted (tried to allocate 524288   
  bytes)                                                                       
                                                                               


In api.php line 2935:
                                                                               
  Allowed memory size of 536870912 bytes exhausted (tried to allocate 524288   
  bytes)                                                                       
                                                                               


In api.php line 2935:
                                                                               
  Allowed memory size of 536870912 bytes exhausted (tried to allocate 524288   
  bytes)                                                                       
                                                                               


In api.php line 2935:
                                                                               
  Allowed memory size of 536870912 bytes exhausted (tried to allocate 524288   
  bytes)                                                                       
                                                                               


In api.php line 2935:
                                                                               
  Allowed memory size of 536870912 bytes exhausted (tried to allocate 524288   
  bytes)                                                                       
                                                                               


In api.php line 2935:
                                                                               
  Allowed memory size of 536870912 bytes exhausted (tried to allocate 524288   
  bytes)                                                                       
                                                                               


In api.php line 2935:
                                                                               
  Allowed memory size of 536870912 bytes exhausted (tried to allocate 524288   
  bytes)                                                                       
                                                                               


In api.php line 2935:
                                                                               
  Allowed memory size of 536870912 bytes exhausted (tried to allocate 524288   
  bytes)                                                                       
                                                                               


In api.php line 2935:
                                                                               
  Allowed memory size of 536870912 bytes exhausted (tried to allocate 524288   
  bytes)                                                                       
                                                                               


In api.php line 2935:
                                                                               
  Allowed memory size of 536870912 bytes exhausted (tried to allocate 524288   
  bytes)                                                                       
                                                                               


In api.php line 2935:
                                                                               
  Allowed memory size of 536870912 bytes exhausted (tried to allocate 524288   
  bytes)                                                                       
                                                                               


In api.php line 2935:
                                                                               
  Allowed memory size of 536870912 bytes exhausted (tried to allocate 524288   
  bytes)                                                                       
                                                                               


In api.php line 2935:
                                                                               
  Allowed memory size of 536870912 bytes exhausted (tried to allocate 524288   
  bytes)                                                                       
                                                                               


In api.php line 2935:
                                                                               
  Allowed memory size of 536870912 bytes exhausted (tried to allocate 524288   
  bytes)                                                                       
                                                                               


In api.php line 2935:
                                                                               
  Allowed memory size of 536870912 bytes exhausted (tried to allocate 524288   
  bytes)                                                                       
                                                                               


In api.php line 2935:
                                                                               
  Allowed memory size of 536870912 bytes exhausted (tried to allocate 524288   
  bytes)                                                                       
                                                                               


In api.php line 2935:
                                                                               
  Allowed memory size of 536870912 bytes exhausted (tried to allocate 524288   
  bytes)                                                                       
                                                                               


In api.php line 2935:
                                                                               
  Allowed memory size of 536870912 bytes exhausted (tried to allocate 524288   
  bytes)                                                                       
                                                                               


In api.php line 2935:
                                                                               
  Allowed memory size of 536870912 bytes exhausted (tried to allocate 524288   
  bytes)                                                                       
                                                                               


In api.php line 2935:
                                                                               
  Allowed memory size of 536870912 bytes exhausted (tried to allocate 524288   
  bytes)                                                                       
                                                                               


In api.php line 2935:
                                                                               
  Allowed memory size of 536870912 bytes exhausted (tried to allocate 524288   
  bytes)                                                                       
                                                                               


In api.php line 2935:
                                                                               
  Allowed memory size of 536870912 bytes exhausted (tried to allocate 524288   
  bytes)                                                                       
                                                                               


In api.php line 2935:
                                                                               
  Allowed memory size of 536870912 bytes exhausted (tried to allocate 524288   
  bytes)                                                                       
                                                                               


In api.php line 2935:
                                                                               
  Allowed memory size of 536870912 bytes exhausted (tried to allocate 524288   
  bytes)                                                                       
                                                                               


In api.php line 2935:
                                                                               
  Allowed memory size of 536870912 bytes exhausted (tried to allocate 524288   
  bytes)                                                                       
                                                                               


In api.php line 2935:
                                                                               
  Allowed memory size of 536870912 bytes exhausted (tried to allocate 524288   
  bytes)                                                                       
                                                                               


In api.php line 2935:
                                                                               
  Allowed memory size of 536870912 bytes exhausted (tried to allocate 524288   
  bytes)                                                                       
                                                                               


In api.php line 2935:
                                                                               
  Allowed memory size of 536870912 bytes exhausted (tried to allocate 524288   
  bytes)                                                                       
                                                                               


In api.php line 2935:
                                                                               
  Allowed memory size of 536870912 bytes exhausted (tried to allocate 524288   
  bytes)                                                                       
                                                                               


In api.php line 2935:
                                                                               
  Allowed memory size of 536870912 bytes exhausted (tried to allocate 524288   
  bytes)                                                                       
                                                                               


In api.php line 2935:
                                                                               
  Allowed memory size of 536870912 bytes exhausted (tried to allocate 524288   
  bytes)                                                                       
                                                                               


In api.php line 2935:
                                                                               
  Allowed memory size of 536870912 bytes exhausted (tried to allocate 524288   
  bytes)                                                                       
                                                                               


In api.php line 2935:
                                                                               
  Allowed memory size of 536870912 bytes exhausted (tried to allocate 524288   
  bytes)                                                                       
                                                                               


In api.php line 2935:
                                                                               
  Allowed memory size of 536870912 bytes exhausted (tried to allocate 524288   
  bytes)                                                                       
                                                                               


In api.php line 2935:
                                                                               
  Allowed memory size of 536870912 bytes exhausted (tried to allocate 524288   
  bytes)                                                                       
                                                                               


In api.php line 2935:
                                                                               
  Allowed memory size of 536870912 bytes exhausted (tried to allocate 524288   
  bytes)                                                                       
                                                                               


In api.php line 2935:
                                                                               
  Allowed memory size of 536870912 bytes exhausted (tried to allocate 524288   
  bytes)                                                                       
                                                                               


In api.php line 2935:
                                                                               
  Allowed memory size of 536870912 bytes exhausted (tried to allocate 524288   
  bytes)                                                                       
                                                                               


In api.php line 2935:
                                                                               
  Allowed memory size of 536870912 bytes exhausted (tried to allocate 524288   
  bytes)                                                                       
                                                                               


In api.php line 2935:
                                                                               
  Allowed memory size of 536870912 bytes exhausted (tried to allocate 524288   
  bytes)                                                                       
                                                                               


In api.php line 2935:
                                                                               
  Allowed memory size of 536870912 bytes exhausted (tried to allocate 524288   
  bytes)                                                                       
                                                                               


In api.php line 2935:
                                                                               
  Allowed memory size of 536870912 bytes exhausted (tried to allocate 524288   
  bytes)                                                                       
                                                                               


In api.php line 2935:
                                                                               
  Allowed memory size of 536870912 bytes exhausted (tried to allocate 524288   
  bytes)                                                                       
                                                                               


In api.php line 2935:
                                                                               
  Allowed memory size of 536870912 bytes exhausted (tried to allocate 524288   
  bytes)                                                                       
                                                                               


In api.php line 2935:
                                                                               
  Allowed memory size of 536870912 bytes exhausted (tried to allocate 524288   
  bytes)                                                                       
                                                                               


In api.php line 2935:
                                                                               
  Allowed memory size of 536870912 bytes exhausted (tried to allocate 524288   
  bytes)                                                                       
                                                                               


In api.php line 2935:
                                                                               
  Allowed memory size of 536870912 bytes exhausted (tried to allocate 524288   
  bytes)                                                                       
                                                                               


In api.php line 2935:
                                                                               
  Allowed memory size of 536870912 bytes exhausted (tried to allocate 524288   
  bytes)                                                                       
                                                                               


In api.php line 2935:
                                                                               
  Allowed memory size of 536870912 bytes exhausted (tried to allocate 524288   
  bytes)                                                                       
                                                                               


In api.php line 2935:
                                                                               
  Allowed memory size of 536870912 bytes exhausted (tried to allocate 524288   
  bytes)                                                                       
                                                                               


In api.php line 2935:
                                                                               
  Allowed memory size of 536870912 bytes exhausted (tried to allocate 524288   
  bytes)                                                                       
                                                                               


In api.php line 2935:
                                                                               
  Allowed memory size of 536870912 bytes exhausted (tried to allocate 524288   
  bytes)                                                                       
                                                                               


In api.php line 2935:
                                                                               
  Allowed memory size of 536870912 bytes exhausted (tried to allocate 524288   
  bytes)                                                                       
                                                                               


In api.php line 2935:
                                                                               
  Allowed memory size of 536870912 bytes exhausted (tried to allocate 524288   
  bytes)                                                                       
                                                                               


In api.php line 2935:
                                                                               
  Allowed memory size of 536870912 bytes exhausted (tried to allocate 524288   
  bytes)                                                                       
                                                                               


In api.php line 2935:
                                                                               
  Allowed memory size of 536870912 bytes exhausted (tried to allocate 524288   
  bytes)                                                                       
                                                                               


In api.php line 2935:
                                                                               
  Allowed memory size of 536870912 bytes exhausted (tried to allocate 524288   
  bytes)                                                                       
                                                                               


In api.php line 2935:
                                                                               
  Allowed memory size of 536870912 bytes exhausted (tried to allocate 524288   
  bytes)                                                                       
                                                                               


In api.php line 2935:
                                                                               
  Allowed memory size of 536870912 bytes exhausted (tried to allocate 524288   
  bytes)                                                                       
                                                                               


In api.php line 2935:
                                                                               
  Allowed memory size of 536870912 bytes exhausted (tried to allocate 524288   
  bytes)                                                                       
                                                                               


In api.php line 2935:
                                                                               
  Allowed memory size of 536870912 bytes exhausted (tried to allocate 524288   
  bytes)                                                                       
                                                                               


In api.php line 2935:
                                                                               
  Allowed memory size of 536870912 bytes exhausted (tried to allocate 524288   
  bytes)                                                                       
                                                                               


In api.php line 2935:
                                                                               
  Allowed memory size of 536870912 bytes exhausted (tried to allocate 524288   
  bytes)                                                                       
                                                                               


In api.php line 2935:
                                                                               
  Allowed memory size of 536870912 bytes exhausted (tried to allocate 524288   
  bytes)                                                                       
                                                                               


In api.php line 2935:
                                                                               
  Allowed memory size of 536870912 bytes exhausted (tried to allocate 524288   
  bytes)                                                                       
                                                                               


In api.php line 2935:
                                                                               
  Allowed memory size of 536870912 bytes exhausted (tried to allocate 524288   
  bytes)                                                                       
                                                                               


In api.php line 2935:
                                                                               
  Allowed memory size of 536870912 bytes exhausted (tried to allocate 524288   
  bytes)                                                                       
                                                                               


In api.php line 2935:
                                                                               
  Allowed memory size of 536870912 bytes exhausted (tried to allocate 524288   
  bytes)                                                                       
                                                                               


In api.php line 2935:
                                                                               
  Allowed memory size of 536870912 bytes exhausted (tried to allocate 524288   
  bytes)                                                                       
                                                                               


In api.php line 2935:
                                                                               
  Allowed memory size of 536870912 bytes exhausted (tried to allocate 524288   
  bytes)                                                                       
                                                                               


In api.php line 2935:
                                                                               
  Allowed memory size of 536870912 bytes exhausted (tried to allocate 524288   
  bytes)                                                                       
                                                                               


In api.php line 2935:
                                                                               
  Allowed memory size of 536870912 bytes exhausted (tried to allocate 524288   
  bytes)                                                                       
                                                                               


In api.php line 2935:
                                                                               
  Allowed memory size of 536870912 bytes exhausted (tried to allocate 524288   
  bytes)                                                                       
                                                                               


In api.php line 2935:
                                                                               
  Allowed memory size of 536870912 bytes exhausted (tried to allocate 524288   
  bytes)                                                                       
                                                                               


In api.php line 2935:
                                                                               
  Allowed memory size of 536870912 bytes exhausted (tried to allocate 524288   
  bytes)                                                                       
                                                                               


In api.php line 2935:
                                                                               
  Allowed memory size of 536870912 bytes exhausted (tried to allocate 524288   
  bytes)                                                                       
                                                                               


In api.php line 2935:
                                                                               
  Allowed memory size of 536870912 bytes exhausted (tried to allocate 524288   
  bytes)                                                                       
                                                                               


In api.php line 2935:
                                                                               
  Allowed memory size of 536870912 bytes exhausted (tried to allocate 524288   
  bytes)                                                                       
                                                                               


In api.php line 2935:
                                                                               
  Allowed memory size of 536870912 bytes exhausted (tried to allocate 524288   
  bytes)                                                                       
                                                                               


In api.php line 2935:
                                                                               
  Allowed memory size of 536870912 bytes exhausted (tried to allocate 524288   
  bytes)                                                                       
                                                                               


In api.php line 2935:
                                                                               
  Allowed memory size of 536870912 bytes exhausted (tried to allocate 524288   
  bytes)                                                                       
                                                                               


In api.php line 2935:
                                                                               
  Allowed memory size of 536870912 bytes exhausted (tried to allocate 524288   
  bytes)                                                                       
                                                                               


In api.php line 2935:
                                                                               
  Allowed memory size of 536870912 bytes exhausted (tried to allocate 524288   
  bytes)                                                                       
                                                                               


In api.php line 2935:
                                                                               
  Allowed memory size of 536870912 bytes exhausted (tried to allocate 524288   
  bytes)                                                                       
                                                                               


In api.php line 2935:
                                                                               
  Allowed memory size of 536870912 bytes exhausted (tried to allocate 524288   
  bytes)                                                                       
                                                                               


In api.php line 2935:
                                                                               
  Allowed memory size of 536870912 bytes exhausted (tried to allocate 524288   
  bytes)                                                                       
                                                                               


In api.php line 2935:
                                                                               
  Allowed memory size of 536870912 bytes exhausted (tried to allocate 524288   
  bytes)                                                                       
                                                                               


In api.php line 2935:
                                                                               
  Allowed memory size of 536870912 bytes exhausted (tried to allocate 524288   
  bytes)                                                                       
                                                                               


In api.php line 2935:
                                                                               
  Allowed memory size of 536870912 bytes exhausted (tried to allocate 524288   
  bytes)                                                                       
                                                                               


In api.php line 2935:
                                                                               
  Allowed memory size of 536870912 bytes exhausted (tried to allocate 524288   
  bytes)                                                                       
                                                                               


In api.php line 2935:
                                                                               
  Allowed memory size of 536870912 bytes exhausted (tried to allocate 524288   
  bytes)                                                                       
                                                                               


In api.php line 2935:
                                                                               
  Allowed memory size of 536870912 bytes exhausted (tried to allocate 524288   
  bytes)                                                                       
                                                                               


In api.php line 2935:
                                                                               
  Allowed memory size of 536870912 bytes exhausted (tried to allocate 524288   
  bytes)                                                                       
                                                                               


In api.php line 2935:
                                                                               
  Allowed memory size of 536870912 bytes exhausted (tried to allocate 524288   
  bytes)                                                                       
                                                                               


In api.php line 2935:
                                                                               
  Allowed memory size of 536870912 bytes exhausted (tried to allocate 524288   
  bytes)                                                                       
                                                                               


In api.php line 2935:
                                                                               
  Allowed memory size of 536870912 bytes exhausted (tried to allocate 524288   
  bytes)                                                                       
                                                                               


In api.php line 2935:
                                                                               
  Allowed memory size of 536870912 bytes exhausted (tried to allocate 524288   
  bytes)                                                                       
                                                                               


In api.php line 2935:
                                                                               
  Allowed memory size of 536870912 bytes exhausted (tried to allocate 524288   
  bytes)                                                                       
                                                                               


In api.php line 2935:
                                                                               
  Allowed memory size of 536870912 bytes exhausted (tried to allocate 524288   
  bytes)                                                                       
                                                                               


In api.php line 2935:
                                                                               
  Allowed memory size of 536870912 bytes exhausted (tried to allocate 524288   
  bytes)                                                                       
                                                                               


In api.php line 2935:
                                                                               
  Allowed memory size of 536870912 bytes exhausted (tried to allocate 524288   
  bytes)                                                                       
                                                                               


In api.php line 2935:
                                                                               
  Allowed memory size of 536870912 bytes exhausted (tried to allocate 524288   
  bytes)                                                                       
                                                                               


In api.php line 2935:
                                                                               
  Allowed memory size of 536870912 bytes exhausted (tried to allocate 524288   
  bytes)                                                                       
                                                                               


In api.php line 2935:
                                                                               
  Allowed memory size of 536870912 bytes exhausted (tried to allocate 524288   
  bytes)                                                                       
                                                                               


In api.php line 2935:
                                                                               
  Allowed memory size of 536870912 bytes exhausted (tried to allocate 524288   
  bytes)                                                                       
                                                                               


In api.php line 2935:
                                                                               
  Allowed memory size of 536870912 bytes exhausted (tried to allocate 524288   
  bytes)                                                                       
                                                                               


In api.php line 2935:
                                                                               
  Allowed memory size of 536870912 bytes exhausted (tried to allocate 524288   
  bytes)                                                                       
                                                                               


In api.php line 2935:
                                                                               
  Allowed memory size of 536870912 bytes exhausted (tried to allocate 524288   
  bytes)                                                                       
                                                                               


In api.php line 2935:
                                                                               
  Allowed memory size of 536870912 bytes exhausted (tried to allocate 524288   
  bytes)                                                                       
                                                                               


In api.php line 2935:
                                                                               
  Allowed memory size of 536870912 bytes exhausted (tried to allocate 524288   
  bytes)                                                                       
                                                                               


In api.php line 2935:
                                                                               
  Allowed memory size of 536870912 bytes exhausted (tried to allocate 524288   
  bytes)                                                                       
                                                                               


In api.php line 2935:
                                                                               
  Allowed memory size of 536870912 bytes exhausted (tried to allocate 524288   
  bytes)                                                                       
                                                                               


In api.php line 2935:
                                                                               
  Allowed memory size of 536870912 bytes exhausted (tried to allocate 524288   
  bytes)                                                                       
                                                                               


In api.php line 2935:
                                                                               
  Allowed memory size of 536870912 bytes exhausted (tried to allocate 524288   
  bytes)                                                                       
                                                                               


In api.php line 2935:
                                                                               
  Allowed memory size of 536870912 bytes exhausted (tried to allocate 524288   
  bytes)                                                                       
                                                                               


In api.php line 2935:
                                                                               
  Allowed memory size of 536870912 bytes exhausted (tried to allocate 524288   
  bytes)                                                                       
                                                                               


In api.php line 2935:
                                                                               
  Allowed memory size of 536870912 bytes exhausted (tried to allocate 524288   
  bytes)                                                                       
                                                                               


In api.php line 2935:
                                                                               
  Allowed memory size of 536870912 bytes exhausted (tried to allocate 524288   
  bytes)                                                                       
                                                                               


In api.php line 2935:
                                                                               
  Allowed memory size of 536870912 bytes exhausted (tried to allocate 524288   
  bytes)                                                                       
                                                                               


In api.php line 2935:
                                                                               
  Allowed memory size of 536870912 bytes exhausted (tried to allocate 524288   
  bytes)                                                                       
                                                                               


In api.php line 2935:
                                                                               
  Allowed memory size of 536870912 bytes exhausted (tried to allocate 524288   
  bytes)                                                                       
                                                                               


In api.php line 2935:
                                                                               
  Allowed memory size of 536870912 bytes exhausted (tried to allocate 524288   
  bytes)                                                                       
                                                                               


In api.php line 2935:
                                                                               
  Allowed memory size of 536870912 bytes exhausted (tried to allocate 524288   
  bytes)                                                                       
                                                                               


In api.php line 2935:
                                                                               
  Allowed memory size of 536870912 bytes exhausted (tried to allocate 524288   
  bytes)                                                                       
                                                                               


In api.php line 2935:
                                                                               
  Allowed memory size of 536870912 bytes exhausted (tried to allocate 524288   
  bytes)                                                                       
                                                                               


In api.php line 2935:
                                                                               
  Allowed memory size of 536870912 bytes exhausted (tried to allocate 524288   
  bytes)                                                                       
                                                                               


In api.php line 2935:
                                                                               
  Allowed memory size of 536870912 bytes exhausted (tried to allocate 524288   
  bytes)                                                                       
                                                                               


In api.php line 2935:
                                                                               
  Allowed memory size of 536870912 bytes exhausted (tried to allocate 524288   
  bytes)                                                                       
                                                                               


In api.php line 2935:
                                                                               
  Allowed memory size of 536870912 bytes exhausted (tried to allocate 524288   
  bytes)                                                                       
                                                                               


In api.php line 2935:
                                                                               
  Allowed memory size of 536870912 bytes exhausted (tried to allocate 524288   
  bytes)                                                                       
                                                                               


In api.php line 2935:
                                                                               
  Allowed memory size of 536870912 bytes exhausted (tried to allocate 524288   
  bytes)                                                                       
                                                                               


In api.php line 2935:
                                                                               
  Allowed memory size of 536870912 bytes exhausted (tried to allocate 524288   
  bytes)                                                                       
                                                                               


In api.php line 2935:
                                                                               
  Allowed memory size of 536870912 bytes exhausted (tried to allocate 524288   
  bytes)                                                                       
                                                                               


In api.php line 2935:
                                                                               
  Allowed memory size of 536870912 bytes exhausted (tried to allocate 524288   
  bytes)                                                                       
                                                                               


In api.php line 2935:
                                                                               
  Allowed memory size of 536870912 bytes exhausted (tried to allocate 524288   
  bytes)                                                                       
                                                                               


In api.php line 2935:
                                                                               
  Allowed memory size of 536870912 bytes exhausted (tried to allocate 524288   
  bytes)                                                                       
                                                                               


In api.php line 2935:
                                                                               
  Allowed memory size of 536870912 bytes exhausted (tried to allocate 524288   
  bytes)                                                                       
                                                                               


In api.php line 2935:
                                                                               
  Allowed memory size of 536870912 bytes exhausted (tried to allocate 524288   
  bytes)                                                                       
                                                                               


In api.php line 2935:
                                                                               
  Allowed memory size of 536870912 bytes exhausted (tried to allocate 524288   
  bytes)                                                                       
                                                                               


In api.php line 2935:
                                                                               
  Allowed memory size of 536870912 bytes exhausted (tried to allocate 524288   
  bytes)                                                                       
                                                                               


In api.php line 2935:
                                                                               
  Allowed memory size of 536870912 bytes exhausted (tried to allocate 524288   
  bytes)                                                                       
                                                                               


In api.php line 2935:
                                                                               
  Allowed memory size of 536870912 bytes exhausted (tried to allocate 524288   
  bytes)                                                                       
                                                                               


In api.php line 2935:
                                                                               
  Allowed memory size of 536870912 bytes exhausted (tried to allocate 524288   
  bytes)                                                                       
                                                                               


In api.php line 2935:
                                                                               
  Allowed memory size of 536870912 bytes exhausted (tried to allocate 524288   
  bytes)                                                                       
                                                                               


In api.php line 2935:
                                                                               
  Allowed memory size of 536870912 bytes exhausted (tried to allocate 524288   
  bytes)                                                                       
                                                                               


In api.php line 2935:
                                                                               
  Allowed memory size of 536870912 bytes exhausted (tried to allocate 524288   
  bytes)                                                                       
                                                                               


In api.php line 2935:
                                                                               
  Allowed memory size of 536870912 bytes exhausted (tried to allocate 524288   
  bytes)                                                                       
                                                                               


In api.php line 2935:
                                                                               
  Allowed memory size of 536870912 bytes exhausted (tried to allocate 524288   
  bytes)                                                                       
                                                                               


In api.php line 2935:
                                                                               
  Allowed memory size of 536870912 bytes exhausted (tried to allocate 524288   
  bytes)                                                                       
                                                                               


In api.php line 2935:
                                                                               
  Allowed memory size of 536870912 bytes exhausted (tried to allocate 524288   
  bytes)                                                                       
                                                                               


In api.php line 2935:
                                                                               
  Allowed memory size of 536870912 bytes exhausted (tried to allocate 524288   
  bytes)                                                                       
                                                                               


In api.php line 2935:
                                                                               
  Allowed memory size of 536870912 bytes exhausted (tried to allocate 524288   
  bytes)                                                                       
                                                                               


In api.php line 2935:
                                                                               
  Allowed memory size of 536870912 bytes exhausted (tried to allocate 524288   
  bytes)                                                                       
                                                                               


In api.php line 2935:
                                                                               
  Allowed memory size of 536870912 bytes exhausted (tried to allocate 524288   
  bytes)                                                                       
                                                                               


In api.php line 2935:
                                                                               
  Allowed memory size of 536870912 bytes exhausted (tried to allocate 524288   
  bytes)                                                                       
                                                                               


In api.php line 2935:
                                                                               
  Allowed memory size of 536870912 bytes exhausted (tried to allocate 524288   
  bytes)                                                                       
                                                                               


In api.php line 2935:
                                                                               
  Allowed memory size of 536870912 bytes exhausted (tried to allocate 524288   
  bytes)                                                                       
                                                                               


In api.php line 2935:
                                                                               
  Allowed memory size of 536870912 bytes exhausted (tried to allocate 524288   
  bytes)                                                                       
                                                                               


In api.php line 2935:
                                                                               
  Allowed memory size of 536870912 bytes exhausted (tried to allocate 524288   
  bytes)                                                                       
                                                                               


In api.php line 2935:
                                                                               
  Allowed memory size of 536870912 bytes exhausted (tried to allocate 524288   
  bytes)                                                                       
                                                                               


In api.php line 2935:
                                                                               
  Allowed memory size of 536870912 bytes exhausted (tried to allocate 524288   
  bytes)                                                                       
                                                                               


In api.php line 2935:
                                                                               
  Allowed memory size of 536870912 bytes exhausted (tried to allocate 524288   
  bytes)                                                                       
                                                                               


In api.php line 2935:
                                                                               
  Allowed memory size of 536870912 bytes exhausted (tried to allocate 524288   
  bytes)                                                                       
                                                                               


In api.php line 2935:
                                                                               
  Allowed memory size of 536870912 bytes exhausted (tried to allocate 524288   
  bytes)                                                                       
                                                                               


In api.php line 2935:
                                                                               
  Allowed memory size of 536870912 bytes exhausted (tried to allocate 524288   
  bytes)                                                                       
                                                                               


In api.php line 2935:
                                                                               
  Allowed memory size of 536870912 bytes exhausted (tried to allocate 524288   
  bytes)                                                                       
                                                                               


In api.php line 2935:
                                                                               
  Allowed memory size of 536870912 bytes exhausted (tried to allocate 524288   
  bytes)                                                                       
                                                                               


In api.php line 2935:
                                                                               
  Allowed memory size of 536870912 bytes exhausted (tried to allocate 524288   
  bytes)                                                                       
                                                                               


In api.php line 2935:
                                                                               
  Allowed memory size of 536870912 bytes exhausted (tried to allocate 524288   
  bytes)                                                                       
                                                                               


In api.php line 2935:
                                                                               
  Allowed memory size of 536870912 bytes exhausted (tried to allocate 524288   
  bytes)                                                                       
                                                                               


In api.php line 2935:
                                                                               
  Allowed memory size of 536870912 bytes exhausted (tried to allocate 524288   
  bytes)                                                                       
                                                                               


In api.php line 2935:
                                                                               
  Allowed memory size of 536870912 bytes exhausted (tried to allocate 524288   
  bytes)                                                                       
                                                                               


In api.php line 2935:
                                                                               
  Allowed memory size of 536870912 bytes exhausted (tried to allocate 524288   
  bytes)                                                                       
                                                                               


In api.php line 2935:
                                                                               
  Allowed memory size of 536870912 bytes exhausted (tried to allocate 524288   
  bytes)                                                                       
                                                                               


In api.php line 2935:
                                                                               
  Allowed memory size of 536870912 bytes exhausted (tried to allocate 524288   
  bytes)                                                                       
                                                                               


In api.php line 2935:
                                                                               
  Allowed memory size of 536870912 bytes exhausted (tried to allocate 524288   
  bytes)                                                                       
                                                                               


In api.php line 2935:
                                                                               
  Allowed memory size of 536870912 bytes exhausted (tried to allocate 524288   
  bytes)                                                                       
                                                                               


In api.php line 2935:
                                                                               
  Allowed memory size of 536870912 bytes exhausted (tried to allocate 524288   
  bytes)                                                                       
                                                                               


In api.php line 2935:
                                                                               
  Allowed memory size of 536870912 bytes exhausted (tried to allocate 524288   
  bytes)                                                                       
                                                                               


In api.php line 2935:
                                                                               
  Allowed memory size of 536870912 bytes exhausted (tried to allocate 524288   
  bytes)                                                                       
                                                                               


In api.php line 2935:
                                                                               
  Allowed memory size of 536870912 bytes exhausted (tried to allocate 524288   
  bytes)                                                                       
                                                                               


In api.php line 2935:
                                                                               
  Allowed memory size of 536870912 bytes exhausted (tried to allocate 524288   
  bytes)                                                                       
                                                                               


In api.php line 2935:
                                                                               
  Allowed memory size of 536870912 bytes exhausted (tried to allocate 524288   
  bytes)                                                                       
                                                                               


In api.php line 2935:
                                                                               
  Allowed memory size of 536870912 bytes exhausted (tried to allocate 524288   
  bytes)                                                                       
                                                                               


In api.php line 2935:
                                                                               
  Allowed memory size of 536870912 bytes exhausted (tried to allocate 524288   
  bytes)                                                                       
                                                                               


In api.php line 2935:
                                                                               
  Allowed memory size of 536870912 bytes exhausted (tried to allocate 524288   
  bytes)                                                                       
                                                                               


In api.php line 2935:
                                                                               
  Allowed memory size of 536870912 bytes exhausted (tried to allocate 524288   
  bytes)                                                                       
                                                                               


In api.php line 2935:
                                                                               
  Allowed memory size of 536870912 bytes exhausted (tried to allocate 524288   
  bytes)                                                                       
                                                                               


In api.php line 2935:
                                                                               
  Allowed memory size of 536870912 bytes exhausted (tried to allocate 524288   
  bytes)                                                                       
                                                                               


In api.php line 2935:
                                                                               
  Allowed memory size of 536870912 bytes exhausted (tried to allocate 524288   
  bytes)                                                                       
                                                                               


In api.php line 2935:
                                                                               
  Allowed memory size of 536870912 bytes exhausted (tried to allocate 524288   
  bytes)                                                                       
                                                                               


In api.php line 2935:
                                                                               
  Allowed memory size of 536870912 bytes exhausted (tried to allocate 524288   
  bytes)                                                                       
                                                                               


In api.php line 2935:
                                                                               
  Allowed memory size of 536870912 bytes exhausted (tried to allocate 524288   
  bytes)                                                                       
                                                                               


In api.php line 2935:
                                                                               
  Allowed memory size of 536870912 bytes exhausted (tried to allocate 524288   
  bytes)                                                                       
                                                                               


In api.php line 2935:
                                                                               
  Allowed memory size of 536870912 bytes exhausted (tried to allocate 524288   
  bytes)                                                                       
                                                                               


In api.php line 2935:
                                                                               
  Allowed memory size of 536870912 bytes exhausted (tried to allocate 524288   
  bytes)                                                                       
                                                                               


In api.php line 2935:
                                                                               
  Allowed memory size of 536870912 bytes exhausted (tried to allocate 524288   
  bytes)                                                                       
                                                                               


In api.php line 2935:
                                                                               
  Allowed memory size of 536870912 bytes exhausted (tried to allocate 524288   
  bytes)                                                                       
                                                                               


In api.php line 2935:
                                                                               
  Allowed memory size of 536870912 bytes exhausted (tried to allocate 524288   
  bytes)                                                                       
                                                                               


In api.php line 2935:
                                                                               
  Allowed memory size of 536870912 bytes exhausted (tried to allocate 524288   
  bytes)                                                                       
                                                                               


In api.php line 2935:
                                                                               
  Allowed memory size of 536870912 bytes exhausted (tried to allocate 524288   
  bytes)                                                                       
                                                                               


In api.php line 2935:
                                                                               
  Allowed memory size of 536870912 bytes exhausted (tried to allocate 524288   
  bytes)                                                                       
                                                                               


In api.php line 2935:
                                                                               
  Allowed memory size of 536870912 bytes exhausted (tried to allocate 524288   
  bytes)                                                                       
                                                                               


In api.php line 2935:
                                                                               
  Allowed memory size of 536870912 bytes exhausted (tried to allocate 524288   
  bytes)                                                                       
                                                                               


In api.php line 2935:
                                                                               
  Allowed memory size of 536870912 bytes exhausted (tried to allocate 524288   
  bytes)                                                                       
                                                                               


In api.php line 2935:
                                                                               
  Allowed memory size of 536870912 bytes exhausted (tried to allocate 524288   
  bytes)                                                                       
                                                                               


In api.php line 2935:
                                                                               
  Allowed memory size of 536870912 bytes exhausted (tried to allocate 524288   
  bytes)                                                                       
                                                                               


In api.php line 2935:
                                                                               
  Allowed memory size of 536870912 bytes exhausted (tried to allocate 524288   
  bytes)                                                                       
                                                                               


In api.php line 2935:
                                                                               
  Allowed memory size of 536870912 bytes exhausted (tried to allocate 524288   
  bytes)                                                                       
                                                                               


In api.php line 2935:
                                                                               
  Allowed memory size of 536870912 bytes exhausted (tried to allocate 524288   
  bytes)                                                                       
                                                                               


In api.php line 2935:
                                                                               
  Allowed memory size of 536870912 bytes exhausted (tried to allocate 524288   
  bytes)                                                                       
                                                                               


In api.php line 2935:
                                                                               
  Allowed memory size of 536870912 bytes exhausted (tried to allocate 524288   
  bytes)                                                                       
                                                                               


In api.php line 2935:
                                                                               
  Allowed memory size of 536870912 bytes exhausted (tried to allocate 524288   
  bytes)                                                                       
                                                                               


In api.php line 2935:
                                                                               
  Allowed memory size of 536870912 bytes exhausted (tried to allocate 524288   
  bytes)                                                                       
                                                                               


In api.php line 2935:
                                                                               
  Allowed memory size of 536870912 bytes exhausted (tried to allocate 524288   
  bytes)                                                                       
                                                                               


In api.php line 2935:
                                                                               
  Allowed memory size of 536870912 bytes exhausted (tried to allocate 524288   
  bytes)                                                                       
                                                                               


In api.php line 2935:
                                                                               
  Allowed memory size of 536870912 bytes exhausted (tried to allocate 524288   
  bytes)                                                                       
                                                                               


In api.php line 2935:
                                                                               
  Allowed memory size of 536870912 bytes exhausted (tried to allocate 524288   
  bytes)                                                                       
                                                                               


In api.php line 2935:
                                                                               
  Allowed memory size of 536870912 bytes exhausted (tried to allocate 524288   
  bytes)                                                                       
                                                                               


In api.php line 2935:
                                                                               
  Allowed memory size of 536870912 bytes exhausted (tried to allocate 524288   
  bytes)                                                                       
                                                                               


In api.php line 2935:
                                                                               
  Allowed memory size of 536870912 bytes exhausted (tried to allocate 524288   
  bytes)                                                                       
                                                                               


In api.php line 2935:
                                                                               
  Allowed memory size of 536870912 bytes exhausted (tried to allocate 524288   
  bytes)                                                                       
                                                                               


In api.php line 2935:
                                                                               
  Allowed memory size of 536870912 bytes exhausted (tried to allocate 524288   
  bytes)                                                                       
                                                                               


In api.php line 2935:
                                                                               
  Allowed memory size of 536870912 bytes exhausted (tried to allocate 524288   
  bytes)                                                                       
                                                                               


In api.php line 2935:
                                                                               
  Allowed memory size of 536870912 bytes exhausted (tried to allocate 524288   
  bytes)                                                                       
                                                                               


In api.php line 2935:
                                                                               
  Allowed memory size of 536870912 bytes exhausted (tried to allocate 524288   
  bytes)                                                                       
                                                                               


In api.php line 2935:
                                                                               
  Allowed memory size of 536870912 bytes exhausted (tried to allocate 524288   
  bytes)                                                                       
                                                                               


In api.php line 2935:
                                                                               
  Allowed memory size of 536870912 bytes exhausted (tried to allocate 524288   
  bytes)                                                                       
                                                                               


In api.php line 2935:
                                                                               
  Allowed memory size of 536870912 bytes exhausted (tried to allocate 524288   
  bytes)                                                                       
                                                                               


In api.php line 2935:
                                                                               
  Allowed memory size of 536870912 bytes exhausted (tried to allocate 524288   
  bytes)                                                                       
                                                                               


In api.php line 2935:
                                                                               
  Allowed memory size of 536870912 bytes exhausted (tried to allocate 524288   
  bytes)                                                                       
                                                                               


In api.php line 2935:
                                                                               
  Allowed memory size of 536870912 bytes exhausted (tried to allocate 524288   
  bytes)                                                                       
                                                                               


In api.php line 2935:
                                                                               
  Allowed memory size of 536870912 bytes exhausted (tried to allocate 524288   
  bytes)                                                                       
                                                                               


In api.php line 2935:
                                                                               
  Allowed memory size of 536870912 bytes exhausted (tried to allocate 524288   
  bytes)                                                                       
                                                                               


In api.php line 2935:
                                                                               
  Allowed memory size of 536870912 bytes exhausted (tried to allocate 524288   
  bytes)                                                                       
                                                                               


In api.php line 2935:
                                                                               
  Allowed memory size of 536870912 bytes exhausted (tried to allocate 524288   
  bytes)                                                                       
                                                                               


In api.php line 2935:
                                                                               
  Allowed memory size of 536870912 bytes exhausted (tried to allocate 524288   
  bytes)                                                                       
                                                                               


In api.php line 2935:
                                                                               
  Allowed memory size of 536870912 bytes exhausted (tried to allocate 524288   
  bytes)                                                                       
                                                                               


In api.php line 2935:
                                                                               
  Allowed memory size of 536870912 bytes exhausted (tried to allocate 524288   
  bytes)                                                                       
                                                                               


In api.php line 2935:
                                                                               
  Allowed memory size of 536870912 bytes exhausted (tried to allocate 524288   
  bytes)                                                                       
                                                                               


In api.php line 2935:
                                                                               
  Allowed memory size of 536870912 bytes exhausted (tried to allocate 524288   
  bytes)                                                                       
                                                                               


In api.php line 2935:
                                                                               
  Allowed memory size of 536870912 bytes exhausted (tried to allocate 524288   
  bytes)                                                                       
                                                                               


In api.php line 2935:
                                                                               
  Allowed memory size of 536870912 bytes exhausted (tried to allocate 524288   
  bytes)                                                                       
                                                                               


In api.php line 2935:
                                                                               
  Allowed memory size of 536870912 bytes exhausted (tried to allocate 524288   
  bytes)                                                                       
                                                                               


In api.php line 2935:
                                                                               
  Allowed memory size of 536870912 bytes exhausted (tried to allocate 524288   
  bytes)                                                                       
                                                                               


In api.php line 2935:
                                                                               
  Allowed memory size of 536870912 bytes exhausted (tried to allocate 524288   
  bytes)                                                                       
                                                                               


In api.php line 2935:
                                                                               
  Allowed memory size of 536870912 bytes exhausted (tried to allocate 524288   
  bytes)                                                                       
                                                                               


In api.php line 2935:
                                                                               
  Allowed memory size of 536870912 bytes exhausted (tried to allocate 524288   
  bytes)                                                                       
                                                                               


In api.php line 2935:
                                                                               
  Allowed memory size of 536870912 bytes exhausted (tried to allocate 524288   
  bytes)                                                                       
                                                                               


In api.php line 2935:
                                                                               
  Allowed memory size of 536870912 bytes exhausted (tried to allocate 524288   
  bytes)                                                                       
                                                                               


In api.php line 2935:
                                                                               
  Allowed memory size of 536870912 bytes exhausted (tried to allocate 524288   
  bytes)                                                                       
                                                                               


In api.php line 2935:
                                                                               
  Allowed memory size of 536870912 bytes exhausted (tried to allocate 524288   
  bytes)                                                                       
                                                                               


In api.php line 2935:
                                                                               
  Allowed memory size of 536870912 bytes exhausted (tried to allocate 524288   
  bytes)                                                                       
                                                                               


In api.php line 2935:
                                                                               
  Allowed memory size of 536870912 bytes exhausted (tried to allocate 524288   
  bytes)                                                                       
                                                                               


In api.php line 2935:
                                                                               
  Allowed memory size of 536870912 bytes exhausted (tried to allocate 524288   
  bytes)                                                                       
                                                                               


In api.php line 2935:
                                                                               
  Allowed memory size of 536870912 bytes exhausted (tried to allocate 524288   
  bytes)                                                                       
                                                                               


In api.php line 2935:
                                                                               
  Allowed memory size of 536870912 bytes exhausted (tried to allocate 524288   
  bytes)                                                                       
                                                                               


In api.php line 2935:
                                                                               
  Allowed memory size of 536870912 bytes exhausted (tried to allocate 524288   
  bytes)                                                                       
                                                                               


In api.php line 2935:
                                                                               
  Allowed memory size of 536870912 bytes exhausted (tried to allocate 524288   
  bytes)                                                                       
                                                                               


In api.php line 2935:
                                                                               
  Allowed memory size of 536870912 bytes exhausted (tried to allocate 524288   
  bytes)                                                                       
                                                                               


In api.php line 2935:
                                                                               
  Allowed memory size of 536870912 bytes exhausted (tried to allocate 524288   
  bytes)                                                                       
                                                                               


In api.php line 2935:
                                                                               
  Allowed memory size of 536870912 bytes exhausted (tried to allocate 524288   
  bytes)                                                                       
                                                                               


In api.php line 2935:
                                                                               
  Allowed memory size of 536870912 bytes exhausted (tried to allocate 524288   
  bytes)                                                                       
                                                                               


In api.php line 2935:
                                                                               
  Allowed memory size of 536870912 bytes exhausted (tried to allocate 524288   
  bytes)                                                                       
                                                                               


In api.php line 2935:
                                                                               
  Allowed memory size of 536870912 bytes exhausted (tried to allocate 524288   
  bytes)                                                                       
                                                                               


In api.php line 2935:
                                                                               
  Allowed memory size of 536870912 bytes exhausted (tried to allocate 524288   
  bytes)                                                                       
                                                                               


In api.php line 2935:
                                                                               
  Allowed memory size of 536870912 bytes exhausted (tried to allocate 524288   
  bytes)                                                                       
                                                                               


In api.php line 2935:
                                                                               
  Allowed memory size of 536870912 bytes exhausted (tried to allocate 524288   
  bytes)                                                                       
                                                                               


In api.php line 2935:
                                                                               
  Allowed memory size of 536870912 bytes exhausted (tried to allocate 524288   
  bytes)                                                                       
                                                                               


In api.php line 2935:
                                                                               
  Allowed memory size of 536870912 bytes exhausted (tried to allocate 524288   
  bytes)                                                                       
                                                                               


In api.php line 2935:
                                                                               
  Allowed memory size of 536870912 bytes exhausted (tried to allocate 524288   
  bytes)                                                                       
                                                                               


In api.php line 2935:
                                                                               
  Allowed memory size of 536870912 bytes exhausted (tried to allocate 524288   
  bytes)                                                                       
                                                                               


In api.php line 2935:
                                                                               
  Allowed memory size of 536870912 bytes exhausted (tried to allocate 524288   
  bytes)                                                                       
                                                                               


In api.php line 2935:
                                                                               
  Allowed memory size of 536870912 bytes exhausted (tried to allocate 524288   
  bytes)                                                                       
                                                                               


In api.php line 2935:
                                                                               
  Allowed memory size of 536870912 bytes exhausted (tried to allocate 524288   
  bytes)                                                                       
                                                                               


In api.php line 2935:
                                                                               
  Allowed memory size of 536870912 bytes exhausted (tried to allocate 524288   
  bytes)                                                                       
                                                                               


In api.php line 2935:
                                                                               
  Allowed memory size of 536870912 bytes exhausted (tried to allocate 524288   
  bytes)                                                                       
                                                                               


In api.php line 2935:
                                                                               
  Allowed memory size of 536870912 bytes exhausted (tried to allocate 524288   
  bytes)                                                                       
                                                                               


In api.php line 2935:
                                                                               
  Allowed memory size of 536870912 bytes exhausted (tried to allocate 524288   
  bytes)                                                                       
                                                                               


In api.php line 2935:
                                                                               
  Allowed memory size of 536870912 bytes exhausted (tried to allocate 524288   
  bytes)                                                                       
                                                                               


In api.php line 2935:
                                                                               
  Allowed memory size of 536870912 bytes exhausted (tried to allocate 524288   
  bytes)                                                                       
                                                                               


In api.php line 2935:
                                                                               
  Allowed memory size of 536870912 bytes exhausted (tried to allocate 524288   
  bytes)                                                                       
                                                                               


In api.php line 2935:
                                                                               
  Allowed memory size of 536870912 bytes exhausted (tried to allocate 524288   
  bytes)                                                                       
                                                                               


In api.php line 2935:
                                                                               
  Allowed memory size of 536870912 bytes exhausted (tried to allocate 524288   
  bytes)                                                                       
                                                                               


In api.php line 2935:
                                                                               
  Allowed memory size of 536870912 bytes exhausted (tried to allocate 524288   
  bytes)                                                                       
                                                                               


In api.php line 2935:
                                                                               
  Allowed memory size of 536870912 bytes exhausted (tried to allocate 524288   
  bytes)                                                                       
                                                                               


In api.php line 2935:
                                                                               
  Allowed memory size of 536870912 bytes exhausted (tried to allocate 524288   
  bytes)                                                                       
                                                                               


In api.php line 2935:
                                                                               
  Allowed memory size of 536870912 bytes exhausted (tried to allocate 524288   
  bytes)                                                                       
                                                                               


In api.php line 2935:
                                                                               
  Allowed memory size of 536870912 bytes exhausted (tried to allocate 524288   
  bytes)                                                                       
                                                                               


In api.php line 2935:
                                                                               
  Allowed memory size of 536870912 bytes exhausted (tried to allocate 524288   
  bytes)                                                                       
                                                                               


In api.php line 2935:
                                                                               
  Allowed memory size of 536870912 bytes exhausted (tried to allocate 524288   
  bytes)                                                                       
                                                                               


In api.php line 2935:
                                                                               
  Allowed memory size of 536870912 bytes exhausted (tried to allocate 524288   
  bytes)                                                                       
                                                                               


In api.php line 2935:
                                                                               
  Allowed memory size of 536870912 bytes exhausted (tried to allocate 524288   
  bytes)                                                                       
                                                                               


In api.php line 2935:
                                                                               
  Allowed memory size of 536870912 bytes exhausted (tried to allocate 524288   
  bytes)                                                                       
                                                                               


In api.php line 2935:
                                                                               
  Allowed memory size of 536870912 bytes exhausted (tried to allocate 524288   
  bytes)                                                                       
                                                                               


In api.php line 2935:
                                                                               
  Allowed memory size of 536870912 bytes exhausted (tried to allocate 524288   
  bytes)                                                                       
                                                                               


In api.php line 2935:
                                                                               
  Allowed memory size of 536870912 bytes exhausted (tried to allocate 524288   
  bytes)                                                                       
                                                                               


In api.php line 2935:
                                                                               
  Allowed memory size of 536870912 bytes exhausted (tried to allocate 524288   
  bytes)                                                                       
                                                                               


In api.php line 2935:
                                                                               
  Allowed memory size of 536870912 bytes exhausted (tried to allocate 524288   
  bytes)                                                                       
                                                                               


In api.php line 2935:
                                                                               
  Allowed memory size of 536870912 bytes exhausted (tried to allocate 524288   
  bytes)                                                                       
                                                                               


In api.php line 2935:
                                                                               
  Allowed memory size of 536870912 bytes exhausted (tried to allocate 524288   
  bytes)                                                                       
                                                                               


In api.php line 2935:
                                                                               
  Allowed memory size of 536870912 bytes exhausted (tried to allocate 524288   
  bytes)                                                                       
                                                                               


In api.php line 2935:
                                                                               
  Allowed memory size of 536870912 bytes exhausted (tried to allocate 524288   
  bytes)                                                                       
                                                                               


In api.php line 2935:
                                                                               
  Allowed memory size of 536870912 bytes exhausted (tried to allocate 524288   
  bytes)                                                                       
                                                                               


In api.php line 2935:
                                                                               
  Allowed memory size of 536870912 bytes exhausted (tried to allocate 524288   
  bytes)                                                                       
                                                                               


In api.php line 2935:
                                                                               
  Allowed memory size of 536870912 bytes exhausted (tried to allocate 524288   
  bytes)                                                                       
                                                                               


In api.php line 2935:
                                                                               
  Allowed memory size of 536870912 bytes exhausted (tried to allocate 524288   
  bytes)                                                                       
                                                                               


In api.php line 2935:
                                                                               
  Allowed memory size of 536870912 bytes exhausted (tried to allocate 524288   
  bytes)                                                                       
                                                                               


In api.php line 2935:
                                                                               
  Allowed memory size of 536870912 bytes exhausted (tried to allocate 524288   
  bytes)                                                                       
                                                                               


In api.php line 2935:
                                                                               
  Allowed memory size of 536870912 bytes exhausted (tried to allocate 524288   
  bytes)                                                                       
                                                                               


In api.php line 2935:
                                                                               
  Allowed memory size of 536870912 bytes exhausted (tried to allocate 524288   
  bytes)                                                                       
                                                                               


In api.php line 2935:
                                                                               
  Allowed memory size of 536870912 bytes exhausted (tried to allocate 524288   
  bytes)                                                                       
                                                                               


In api.php line 2935:
                                                                               
  Allowed memory size of 536870912 bytes exhausted (tried to allocate 524288   
  bytes)                                                                       
                                                                               


In api.php line 2935:
                                                                               
  Allowed memory size of 536870912 bytes exhausted (tried to allocate 524288   
  bytes)                                                                       
                                                                               


In api.php line 2935:
                                                                               
  Allowed memory size of 536870912 bytes exhausted (tried to allocate 524288   
  bytes)                                                                       
                                                                               


In api.php line 2935:
                                                                               
  Allowed memory size of 536870912 bytes exhausted (tried to allocate 524288   
  bytes)                                                                       
                                                                               


In api.php line 2935:
                                                                               
  Allowed memory size of 536870912 bytes exhausted (tried to allocate 524288   
  bytes)                                                                       
                                                                               


In api.php line 2935:
                                                                               
  Allowed memory size of 536870912 bytes exhausted (tried to allocate 524288   
  bytes)                                                                       
                                                                               


In api.php line 2935:
                                                                               
  Allowed memory size of 536870912 bytes exhausted (tried to allocate 524288   
  bytes)                                                                       
                                                                               


In api.php line 2935:
                                                                               
  Allowed memory size of 536870912 bytes exhausted (tried to allocate 524288   
  bytes)                                                                       
                                                                               


In api.php line 2935:
                                                                               
  Allowed memory size of 536870912 bytes exhausted (tried to allocate 524288   
  bytes)                                                                       
                                                                               


In api.php line 2935:
                                                                               
  Allowed memory size of 536870912 bytes exhausted (tried to allocate 524288   
  bytes)                                                                       
                                                                               


In api.php line 2935:
                                                                               
  Allowed memory size of 536870912 bytes exhausted (tried to allocate 524288   
  bytes)                                                                       
                                                                               


In api.php line 2935:
                                                                               
  Allowed memory size of 536870912 bytes exhausted (tried to allocate 524288   
  bytes)                                                                       
                                                                               


In api.php line 2935:
                                                                               
  Allowed memory size of 536870912 bytes exhausted (tried to allocate 524288   
  bytes)                                                                       
                                                                               


In api.php line 2935:
                                                                               
  Allowed memory size of 536870912 bytes exhausted (tried to allocate 524288   
  bytes)                                                                       
                                                                               


In api.php line 2935:
                                                                               
  Allowed memory size of 536870912 bytes exhausted (tried to allocate 524288   
  bytes)                                                                       
                                                                               


In api.php line 2935:
                                                                               
  Allowed memory size of 536870912 bytes exhausted (tried to allocate 524288   
  bytes)                                                                       
                                                                               


In api.php line 2935:
                                                                               
  Allowed memory size of 536870912 bytes exhausted (tried to allocate 524288   
  bytes)                                                                       
                                                                               


In api.php line 2935:
                                                                               
  Allowed memory size of 536870912 bytes exhausted (tried to allocate 524288   
  bytes)                                                                       
                                                                               


In api.php line 2935:
                                                                               
  Allowed memory size of 536870912 bytes exhausted (tried to allocate 524288   
  bytes)                                                                       
                                                                               


In api.php line 2935:
                                                                               
  Allowed memory size of 536870912 bytes exhausted (tried to allocate 524288   
  bytes)                                                                       
                                                                               


In api.php line 2935:
                                                                               
  Allowed memory size of 536870912 bytes exhausted (tried to allocate 524288   
  bytes)                                                                       
                                                                               


In api.php line 2935:
                                                                               
  Allowed memory size of 536870912 bytes exhausted (tried to allocate 524288   
  bytes)                                                                       
                                                                               


In api.php line 2935:
                                                                               
  Allowed memory size of 536870912 bytes exhausted (tried to allocate 524288   
  bytes)                                                                       
                                                                               


In api.php line 2935:
                                                                               
  Allowed memory size of 536870912 bytes exhausted (tried to allocate 524288   
  bytes)                                                                       
                                                                               


In api.php line 2935:
                                                                               
  Allowed memory size of 536870912 bytes exhausted (tried to allocate 524288   
  bytes)                                                                       
                                                                               


In api.php line 2935:
                                                                               
  Allowed memory size of 536870912 bytes exhausted (tried to allocate 524288   
  bytes)                                                                       
                                                                               


In api.php line 2935:
                                                                               
  Allowed memory size of 536870912 bytes exhausted (tried to allocate 524288   
  bytes)                                                                       
                                                                               


In api.php line 2935:
                                                                               
  Allowed memory size of 536870912 bytes exhausted (tried to allocate 524288   
  bytes)                                                                       
                                                                               


In api.php line 2935:
                                                                               
  Allowed memory size of 536870912 bytes exhausted (tried to allocate 524288   
  bytes)                                                                       
                                                                               


In api.php line 2935:
                                                                               
  Allowed memory size of 536870912 bytes exhausted (tried to allocate 524288   
  bytes)                                                                       
                                                                               


In api.php line 2935:
                                                                               
  Allowed memory size of 536870912 bytes exhausted (tried to allocate 524288   
  bytes)                                                                       
                                                                               


In api.php line 2935:
                                                                               
  Allowed memory size of 536870912 bytes exhausted (tried to allocate 524288   
  bytes)                                                                       
                                                                               


In api.php line 2935:
                                                                               
  Allowed memory size of 536870912 bytes exhausted (tried to allocate 524288   
  bytes)                                                                       
                                                                               


In api.php line 2935:
                                                                               
  Allowed memory size of 536870912 bytes exhausted (tried to allocate 524288   
  bytes)                                                                       
                                                                               


In api.php line 2935:
                                                                               
  Allowed memory size of 536870912 bytes exhausted (tried to allocate 524288   
  bytes)                                                                       
                                                                               


In api.php line 2935:
                                                                               
  Allowed memory size of 536870912 bytes exhausted (tried to allocate 524288   
  bytes)                                                                       
                                                                               


In api.php line 2935:
                                                                               
  Allowed memory size of 536870912 bytes exhausted (tried to allocate 524288   
  bytes)                                                                       
                                                                               


In api.php line 2935:
                                                                               
  Allowed memory size of 536870912 bytes exhausted (tried to allocate 524288   
  bytes)                                                                       
                                                                               


In api.php line 2935:
                                                                               
  Allowed memory size of 536870912 bytes exhausted (tried to allocate 524288   
  bytes)                                                                       
                                                                               


In api.php line 2935:
                                                                               
  Allowed memory size of 536870912 bytes exhausted (tried to allocate 524288   
  bytes)                                                                       
                                                                               


In api.php line 2935:
                                                                               
  Allowed memory size of 536870912 bytes exhausted (tried to allocate 524288   
  bytes)                                                                       
                                                                               


In api.php line 2935:
                                                                               
  Allowed memory size of 536870912 bytes exhausted (tried to allocate 524288   
  bytes)                                                                       
                                                                               


In api.php line 2935:
                                                                               
  Allowed memory size of 536870912 bytes exhausted (tried to allocate 524288   
  bytes)                                                                       
                                                                               


In api.php line 2935:
                                                                               
  Allowed memory size of 536870912 bytes exhausted (tried to allocate 524288   
  bytes)                                                                       
                                                                               


In api.php line 2935:
                                                                               
  Allowed memory size of 536870912 bytes exhausted (tried to allocate 524288   
  bytes)                                                                       
                                                                               


In api.php line 2935:
                                                                               
  Allowed memory size of 536870912 bytes exhausted (tried to allocate 524288   
  bytes)                                                                       
                                                                               


In api.php line 2935:
                                                                               
  Allowed memory size of 536870912 bytes exhausted (tried to allocate 524288   
  bytes)                                                                       
                                                                               


In api.php line 2935:
                                                                               
  Allowed memory size of 536870912 bytes exhausted (tried to allocate 524288   
  bytes)                                                                       
                                                                               


In api.php line 2935:
                                                                               
  Allowed memory size of 536870912 bytes exhausted (tried to allocate 524288   
  bytes)                                                                       
                                                                               


In api.php line 2935:
                                                                               
  Allowed memory size of 536870912 bytes exhausted (tried to allocate 524288   
  bytes)                                                                       
                                                                               


In api.php line 2935:
                                                                               
  Allowed memory size of 536870912 bytes exhausted (tried to allocate 524288   
  bytes)                                                                       
                                                                               


In api.php line 2935:
                                                                               
  Allowed memory size of 536870912 bytes exhausted (tried to allocate 524288   
  bytes)                                                                       
                                                                               


In api.php line 2935:
                                                                               
  Allowed memory size of 536870912 bytes exhausted (tried to allocate 524288   
  bytes)                                                                       
                                                                               


In api.php line 2935:
                                                                               
  Allowed memory size of 536870912 bytes exhausted (tried to allocate 524288   
  bytes)                                                                       
                                                                               


In api.php line 2935:
                                                                               
  Allowed memory size of 536870912 bytes exhausted (tried to allocate 524288   
  bytes)                                                                       
                                                                               


In api.php line 2935:
                                                                               
  Allowed memory size of 536870912 bytes exhausted (tried to allocate 524288   
  bytes)                                                                       
                                                                               


In api.php line 2935:
                                                                               
  Allowed memory size of 536870912 bytes exhausted (tried to allocate 524288   
  bytes)                                                                       
                                                                               


In api.php line 2935:
                                                                               
  Allowed memory size of 536870912 bytes exhausted (tried to allocate 524288   
  bytes)                                                                       
                                                                               


In api.php line 2935:
                                                                               
  Allowed memory size of 536870912 bytes exhausted (tried to allocate 524288   
  bytes)                                                                       
                                                                               


In api.php line 2935:
                                                                               
  Allowed memory size of 536870912 bytes exhausted (tried to allocate 524288   
  bytes)                                                                       
                                                                               


In api.php line 2935:
                                                                               
  Allowed memory size of 536870912 bytes exhausted (tried to allocate 524288   
  bytes)                                                                       
                                                                               


In api.php line 2935:
                                                                               
  Allowed memory size of 536870912 bytes exhausted (tried to allocate 524288   
  bytes)                                                                       
                                                                               


In api.php line 2935:
                                                                               
  Allowed memory size of 536870912 bytes exhausted (tried to allocate 524288   
  bytes)                                                                       
                                                                               


In api.php line 2935:
                                                                               
  Allowed memory size of 536870912 bytes exhausted (tried to allocate 524288   
  bytes)                                                                       
                                                                               


In api.php line 2935:
                                                                               
  Allowed memory size of 536870912 bytes exhausted (tried to allocate 524288   
  bytes)                                                                       
                                                                               


In api.php line 2935:
                                                                               
  Allowed memory size of 536870912 bytes exhausted (tried to allocate 524288   
  bytes)                                                                       
                                                                               


In api.php line 2935:
                                                                               
  Allowed memory size of 536870912 bytes exhausted (tried to allocate 524288   
  bytes)                                                                       
                                                                               


In api.php line 2935:
                                                                               
  Allowed memory size of 536870912 bytes exhausted (tried to allocate 524288   
  bytes)                                                                       
                                                                               


In api.php line 2935:
                                                                               
  Allowed memory size of 536870912 bytes exhausted (tried to allocate 524288   
  bytes)                                                                       
                                                                               


In api.php line 2935:
                                                                               
  Allowed memory size of 536870912 bytes exhausted (tried to allocate 524288   
  bytes)                                                                       
                                                                               


In api.php line 2935:
                                                                               
  Allowed memory size of 536870912 bytes exhausted (tried to allocate 524288   
  bytes)                                                                       
                                                                               


In api.php line 2935:
                                                                               
  Allowed memory size of 536870912 bytes exhausted (tried to allocate 524288   
  bytes)                                                                       
                                                                               


In api.php line 2935:
                                                                               
  Allowed memory size of 536870912 bytes exhausted (tried to allocate 524288   
  bytes)                                                                       
                                                                               


In api.php line 2935:
                                                                               
  Allowed memory size of 536870912 bytes exhausted (tried to allocate 524288   
  bytes)                                                                       
                                                                               


In api.php line 2935:
                                                                               
  Allowed memory size of 536870912 bytes exhausted (tried to allocate 524288   
  bytes)                                                                       
                                                                               


In api.php line 2935:
                                                                               
  Allowed memory size of 536870912 bytes exhausted (tried to allocate 524288   
  bytes)                                                                       
                                                                               


In api.php line 2935:
                                                                               
  Allowed memory size of 536870912 bytes exhausted (tried to allocate 524288   
  bytes)                                                                       
                                                                               


In api.php line 2935:
                                                                               
  Allowed memory size of 536870912 bytes exhausted (tried to allocate 524288   
  bytes)                                                                       
                                                                               


In api.php line 2935:
                                                                               
  Allowed memory size of 536870912 bytes exhausted (tried to allocate 524288   
  bytes)                                                                       
                                                                               


In api.php line 2935:
                                                                               
  Allowed memory size of 536870912 bytes exhausted (tried to allocate 524288   
  bytes)                                                                       
                                                                               


In api.php line 2935:
                                                                               
  Allowed memory size of 536870912 bytes exhausted (tried to allocate 524288   
  bytes)                                                                       
                                                                               


In api.php line 2935:
                                                                               
  Allowed memory size of 536870912 bytes exhausted (tried to allocate 524288   
  bytes)                                                                       
                                                                               


In api.php line 2935:
                                                                               
  Allowed memory size of 536870912 bytes exhausted (tried to allocate 524288   
  bytes)                                                                       
                                                                               


In api.php line 2935:
                                                                               
  Allowed memory size of 536870912 bytes exhausted (tried to allocate 524288   
  bytes)                                                                       
                                                                               


In api.php line 2935:
                                                                               
  Allowed memory size of 536870912 bytes exhausted (tried to allocate 524288   
  bytes)                                                                       
                                                                               


In api.php line 2935:
                                                                               
  Allowed memory size of 536870912 bytes exhausted (tried to allocate 524288   
  bytes)                                                                       
                                                                               


In api.php line 2935:
                                                                               
  Allowed memory size of 536870912 bytes exhausted (tried to allocate 524288   
  bytes)                                                                       
                                                                               


In api.php line 2935:
                                                                               
  Allowed memory size of 536870912 bytes exhausted (tried to allocate 524288   
  bytes)                                                                       
                                                                               


In api.php line 2935:
                                                                               
  Allowed memory size of 536870912 bytes exhausted (tried to allocate 524288   
  bytes)                                                                       
                                                                               


In api.php line 2935:
                                                                               
  Allowed memory size of 536870912 bytes exhausted (tried to allocate 524288   
  bytes)                                                                       
                                                                               


In api.php line 2935:
                                                                               
  Allowed memory size of 536870912 bytes exhausted (tried to allocate 524288   
  bytes)                                                                       
                                                                               


In api.php line 2935:
                                                                               
  Allowed memory size of 536870912 bytes exhausted (tried to allocate 524288   
  bytes)                                                                       
                                                                               


In api.php line 2935:
                                                                               
  Allowed memory size of 536870912 bytes exhausted (tried to allocate 524288   
  bytes)                                                                       
                                                                               


In api.php line 2935:
                                                                               
  Allowed memory size of 536870912 bytes exhausted (tried to allocate 524288   
  bytes)                                                                       
                                                                               


In api.php line 2935:
                                                                               
  Allowed memory size of 536870912 bytes exhausted (tried to allocate 524288   
  bytes)                                                                       
                                                                               


In api.php line 2935:
                                                                               
  Allowed memory size of 536870912 bytes exhausted (tried to allocate 524288   
  bytes)                                                                       
                                                                               


In api.php line 2935:
                                                                               
  Allowed memory size of 536870912 bytes exhausted (tried to allocate 524288   
  bytes)                                                                       
                                                                               


In api.php line 2935:
                                                                               
  Allowed memory size of 536870912 bytes exhausted (tried to allocate 524288   
  bytes)                                                                       
                                                                               


In api.php line 2935:
                                                                               
  Allowed memory size of 536870912 bytes exhausted (tried to allocate 524288   
  bytes)                                                                       
                                                                               


In api.php line 2935:
                                                                               
  Allowed memory size of 536870912 bytes exhausted (tried to allocate 524288   
  bytes)                                                                       
                                                                               


In api.php line 2935:
                                                                               
  Allowed memory size of 536870912 bytes exhausted (tried to allocate 524288   
  bytes)                                                                       
                                                                               


In api.php line 2935:
                                                                               
  Allowed memory size of 536870912 bytes exhausted (tried to allocate 524288   
  bytes)                                                                       
                                                                               


In api.php line 2935:
                                                                               
  Allowed memory size of 536870912 bytes exhausted (tried to allocate 524288   
  bytes)                                                                       
                                                                               


In api.php line 2935:
                                                                               
  Allowed memory size of 536870912 bytes exhausted (tried to allocate 524288   
  bytes)                                                                       
                                                                               


In api.php line 2935:
                                                                               
  Allowed memory size of 536870912 bytes exhausted (tried to allocate 524288   
  bytes)                                                                       
                                                                               


In api.php line 2935:
                                                                               
  Allowed memory size of 536870912 bytes exhausted (tried to allocate 524288   
  bytes)                                                                       
                                                                               


In api.php line 2935:
                                                                               
  Allowed memory size of 536870912 bytes exhausted (tried to allocate 524288   
  bytes)                                                                       
                                                                               


In api.php line 2935:
                                                                               
  Allowed memory size of 536870912 bytes exhausted (tried to allocate 524288   
  bytes)                                                                       
                                                                               


In api.php line 2935:
                                                                               
  Allowed memory size of 536870912 bytes exhausted (tried to allocate 524288   
  bytes)                                                                       
                                                                               


In api.php line 2935:
                                                                               
  Allowed memory size of 536870912 bytes exhausted (tried to allocate 524288   
  bytes)                                                                       
                                                                               


In api.php line 2935:
                                                                               
  Allowed memory size of 536870912 bytes exhausted (tried to allocate 524288   
  bytes)                                                                       
                                                                               


In api.php line 2935:
                                                                               
  Allowed memory size of 536870912 bytes exhausted (tried to allocate 524288   
  bytes)                                                                       
                                                                               


In api.php line 2935:
                                                                               
  Allowed memory size of 536870912 bytes exhausted (tried to allocate 524288   
  bytes)                                                                       
                                                                               


In api.php line 2935:
                                                                               
  Allowed memory size of 536870912 bytes exhausted (tried to allocate 524288   
  bytes)                                                                       
                                                                               


In api.php line 2935:
                                                                               
  Allowed memory size of 536870912 bytes exhausted (tried to allocate 524288   
  bytes)                                                                       
                                                                               


In api.php line 2935:
                                                                               
  Allowed memory size of 536870912 bytes exhausted (tried to allocate 524288   
  bytes)                                                                       
                                                                               


In api.php line 2935:
                                                                               
  Allowed memory size of 536870912 bytes exhausted (tried to allocate 524288   
  bytes)                                                                       
                                                                               


In api.php line 2935:
                                                                               
  Allowed memory size of 536870912 bytes exhausted (tried to allocate 524288   
  bytes)                                                                       
                                                                               


In api.php line 2935:
                                                                               
  Allowed memory size of 536870912 bytes exhausted (tried to allocate 524288   
  bytes)                                                                       
                                                                               


In api.php line 2935:
                                                                               
  Allowed memory size of 536870912 bytes exhausted (tried to allocate 524288   
  bytes)                                                                       
                                                                               


In api.php line 2935:
                                                                               
  Allowed memory size of 536870912 bytes exhausted (tried to allocate 524288   
  bytes)                                                                       
                                                                               


In api.php line 2935:
                                                                               
  Allowed memory size of 536870912 bytes exhausted (tried to allocate 524288   
  bytes)                                                                       
                                                                               


In api.php line 2935:
                                                                               
  Allowed memory size of 536870912 bytes exhausted (tried to allocate 524288   
  bytes)                                                                       
                                                                               


In api.php line 2935:
                                                                               
  Allowed memory size of 536870912 bytes exhausted (tried to allocate 524288   
  bytes)                                                                       
                                                                               


In api.php line 2935:
                                                                               
  Allowed memory size of 536870912 bytes exhausted (tried to allocate 524288   
  bytes)                                                                       
                                                                               


In api.php line 2935:
                                                                               
  Allowed memory size of 536870912 bytes exhausted (tried to allocate 524288   
  bytes)                                                                       
                                                                               


In api.php line 2935:
                                                                               
  Allowed memory size of 536870912 bytes exhausted (tried to allocate 524288   
  bytes)                                                                       
                                                                               


In api.php line 2935:
                                                                               
  Allowed memory size of 536870912 bytes exhausted (tried to allocate 524288   
  bytes)                                                                       
                                                                               


In api.php line 2935:
                                                                               
  Allowed memory size of 536870912 bytes exhausted (tried to allocate 524288   
  bytes)                                                                       
                                                                               


In api.php line 2935:
                                                                               
  Allowed memory size of 536870912 bytes exhausted (tried to allocate 524288   
  bytes)                                                                       
                                                                               


In api.php line 2935:
                                                                               
  Allowed memory size of 536870912 bytes exhausted (tried to allocate 524288   
  bytes)                                                                       
                                                                               


In api.php line 2935:
                                                                               
  Allowed memory size of 536870912 bytes exhausted (tried to allocate 524288   
  bytes)                                                                       
                                                                               


In api.php line 2935:
                                                                               
  Allowed memory size of 536870912 bytes exhausted (tried to allocate 524288   
  bytes)                                                                       
                                                                               


In api.php line 2935:
                                                                               
  Allowed memory size of 536870912 bytes exhausted (tried to allocate 524288   
  bytes)                                                                       
                                                                               


In api.php line 2935:
                                                                               
  Allowed memory size of 536870912 bytes exhausted (tried to allocate 524288   
  bytes)                                                                       
                                                                               


In api.php line 2935:
                                                                               
  Allowed memory size of 536870912 bytes exhausted (tried to allocate 524288   
  bytes)                                                                       
                                                                               


In api.php line 2935:
                                                                               
  Allowed memory size of 536870912 bytes exhausted (tried to allocate 524288   
  bytes)                                                                       
                                                                               


In api.php line 2935:
                                                                               
  Allowed memory size of 536870912 bytes exhausted (tried to allocate 524288   
  bytes)                                                                       
                                                                               


In api.php line 2935:
                                                                               
  Allowed memory size of 536870912 bytes exhausted (tried to allocate 524288   
  bytes)                                                                       
                                                                               


In api.php line 2935:
                                                                               
  Allowed memory size of 536870912 bytes exhausted (tried to allocate 524288   
  bytes)                                                                       
                                                                               


In api.php line 2935:
                                                                               
  Allowed memory size of 536870912 bytes exhausted (tried to allocate 524288   
  bytes)                                                                       
                                                                               


In api.php line 2935:
                                                                               
  Allowed memory size of 536870912 bytes exhausted (tried to allocate 524288   
  bytes)                                                                       
                                                                               


In api.php line 2935:
                                                                               
  Allowed memory size of 536870912 bytes exhausted (tried to allocate 524288   
  bytes)                                                                       
                                                                               


In api.php line 2935:
                                                                               
  Allowed memory size of 536870912 bytes exhausted (tried to allocate 524288   
  bytes)                                                                       
                                                                               


In api.php line 2935:
                                                                               
  Allowed memory size of 536870912 bytes exhausted (tried to allocate 524288   
  bytes)                                                                       
                                                                               


In api.php line 2935:
                                                                               
  Allowed memory size of 536870912 bytes exhausted (tried to allocate 524288   
  bytes)                                                                       
                                                                               


In api.php line 2935:
                                                                               
  Allowed memory size of 536870912 bytes exhausted (tried to allocate 524288   
  bytes)                                                                       
                                                                               


In api.php line 2935:
                                                                               
  Allowed memory size of 536870912 bytes exhausted (tried to allocate 524288   
  bytes)                                                                       
                                                                               


In api.php line 2935:
                                                                               
  Allowed memory size of 536870912 bytes exhausted (tried to allocate 524288   
  bytes)                                                                       
                                                                               


In api.php line 2935:
                                                                               
  Allowed memory size of 536870912 bytes exhausted (tried to allocate 524288   
  bytes)                                                                       
                                                                               


In api.php line 2935:
                                                                               
  Allowed memory size of 536870912 bytes exhausted (tried to allocate 524288   
  bytes)                                                                       
                                                                               


In api.php line 2935:
                                                                               
  Allowed memory size of 536870912 bytes exhausted (tried to allocate 524288   
  bytes)                                                                       
                                                                               


In api.php line 2935:
                                                                               
  Allowed memory size of 536870912 bytes exhausted (tried to allocate 524288   
  bytes)                                                                       
                                                                               


In api.php line 2935:
                                                                               
  Allowed memory size of 536870912 bytes exhausted (tried to allocate 524288   
  bytes)                                                                       
                                                                               


In api.php line 2935:
                                                                               
  Allowed memory size of 536870912 bytes exhausted (tried to allocate 524288   
  bytes)                                                                       
                                                                               


In api.php line 2935:
                                                                               
  Allowed memory size of 536870912 bytes exhausted (tried to allocate 524288   
  bytes)                                                                       
                                                                               


In api.php line 2935:
                                                                               
  Allowed memory size of 536870912 bytes exhausted (tried to allocate 524288   
  bytes)                                                                       
                                                                               


In api.php line 2935:
                                                                               
  Allowed memory size of 536870912 bytes exhausted (tried to allocate 524288   
  bytes)                                                                       
                                                                               


In api.php line 2935:
                                                                               
  Allowed memory size of 536870912 bytes exhausted (tried to allocate 524288   
  bytes)                                                                       
                                                                               


In api.php line 2935:
                                                                               
  Allowed memory size of 536870912 bytes exhausted (tried to allocate 524288   
  bytes)                                                                       
                                                                               


In api.php line 2935:
                                                                               
  Allowed memory size of 536870912 bytes exhausted (tried to allocate 524288   
  bytes)                                                                       
                                                                               


In api.php line 2935:
                                                                               
  Allowed memory size of 536870912 bytes exhausted (tried to allocate 524288   
  bytes)                                                                       
                                                                               


In api.php line 2935:
                                                                               
  Allowed memory size of 536870912 bytes exhausted (tried to allocate 524288   
  bytes)                                                                       
                                                                               


In api.php line 2935:
                                                                               
  Allowed memory size of 536870912 bytes exhausted (tried to allocate 524288   
  bytes)                                                                       
                                                                               


In api.php line 2935:
                                                                               
  Allowed memory size of 536870912 bytes exhausted (tried to allocate 524288   
  bytes)                                                                       
                                                                               


In api.php line 2935:
                                                                               
  Allowed memory size of 536870912 bytes exhausted (tried to allocate 524288   
  bytes)                                                                       
                                                                               


In api.php line 2935:
                                                                               
  Allowed memory size of 536870912 bytes exhausted (tried to allocate 524288   
  bytes)                                                                       
                                                                               


In api.php line 2935:
                                                                               
  Allowed memory size of 536870912 bytes exhausted (tried to allocate 524288   
  bytes)                                                                       
                                                                               


In api.php line 2935:
                                                                               
  Allowed memory size of 536870912 bytes exhausted (tried to allocate 524288   
  bytes)                                                                       
                                                                               


In api.php line 2935:
                                                                               
  Allowed memory size of 536870912 bytes exhausted (tried to allocate 524288   
  bytes)                                                                       
                                                                               


In api.php line 2935:
                                                                               
  Allowed memory size of 536870912 bytes exhausted (tried to allocate 524288   
  bytes)                                                                       
                                                                               


In api.php line 2935:
                                                                               
  Allowed memory size of 536870912 bytes exhausted (tried to allocate 524288   
  bytes)                                                                       
                                                                               


In api.php line 2935:
                                                                               
  Allowed memory size of 536870912 bytes exhausted (tried to allocate 524288   
  bytes)                                                                       
                                                                               


In api.php line 2935:
                                                                               
  Allowed memory size of 536870912 bytes exhausted (tried to allocate 524288   
  bytes)                                                                       
                                                                               


In api.php line 2935:
                                                                               
  Allowed memory size of 536870912 bytes exhausted (tried to allocate 524288   
  bytes)                                                                       
                                                                               


In api.php line 2935:
                                                                               
  Allowed memory size of 536870912 bytes exhausted (tried to allocate 524288   
  bytes)                                                                       
                                                                               


In api.php line 2935:
                                                                               
  Allowed memory size of 536870912 bytes exhausted (tried to allocate 524288   
  bytes)                                                                       
                                                                               


In api.php line 2935:
                                                                               
  Allowed memory size of 536870912 bytes exhausted (tried to allocate 524288   
  bytes)                                                                       
                                                                               


In api.php line 2935:
                                                                               
  Allowed memory size of 536870912 bytes exhausted (tried to allocate 524288   
  bytes)                                                                       
                                                                               


In api.php line 2935:
                                                                               
  Allowed memory size of 536870912 bytes exhausted (tried to allocate 524288   
  bytes)                                                                       
                                                                               


In api.php line 2935:
                                                                               
  Allowed memory size of 536870912 bytes exhausted (tried to allocate 524288   
  bytes)                                                                       
                                                                               


In api.php line 2935:
                                                                               
  Allowed memory size of 536870912 bytes exhausted (tried to allocate 524288   
  bytes)                                                                       
                                                                               


In api.php line 2935:
                                                                               
  Allowed memory size of 536870912 bytes exhausted (tried to allocate 524288   
  bytes)                                                                       
                                                                               


In api.php line 2935:
                                                                               
  Allowed memory size of 536870912 bytes exhausted (tried to allocate 524288   
  bytes)                                                                       
                                                                               


In api.php line 2935:
                                                                               
  Allowed memory size of 536870912 bytes exhausted (tried to allocate 524288   
  bytes)                                                                       
                                                                               


In api.php line 2935:
                                                                               
  Allowed memory size of 536870912 bytes exhausted (tried to allocate 524288   
  bytes)                                                                       
                                                                               


In api.php line 2935:
                                                                               
  Allowed memory size of 536870912 bytes exhausted (tried to allocate 524288   
  bytes)                                                                       
                                                                               


In api.php line 2935:
                                                                               
  Allowed memory size of 536870912 bytes exhausted (tried to allocate 524288   
  bytes)                                                                       
                                                                               


In api.php line 2935:
                                                                               
  Allowed memory size of 536870912 bytes exhausted (tried to allocate 524288   
  bytes)                                                                       
                                                                               


In api.php line 2935:
                                                                               
  Allowed memory size of 536870912 bytes exhausted (tried to allocate 524288   
  bytes)                                                                       
                                                                               


In api.php line 2935:
                                                                               
  Allowed memory size of 536870912 bytes exhausted (tried to allocate 524288   
  bytes)                                                                       
                                                                               


In api.php line 2935:
                                                                               
  Allowed memory size of 536870912 bytes exhausted (tried to allocate 524288   
  bytes)                                                                       
                                                                               


In api.php line 2935:
                                                                               
  Allowed memory size of 536870912 bytes exhausted (tried to allocate 524288   
  bytes)                                                                       
                                                                               


In api.php line 2935:
                                                                               
  Allowed memory size of 536870912 bytes exhausted (tried to allocate 524288   
  bytes)                                                                       
                                                                               


In api.php line 2935:
                                                                               
  Allowed memory size of 536870912 bytes exhausted (tried to allocate 524288   
  bytes)                                                                       
                                                                               


In api.php line 2935:
                                                                               
  Allowed memory size of 536870912 bytes exhausted (tried to allocate 524288   
  bytes)                                                                       
                                                                               


In api.php line 2935:
                                                                               
  Allowed memory size of 536870912 bytes exhausted (tried to allocate 524288   
  bytes)                                                                       
                                                                               


In api.php line 2935:
                                                                               
  Allowed memory size of 536870912 bytes exhausted (tried to allocate 524288   
  bytes)                                                                       
                                                                               


In api.php line 2935:
                                                                               
  Allowed memory size of 536870912 bytes exhausted (tried to allocate 524288   
  bytes)                                                                       
                                                                               


In api.php line 2935:
                                                                               
  Allowed memory size of 536870912 bytes exhausted (tried to allocate 524288   
  bytes)                                                                       
                                                                               


In api.php line 2935:
                                                                               
  Allowed memory size of 536870912 bytes exhausted (tried to allocate 524288   
  bytes)                                                                       
                                                                               


In api.php line 2935:
                                                                               
  Allowed memory size of 536870912 bytes exhausted (tried to allocate 524288   
  bytes)                                                                       
                                                                               


In api.php line 2935:
                                                                               
  Allowed memory size of 536870912 bytes exhausted (tried to allocate 524288   
  bytes)                                                                       
                                                                               


In api.php line 2935:
                                                                               
  Allowed memory size of 536870912 bytes exhausted (tried to allocate 524288   
  bytes)                                                                       
                                                                               


In api.php line 2935:
                                                                               
  Allowed memory size of 536870912 bytes exhausted (tried to allocate 524288   
  bytes)                                                                       
                                                                               


In api.php line 2935:
                                                                               
  Allowed memory size of 536870912 bytes exhausted (tried to allocate 524288   
  bytes)                                                                       
                                                                               


In api.php line 2935:
                                                                               
  Allowed memory size of 536870912 bytes exhausted (tried to allocate 524288   
  bytes)                                                                       
                                                                               


In api.php line 2935:
                                                                               
  Allowed memory size of 536870912 bytes exhausted (tried to allocate 524288   
  bytes)                                                                       
                                                                               

